Archive member included to satisfy reference by file (symbol)

arch/arm/lib/lib.a(ashldi3.o)
                              drivers/mmc/built-in.o (__aeabi_llsl)
arch/arm/lib/lib.a(lib1funcs.o)
                              arch/arm/mach-omap2/built-in.o (__aeabi_uidiv)
arch/arm/lib/lib.a(lshrdi3.o)
                              fs/built-in.o (__aeabi_llsr)
arch/arm/lib/lib.a(div0.o)    arch/arm/lib/lib.a(lib1funcs.o) (__div0)

Discarded input sections

 .data          0x00000000        0x0 arch/arm/cpu/armv7/start.o
 .bss           0x00000000        0x0 arch/arm/cpu/armv7/start.o
 .text          0x00000000        0x0 board/ti/am335x/built-in.o
 .text.do_board_detect
                0x00000000       0x30 board/ti/am335x/built-in.o
 .data          0x00000000        0x0 board/ti/am335x/built-in.o
 .bss           0x00000000        0x0 board/ti/am335x/built-in.o
 .text.mmu_page_table_flush
                0x00000000       0x1e arch/arm/cpu/armv7/built-in.o
 .text.v7_arch_cp15_set_l2aux_ctrl
                0x00000000        0x6 arch/arm/cpu/armv7/built-in.o
 .text.v7_arch_cp15_set_acr
                0x00000000        0x6 arch/arm/cpu/armv7/built-in.o
 .text.sdelay   0x00000000        0x6 arch/arm/cpu/armv7/built-in.o
 .text.wait_on_value
                0x00000000       0x1e arch/arm/cpu/armv7/built-in.o
 .data          0x00000000        0x0 arch/arm/cpu/armv7/built-in.o
 .bss           0x00000000        0x0 arch/arm/cpu/armv7/built-in.o
 .text.armv7_boot_nonsec_default
                0x00000000        0x4 arch/arm/lib/built-in.o
 .text.enable_caches
                0x00000000        0xc arch/arm/lib/built-in.o
 .text.invalidate_dcache_range
                0x00000000        0x2 arch/arm/lib/built-in.o
 .text.flush_dcache_range
                0x00000000        0x2 arch/arm/lib/built-in.o
 .text.flush_dcache_all
                0x00000000        0xa arch/arm/lib/built-in.o
 .text.invalidate_l2_cache
                0x00000000        0xc arch/arm/lib/built-in.o
 .text.arm_init_before_mmu
                0x00000000        0x2 arch/arm/lib/built-in.o
 .text.arm_init_domains
                0x00000000        0x2 arch/arm/lib/built-in.o
 .text.mmu_page_table_flush
                0x00000000        0x2 arch/arm/lib/built-in.o
 .text.mmu_set_region_dcache_behaviour
                0x00000000       0x48 arch/arm/lib/built-in.o
 .text.dram_bank_mmu_setup
                0x00000000       0x2a arch/arm/lib/built-in.o
 .text.icache_status
                0x00000000        0xa arch/arm/lib/built-in.o
 .text.fdt_psci
                0x00000000        0x4 arch/arm/lib/built-in.o
 .data          0x00000000        0x0 arch/arm/lib/built-in.o
 .__secure_end  0x00000000        0x0 arch/arm/lib/built-in.o
 .__secure_stack_start
                0x00000000        0x0 arch/arm/lib/built-in.o
 .__secure_stack_end
                0x00000000        0x0 arch/arm/lib/built-in.o
 .__secure_start
                0x00000000        0x0 arch/arm/lib/built-in.o
 .bss           0x00000000        0x0 arch/arm/lib/built-in.o
 .text.get_dpll_mpu_params
                0x00000000        0x8 arch/arm/mach-omap2/built-in.o
 .text.get_dpll_core_params
                0x00000000       0x14 arch/arm/mach-omap2/built-in.o
 .text.get_dpll_per_params
                0x00000000       0x14 arch/arm/mach-omap2/built-in.o
 .text.setup_clocks_for_console
                0x00000000       0x80 arch/arm/mach-omap2/built-in.o
 .text.enable_basic_clocks
                0x00000000       0x44 arch/arm/mach-omap2/built-in.o
 .text.set_mpu_spreadspectrum
                0x00000000       0xbc arch/arm/mach-omap2/built-in.o
 .text.do_setup_dpll
                0x00000000       0xe0 arch/arm/mach-omap2/built-in.o
 .text.do_enable_clocks
                0x00000000       0x60 arch/arm/mach-omap2/built-in.o
 .text.do_disable_clocks
                0x00000000       0x68 arch/arm/mach-omap2/built-in.o
 .text.scale_vcores
                0x00000000        0x2 arch/arm/mach-omap2/built-in.o
 .text.setup_early_clocks
                0x00000000       0x12 arch/arm/mach-omap2/built-in.o
 .text.prcm_init
                0x00000000       0x5c arch/arm/mach-omap2/built-in.o
 .text.rtc_only_prcm_init
                0x00000000       0x1c arch/arm/mach-omap2/built-in.o
 .text.get_sysboot_value
                0x00000000       0x14 arch/arm/mach-omap2/built-in.o
 .text.get_sys_clk_index
                0x00000000       0x14 arch/arm/mach-omap2/built-in.o
 .text.am335x_get_efuse_mpu_max_freq
                0x00000000       0x76 arch/arm/mach-omap2/built-in.o
 .text.am335x_get_tps65910_mpu_vdd
                0x00000000       0x36 arch/arm/mach-omap2/built-in.o
 .text.configure_mr
                0x00000000       0xb8 arch/arm/mach-omap2/built-in.o
 .text.config_sdram_emif4d5
                0x00000000      0x1d4 arch/arm/mach-omap2/built-in.o
 .text.config_sdram
                0x00000000       0xa0 arch/arm/mach-omap2/built-in.o
 .text.set_sdram_timings
                0x00000000       0x5c arch/arm/mach-omap2/built-in.o
 .text.config_ddr_phy
                0x00000000      0x294 arch/arm/mach-omap2/built-in.o
 .text.config_cmd_ctrl
                0x00000000       0x60 arch/arm/mach-omap2/built-in.o
 .text.config_ddr_data
                0x00000000       0x64 arch/arm/mach-omap2/built-in.o
 .text.config_io_ctrl
                0x00000000       0x34 arch/arm/mach-omap2/built-in.o
 .text.configure_module_pin_mux
                0x00000000       0x1c arch/arm/mach-omap2/built-in.o
 .text.ft_cpu_setup
                0x00000000        0x2 arch/arm/mach-omap2/built-in.o
 .text.warm_reset
                0x00000000       0x14 arch/arm/mach-omap2/built-in.o
 .text.setup_warmreset_time
                0x00000000        0x2 arch/arm/mach-omap2/built-in.o
 .text.do_cancel_out
                0x00000000       0x44 arch/arm/mach-omap2/built-in.o
 .text.cancel_out
                0x00000000       0x62 arch/arm/mach-omap2/built-in.o
 .text.omap_die_id
                0x00000000        0xc arch/arm/mach-omap2/built-in.o
 .text.omap_die_id_serial
                0x00000000       0x4c arch/arm/mach-omap2/built-in.o
 .text.omap_die_id_get_board_serial
                0x00000000       0x24 arch/arm/mach-omap2/built-in.o
 .text.omap_die_id_usbethaddr
                0x00000000       0x58 arch/arm/mach-omap2/built-in.o
 .text.omap_die_id_display
                0x00000000       0x2c arch/arm/mach-omap2/built-in.o
 .text.omap_sys_boot_device
                0x00000000        0x4 arch/arm/mach-omap2/built-in.o
 .text.save_omap_boot_params
                0x00000000       0x7c arch/arm/mach-omap2/built-in.o
 .text.enable_gpmc_cs_config
                0x00000000       0x6c arch/arm/mach-omap2/built-in.o
 .text.set_gpmc_cs0
                0x00000000       0x18 arch/arm/mach-omap2/built-in.o
 .text.gpmc_init
                0x00000000       0x54 arch/arm/mach-omap2/built-in.o
 .rodata        0x00000000       0x84 arch/arm/mach-omap2/built-in.o
 .rodata.cmrtc  0x00000000        0x4 arch/arm/mach-omap2/built-in.o
 .rodata.dpll_core_regs
                0x00000000       0x24 arch/arm/mach-omap2/built-in.o
 .rodata.dpll_mpu_opp
                0x00000000      0x180 arch/arm/mach-omap2/built-in.o
 .rodata.dpll_ddr3_400MHz
                0x00000000       0x40 arch/arm/mach-omap2/built-in.o
 .rodata.dpll_per_regs
                0x00000000       0x24 arch/arm/mach-omap2/built-in.o
 .rodata.cmdpll
                0x00000000        0x4 arch/arm/mach-omap2/built-in.o
 .rodata.cmper  0x00000000        0x4 arch/arm/mach-omap2/built-in.o
 .rodata.dpll_core_opp100
                0x00000000       0x10 arch/arm/mach-omap2/built-in.o
 .rodata.dpll_ddr3_303MHz
                0x00000000       0x40 arch/arm/mach-omap2/built-in.o
 .rodata.dpll_mpu_regs
                0x00000000       0x24 arch/arm/mach-omap2/built-in.o
 .rodata.cmwkup
                0x00000000        0x4 arch/arm/mach-omap2/built-in.o
 .rodata.dpll_ddr2_266MHz
                0x00000000       0x40 arch/arm/mach-omap2/built-in.o
 .rodata.dpll_per_192MHz
                0x00000000       0x40 arch/arm/mach-omap2/built-in.o
 .rodata.dpll_ddr_regs
                0x00000000       0x24 arch/arm/mach-omap2/built-in.o
 .rodata.dpll_core_1000MHz
                0x00000000       0x40 arch/arm/mach-omap2/built-in.o
 .rodata.ddr_data_reg
                0x00000000        0x8 arch/arm/mach-omap2/built-in.o
 .rodata.ddr_cmd_reg
                0x00000000        0x8 arch/arm/mach-omap2/built-in.o
 .rodata.emif_reg
                0x00000000        0x8 arch/arm/mach-omap2/built-in.o
 .data          0x00000000        0x0 arch/arm/mach-omap2/built-in.o
 .data.dpll_mpu_opp100
                0x00000000       0x10 arch/arm/mach-omap2/built-in.o
 .data.gpmc_cfg
                0x00000000        0x4 arch/arm/mach-omap2/built-in.o
 .data.gpmc_cs0_flash
                0x00000000        0x1 arch/arm/mach-omap2/built-in.o
 .bss           0x00000000        0x0 arch/arm/mach-omap2/built-in.o
 .text          0x00000000        0x0 board/ti/common/built-in.o
 .text.ti_eeprom_string_cleanup
                0x00000000       0x24 board/ti/common/built-in.o
 .text.ti_i2c_set_alen
                0x00000000        0x4 board/ti/common/built-in.o
 .text.gpi2c_init
                0x00000000        0x2 board/ti/common/built-in.o
 .text.ti_i2c_eeprom_get
                0x00000000       0x94 board/ti/common/built-in.o
 .text.ti_i2c_eeprom_am_set
                0x00000000       0x64 board/ti/common/built-in.o
 .text.ti_i2c_eeprom_am_get
                0x00000000       0xd0 board/ti/common/built-in.o
 .text.ti_i2c_eeprom_dra7_get
                0x00000000       0xc0 board/ti/common/built-in.o
 .text.board_ti_rev_is
                0x00000000       0x38 board/ti/common/built-in.o
 .text.board_ti_get_name
                0x00000000        0x8 board/ti/common/built-in.o
 .text.board_ti_get_eth_mac_addr
                0x00000000       0x34 board/ti/common/built-in.o
 .text.board_ti_get_emif1_size
                0x00000000       0x20 board/ti/common/built-in.o
 .text.board_ti_get_emif2_size
                0x00000000       0x20 board/ti/common/built-in.o
 .text.board_ti_set_ethaddr
                0x00000000      0x144 board/ti/common/built-in.o
 .text.board_ti_was_eeprom_read
                0x00000000       0x18 board/ti/common/built-in.o
 .data          0x00000000        0x0 board/ti/common/built-in.o
 .bss           0x00000000        0x0 board/ti/common/built-in.o
 .text          0x00000000        0x0 cmd/built-in.o
 .text.bootz_setup
                0x00000000       0x14 cmd/built-in.o
 .text.name_to_gpio
                0x00000000        0x8 cmd/built-in.o
 .data          0x00000000        0x0 cmd/built-in.o
 .bss           0x00000000        0x0 cmd/built-in.o
 .text          0x00000000        0x0 common/built-in.o
 .text.hash_progressive_lookup_algo
                0x00000000       0x3c common/built-in.o
 .text.hash_parse_string
                0x00000000       0x3a common/built-in.o
 .text.hash_block
                0x00000000       0x3c common/built-in.o
 .text.unset_local_var
                0x00000000       0x60 common/built-in.o
 .text.arch_cpu_init_dm
                0x00000000        0x4 common/built-in.o
 .text.red_led_off
                0x00000000        0x2 common/built-in.o
 .text.green_led_on
                0x00000000        0x2 common/built-in.o
 .text.green_led_off
                0x00000000        0x2 common/built-in.o
 .text.yellow_led_on
                0x00000000        0x2 common/built-in.o
 .text.yellow_led_off
                0x00000000        0x2 common/built-in.o
 .text.blue_led_on
                0x00000000        0x2 common/built-in.o
 .text.blue_led_off
                0x00000000        0x2 common/built-in.o
 .text.dram_init_banksize
                0x00000000       0x18 common/built-in.o
 .text.arch_reserve_stacks
                0x00000000        0x4 common/built-in.o
 .text.board_flash_wp_on
                0x00000000        0x4 common/built-in.o
 .text.fixup_cpu
                0x00000000        0x4 common/built-in.o
 .text.env_flags_parse_varaccess_from_binflags
                0x00000000       0x30 common/built-in.o
 .text.of_bus_default_map
                0x00000000       0xa6 common/built-in.o
 .text.fdt_read_prop
                0x00000000       0x3e common/built-in.o
 .text.of_bus_default_count_cells
                0x00000000       0x34 common/built-in.o
 .text.of_bus_default_translate
                0x00000000       0x70 common/built-in.o
 .text.fdt_getprop_u32_default_node
                0x00000000       0x26 common/built-in.o
 .text.fdt_getprop_u32_default
                0x00000000       0x24 common/built-in.o
 .text.do_fixup_by_path_u32
                0x00000000       0x1a common/built-in.o
 .text.do_fixup_by_prop
                0x00000000       0x60 common/built-in.o
 .text.do_fixup_by_prop_u32
                0x00000000       0x24 common/built-in.o
 .text.do_fixup_by_compat
                0x00000000       0x4e common/built-in.o
 .text.do_fixup_by_compat_u32
                0x00000000       0x1a common/built-in.o
 .text.fdt_increase_size
                0x00000000        0xc common/built-in.o
 .text.fdt_del_node_and_alias
                0x00000000       0x30 common/built-in.o
 .text.fdt_translate_address
                0x00000000      0x1a0 common/built-in.o
 .text.fdt_node_offset_by_compat_reg
                0x00000000       0x58 common/built-in.o
 .text.fdt_alloc_phandle
                0x00000000       0x36 common/built-in.o
 .text.fdt_set_phandle
                0x00000000       0x40 common/built-in.o
 .text.fdt_create_phandle
                0x00000000       0x40 common/built-in.o
 .text.fdt_set_node_status
                0x00000000       0xa0 common/built-in.o
 .text.fdt_set_status_by_alias
                0x00000000       0x1c common/built-in.o
 .text.fdt_verify_alias_address
                0x00000000       0x88 common/built-in.o
 .text.fdt_get_base_address
                0x00000000       0x38 common/built-in.o
 .text.fdt_read_range
                0x00000000       0xd0 common/built-in.o
 .text.fdt_setup_simplefb_node
                0x00000000      0x160 common/built-in.o
 .text.fdt_fixup_display
                0x00000000       0x88 common/built-in.o
 .text.mdio_free
                0x00000000        0x4 common/built-in.o
 .text.mdio_register_seq
                0x00000000       0x24 common/built-in.o
 .text.mdio_unregister
                0x00000000       0x24 common/built-in.o
 .text.usb_detect_change
                0x00000000       0x44 common/built-in.o
 .text.usb_submit_int_msg
                0x00000000        0x4 common/built-in.o
 .text.usb_set_protocol
                0x00000000       0x2e common/built-in.o
 .text.usb_set_idle
                0x00000000       0x32 common/built-in.o
 .text.usb_get_report
                0x00000000       0x3a common/built-in.o
 .text.usb_get_class_descriptor
                0x00000000       0x3a common/built-in.o
 .text.usb_stor_reset
                0x00000000        0xc common/built-in.o
 .text.splash_screen_prepare
                0x00000000        0x4 common/built-in.o
 .text.menu_default_choice
                0x00000000       0x12 common/built-in.o
 .text.serial_printf
                0x00000000       0x32 common/built-in.o
 .text.fputs    0x00000000       0x14 common/built-in.o
 .text.fprintf  0x00000000       0x36 common/built-in.o
 .text.confirm_yesno
                0x00000000       0x84 common/built-in.o
 .text.stdio_print_current_devices
                0x00000000       0x78 common/built-in.o
 .text.valloc   0x00000000        0xa common/built-in.o
 .text.pvalloc  0x00000000       0x14 common/built-in.o
 .text.cfree    0x00000000        0x4 common/built-in.o
 .text.malloc_usable_size
                0x00000000       0x2a common/built-in.o
 .text.mallopt  0x00000000       0x38 common/built-in.o
 .text.memalign_simple
                0x00000000       0x34 common/built-in.o
 .text.genimg_get_short_name
                0x00000000       0x14 common/built-in.o
 .text.genimg_get_cat_name
                0x00000000       0x38 common/built-in.o
 .text.genimg_get_cat_short_name
                0x00000000       0x38 common/built-in.o
 .text.genimg_get_cat_count
                0x00000000       0x10 common/built-in.o
 .text.genimg_get_cat_desc
                0x00000000       0x10 common/built-in.o
 .text.genimg_get_type_short_name
                0x00000000        0xc common/built-in.o
 .text.genimg_get_comp_short_name
                0x00000000        0xc common/built-in.o
 .text.genimg_get_os_short_name
                0x00000000        0xc common/built-in.o
 .text.genimg_get_arch_short_name
                0x00000000        0xc common/built-in.o
 .text.fit_get_subimage_count
                0x00000000       0x2e common/built-in.o
 .text.fit_set_timestamp
                0x00000000       0x2c common/built-in.o
 .text.fit_conf_find_compat
                0x00000000       0xfc common/built-in.o
 .text.stdio_init
                0x00000000        0xe common/built-in.o
 .text.cli_simple_parse_line
                0x00000000       0x54 common/built-in.o
 .text.cli_simple_run_command
                0x00000000       0xcc common/built-in.o
 .text.cli_simple_loop
                0x00000000       0x54 common/built-in.o
 .text.cli_simple_run_command_list
                0x00000000       0x3a common/built-in.o
 .text.run_command_repeatable
                0x00000000       0x12 common/built-in.o
 .rodata.__FUNCTION__.9210
                0x00000000       0x17 common/built-in.o
 .rodata.unknown_str.8969
                0x00000000        0x9 common/built-in.o
 .rodata.table_info
                0x00000000       0x30 common/built-in.o
 .data          0x00000000        0x0 common/built-in.o
 .data.of_busses
                0x00000000       0x18 common/built-in.o
 .data.mmap_threshold
                0x00000000        0x4 common/built-in.o
 .bss           0x00000000        0x0 common/built-in.o
 .bss.n_mmaps_max
                0x00000000        0x4 common/built-in.o
 .bss.msg.8970  0x00000000       0x1e common/built-in.o
 .bss.save_addr
                0x00000000        0x4 common/built-in.o
 .bss.save_size
                0x00000000        0x4 common/built-in.o
 .bss.lastcommand.8168
                0x00000000      0x401 common/built-in.o
 .text          0x00000000        0x0 disk/built-in.o
 .text.part_get_info_by_name_type
                0x00000000       0x7c disk/built-in.o
 .text.part_get_info_by_name
                0x00000000        0x8 disk/built-in.o
 .text.is_valid_dos_buf
                0x00000000       0x10 disk/built-in.o
 .text.write_mbr_partition
                0x00000000       0x44 disk/built-in.o
 .text.is_valid_gpt_buf
                0x00000000       0x4e disk/built-in.o
 .text.write_mbr_and_gpt_partitions
                0x00000000      0x324 disk/built-in.o
 .rodata.__func__.8188
                0x00000000       0x14 disk/built-in.o
 .rodata.__func__.8373
                0x00000000       0x1d disk/built-in.o
 .data          0x00000000        0x0 disk/built-in.o
 .bss           0x00000000        0x0 disk/built-in.o
 .text          0x00000000        0x0 drivers/built-in.o
 .text._device_find_global_by_of_offset
                0x00000000       0x2c drivers/built-in.o
 .text.device_bind_with_driver_data
                0x00000000       0x18 drivers/built-in.o
 .text.device_bind
                0x00000000       0x16 drivers/built-in.o
 .text.dev_get_parent_platdata
                0x00000000       0x20 drivers/built-in.o
 .text.dev_get_uclass_platdata
                0x00000000       0x20 drivers/built-in.o
 .text.dev_get_parent_priv
                0x00000000       0x20 drivers/built-in.o
 .text.device_get_child
                0x00000000       0x2e drivers/built-in.o
 .text.device_find_child_by_seq
                0x00000000       0x36 drivers/built-in.o
 .text.device_get_child_by_seq
                0x00000000       0x36 drivers/built-in.o
 .text.device_find_child_by_of_offset
                0x00000000       0x2a drivers/built-in.o
 .text.device_get_child_by_of_offset
                0x00000000       0x20 drivers/built-in.o
 .text.device_get_global_by_of_offset
                0x00000000       0x26 drivers/built-in.o
 .text.device_find_first_child
                0x00000000       0x14 drivers/built-in.o
 .text.device_find_next_child
                0x00000000       0x16 drivers/built-in.o
 .text.dev_get_parent
                0x00000000        0x4 drivers/built-in.o
 .text.dev_get_driver_data
                0x00000000        0x4 drivers/built-in.o
 .text.dev_get_driver_ops
                0x00000000        0x8 drivers/built-in.o
 .text.device_get_uclass_id
                0x00000000        0x8 drivers/built-in.o
 .text.dev_get_uclass_name
                0x00000000        0xa drivers/built-in.o
 .text.dev_get_addr_index
                0x00000000        0x6 drivers/built-in.o
 .text.dev_get_addr_size_index
                0x00000000        0x6 drivers/built-in.o
 .text.dev_get_addr_name
                0x00000000        0x6 drivers/built-in.o
 .text.dev_get_addr_ptr
                0x00000000        0x6 drivers/built-in.o
 .text.dev_map_physmem
                0x00000000        0x4 drivers/built-in.o
 .text.device_has_children
                0x00000000        0xe drivers/built-in.o
 .text.device_has_active_children
                0x00000000       0x22 drivers/built-in.o
 .text.device_is_last_sibling
                0x00000000       0x14 drivers/built-in.o
 .text.device_set_name_alloced
                0x00000000        0xa drivers/built-in.o
 .text.device_set_name
                0x00000000       0x20 drivers/built-in.o
 .text.of_device_is_compatible
                0x00000000       0x18 drivers/built-in.o
 .text.of_machine_is_compatible
                0x00000000       0x16 drivers/built-in.o
 .text.device_bind_driver_to_node
                0x00000000       0x2c drivers/built-in.o
 .text.device_bind_driver
                0x00000000       0x12 drivers/built-in.o
 .text.dm_fixup_for_gd_move
                0x00000000       0x14 drivers/built-in.o
 .text.dm_get_translation_offset
                0x00000000        0xe drivers/built-in.o
 .text.dm_set_translation_offset
                0x00000000       0x10 drivers/built-in.o
 .text.dm_uninit
                0x00000000       0x16 drivers/built-in.o
 .text.uclass_destroy
                0x00000000       0x50 drivers/built-in.o
 .text.uclass_get_name
                0x00000000       0x1a drivers/built-in.o
 .text.uclass_find_device_by_name
                0x00000000       0x50 drivers/built-in.o
 .text.uclass_find_device_by_of_offset
                0x00000000       0x40 drivers/built-in.o
 .text.uclass_get_device_by_driver
                0x00000000       0x3c drivers/built-in.o
 .text.uclass_get_device_by_name
                0x00000000       0x1c drivers/built-in.o
 .text.uclass_get_device_by_of_offset
                0x00000000       0x1c drivers/built-in.o
 .text.uclass_first_device_err
                0x00000000       0x18 drivers/built-in.o
 .text.dm_dbg   0x00000000       0x1a drivers/built-in.o
 .text.list_count_items
                0x00000000       0x12 drivers/built-in.o
 .text.dm_fdt_pre_reloc
                0x00000000       0x44 drivers/built-in.o
 .text.device_unbind
                0x00000000       0xb8 drivers/built-in.o
 .text.blk_list_part
                0x00000000       0x52 drivers/built-in.o
 .text.blk_print_part_devnum
                0x00000000       0x36 drivers/built-in.o
 .text.blk_list_devices
                0x00000000       0x40 drivers/built-in.o
 .text.blk_print_device_num
                0x00000000       0x3c drivers/built-in.o
 .text.blk_show_device
                0x00000000       0x58 drivers/built-in.o
 .text.blk_read_devnum
                0x00000000       0x48 drivers/built-in.o
 .text.blk_write_devnum
                0x00000000       0x2e drivers/built-in.o
 .text.rtc_mktime
                0x00000000       0x7c drivers/built-in.o
 .text.hw_watchdog_disable
                0x00000000       0x34 drivers/built-in.o
 .text._input_send_keycodes
                0x00000000      0x2b0 drivers/built-in.o
 .text.input_tstc
                0x00000000       0x28 drivers/built-in.o
 .text.input_getc
                0x00000000       0x34 drivers/built-in.o
 .text.input_send_keycodes
                0x00000000        0x6 drivers/built-in.o
 .text.input_add_keycode
                0x00000000       0x54 drivers/built-in.o
 .text.input_add_table
                0x00000000       0x2e drivers/built-in.o
 .text.input_set_delays
                0x00000000        0xa drivers/built-in.o
 .text.input_allow_repeats
                0x00000000        0x6 drivers/built-in.o
 .text.input_leds_changed
                0x00000000        0xe drivers/built-in.o
 .text.input_add_tables
                0x00000000       0x38 drivers/built-in.o
 .text.input_init
                0x00000000       0x14 drivers/built-in.o
 .text.input_stdio_register
                0x00000000       0x34 drivers/built-in.o
 .rodata.__func__.9625
                0x00000000       0x18 drivers/built-in.o
 .rodata.__func__.9629
                0x00000000       0x18 drivers/built-in.o
 .rodata.__func__.9641
                0x00000000       0x14 drivers/built-in.o
 .rodata.kbd_to_ansi364
                0x00000000       0x20 drivers/built-in.o
 .rodata.kbd_plain_xlate
                0x00000000       0x64 drivers/built-in.o
 .rodata.kbd_plain_xlate_german
                0x00000000       0x84 drivers/built-in.o
 .rodata.CSWTCH.32
                0x00000000        0xd drivers/built-in.o
 .data          0x00000000        0x0 drivers/built-in.o
 .data.kbd_ctrl_xlate
                0x00000000       0x64 drivers/built-in.o
 .data.kbd_right_alt_xlate_german
                0x00000000       0x58 drivers/built-in.o
 .data.kbd_shift_xlate_german
                0x00000000       0x84 drivers/built-in.o
 .data.kbd_entry
                0x00000000       0x8c drivers/built-in.o
 .data.kbd_shift_xlate
                0x00000000       0x64 drivers/built-in.o
 .bss           0x00000000        0x0 drivers/built-in.o
 .text          0x00000000        0x0 drivers/gpio/built-in.o
 .text.gpio_xlate_offs_flags
                0x00000000       0x26 drivers/gpio/built-in.o
 .text.dm_gpio_requestf
                0x00000000       0x2a drivers/gpio/built-in.o
 .text.gpio_requestf
                0x00000000       0x2a drivers/gpio/built-in.o
 .text.dm_gpio_get_open_drain
                0x00000000       0x2c drivers/gpio/built-in.o
 .text.dm_gpio_set_open_drain
                0x00000000       0x2c drivers/gpio/built-in.o
 .text.dm_gpio_set_dir_flags
                0x00000000       0x4c drivers/gpio/built-in.o
 .text._gpio_request_by_name_nodev
                0x00000000       0x98 drivers/gpio/built-in.o
 .text.dm_gpio_set_dir
                0x00000000        0x6 drivers/gpio/built-in.o
 .text.gpio_claim_vector
                0x00000000       0x66 drivers/gpio/built-in.o
 .text.gpio_get_values_as_int
                0x00000000       0x2c drivers/gpio/built-in.o
 .text.dm_gpio_get_values_as_int
                0x00000000       0x32 drivers/gpio/built-in.o
 .text.gpio_request_by_name_nodev
                0x00000000       0x1c drivers/gpio/built-in.o
 .text.gpio_request_by_name
                0x00000000       0x20 drivers/gpio/built-in.o
 .text.gpio_get_list_count
                0x00000000       0x28 drivers/gpio/built-in.o
 .text.dm_gpio_free
                0x00000000        0x8 drivers/gpio/built-in.o
 .text.gpio_free_list
                0x00000000       0x28 drivers/gpio/built-in.o
 .text.gpio_free_list_nodev
                0x00000000        0xc drivers/gpio/built-in.o
 .text.gpio_request_list_by_name_nodev
                0x00000000       0x5c drivers/gpio/built-in.o
 .text.gpio_request_list_by_name
                0x00000000       0x20 drivers/gpio/built-in.o
 .text.gpio_get_number
                0x00000000       0x14 drivers/gpio/built-in.o
 .text.gpio_is_valid
                0x00000000        0xa drivers/gpio/built-in.o
 .data          0x00000000        0x0 drivers/gpio/built-in.o
 .bss           0x00000000        0x0 drivers/gpio/built-in.o
 .text          0x00000000        0x0 drivers/i2c/built-in.o
 .text.i2c_reloc_fixup
                0x00000000        0x2 drivers/i2c/built-in.o
 .text.i2c_init_board
                0x00000000        0x2 drivers/i2c/built-in.o
 .text.i2c_early_init_f
                0x00000000        0x2 drivers/i2c/built-in.o
 .text.i2c_reg_read
                0x00000000       0x18 drivers/i2c/built-in.o
 .text.i2c_reg_write
                0x00000000       0x16 drivers/i2c/built-in.o
 .data          0x00000000        0x0 drivers/i2c/built-in.o
 .bss           0x00000000        0x0 drivers/i2c/built-in.o
 .text          0x00000000        0x0 drivers/mmc/built-in.o
 .text.mmc_destroy
                0x00000000        0x4 drivers/mmc/built-in.o
 .text.mmc_send_tuning
                0x00000000       0x70 drivers/mmc/built-in.o
 .text.cpu_mmc_init
                0x00000000        0x6 drivers/mmc/built-in.o
 .text.mmc_set_preinit
                0x00000000        0x6 drivers/mmc/built-in.o
 .rodata.tuning_blk_pattern_4bit
                0x00000000       0x40 drivers/mmc/built-in.o
 .rodata.tuning_blk_pattern_8bit
                0x00000000       0x80 drivers/mmc/built-in.o
 .data          0x00000000        0x0 drivers/mmc/built-in.o
 .bss           0x00000000        0x0 drivers/mmc/built-in.o
 .text          0x00000000        0x0 drivers/mtd/built-in.o
 .text.idr_remove
                0x00000000        0xe drivers/mtd/built-in.o
 .text.idr_find
                0x00000000        0xe drivers/mtd/built-in.o
 .text.idr_get_next
                0x00000000       0x2a drivers/mtd/built-in.o
 .text.idr_alloc
                0x00000000       0x1e drivers/mtd/built-in.o
 .text.__mtd_next_device
                0x00000000       0x18 drivers/mtd/built-in.o
 .text.del_mtd_device
                0x00000000       0x4c drivers/mtd/built-in.o
 .text.__get_mtd_device
                0x00000000       0x20 drivers/mtd/built-in.o
 .text.get_mtd_device
                0x00000000       0x54 drivers/mtd/built-in.o
 .text.get_mtd_device_nm
                0x00000000       0x30 drivers/mtd/built-in.o
 .text.__put_mtd_device
                0x00000000       0x38 drivers/mtd/built-in.o
 .text.put_mtd_device
                0x00000000        0x4 drivers/mtd/built-in.o
 .text.mtd_erase
                0x00000000       0x6c drivers/mtd/built-in.o
 .text.mtd_get_unmapped_area
                0x00000000       0x46 drivers/mtd/built-in.o
 .text.mtd_read
                0x00000000       0x72 drivers/mtd/built-in.o
 .text.mtd_write
                0x00000000       0x64 drivers/mtd/built-in.o
 .text.mtd_panic_write
                0x00000000       0x6e drivers/mtd/built-in.o
 .text.mtd_read_oob
                0x00000000       0x36 drivers/mtd/built-in.o
 .text.mtd_get_fact_prot_info
                0x00000000       0x1a drivers/mtd/built-in.o
 .text.mtd_read_fact_prot_reg
                0x00000000       0x22 drivers/mtd/built-in.o
 .text.mtd_get_user_prot_info
                0x00000000       0x1a drivers/mtd/built-in.o
 .text.mtd_read_user_prot_reg
                0x00000000       0x22 drivers/mtd/built-in.o
 .text.mtd_write_user_prot_reg
                0x00000000       0x38 drivers/mtd/built-in.o
 .text.mtd_lock_user_prot_reg
                0x00000000       0x1e drivers/mtd/built-in.o
 .text.mtd_lock
                0x00000000       0x56 drivers/mtd/built-in.o
 .text.mtd_unlock
                0x00000000       0x56 drivers/mtd/built-in.o
 .text.add_mtd_device
                0x00000000      0x130 drivers/mtd/built-in.o
 .text.mtd_is_locked
                0x00000000       0x56 drivers/mtd/built-in.o
 .text.mtd_block_isreserved
                0x00000000       0x2c drivers/mtd/built-in.o
 .text.mtd_block_isbad
                0x00000000       0x2c drivers/mtd/built-in.o
 .text.mtd_block_markbad
                0x00000000       0x44 drivers/mtd/built-in.o
 .data          0x00000000        0x0 drivers/mtd/built-in.o
 .bss           0x00000000        0x0 drivers/mtd/built-in.o
 .bss.mtd_table
                0x00000000       0x80 drivers/mtd/built-in.o
 .bss.mtd_idr   0x00000000      0x200 drivers/mtd/built-in.o
 .text          0x00000000        0x0 drivers/mtd/spi/built-in.o
 .data          0x00000000        0x0 drivers/mtd/spi/built-in.o
 .bss           0x00000000        0x0 drivers/mtd/spi/built-in.o
 .text          0x00000000        0x0 drivers/net/built-in.o
 .text.cpsw_am33xx_cm_get_macid.isra.1
                0x00000000       0x88 drivers/net/built-in.o
 .text.davinci_emac_3517_get_macid.isra.2
                0x00000000       0x88 drivers/net/built-in.o
 .text.ti_cm_get_macid
                0x00000000       0x98 drivers/net/built-in.o
 .rodata.__func__.9427
                0x00000000       0x19 drivers/net/built-in.o
 .rodata.__func__.9409
                0x00000000       0x1c drivers/net/built-in.o
 .data          0x00000000        0x0 drivers/net/built-in.o
 .bss           0x00000000        0x0 drivers/net/built-in.o
 .text          0x00000000        0x0 drivers/net/phy/built-in.o
 .text.phy_set_supported
                0x00000000       0x3c drivers/net/phy/built-in.o
 .text.miiphy_reset
                0x00000000       0x1a drivers/net/phy/built-in.o
 .text.phy_shutdown
                0x00000000        0xe drivers/net/phy/built-in.o
 .text.phy_get_interface_by_name
                0x00000000       0x28 drivers/net/phy/built-in.o
 .rodata.phy_interface_strings
                0x00000000       0x38 drivers/net/phy/built-in.o
 .data          0x00000000        0x0 drivers/net/phy/built-in.o
 .bss           0x00000000        0x0 drivers/net/phy/built-in.o
 .text          0x00000000        0x0 drivers/power/pmic/built-in.o
 .text.tps65217_reg_read
                0x00000000       0x16 drivers/power/pmic/built-in.o
 .text.tps65217_reg_write
                0x00000000       0x98 drivers/power/pmic/built-in.o
 .text.tps65217_voltage_update
                0x00000000       0x34 drivers/power/pmic/built-in.o
 .text.tps65910_set_i2c_control
                0x00000000       0x36 drivers/power/pmic/built-in.o
 .text.tps65910_voltage_update
                0x00000000       0x94 drivers/power/pmic/built-in.o
 .data          0x00000000        0x0 drivers/power/pmic/built-in.o
 .bss           0x00000000        0x0 drivers/power/pmic/built-in.o
 .comment       0x00000000       0x58 drivers/power/pmic/built-in.o
 .note.GNU-stack
                0x00000000        0x0 drivers/power/pmic/built-in.o
 .ARM.attributes
                0x00000000       0x2d drivers/power/pmic/built-in.o
 .debug_aranges
                0x00000000       0x58 drivers/power/pmic/built-in.o
 .debug_info    0x00000000      0xc3f drivers/power/pmic/built-in.o
 .debug_abbrev  0x00000000      0x305 drivers/power/pmic/built-in.o
 .debug_line    0x00000000      0x27d drivers/power/pmic/built-in.o
 .debug_frame   0x00000000       0xc8 drivers/power/pmic/built-in.o
 .debug_str     0x00000000      0xbda drivers/power/pmic/built-in.o
 .debug_loc     0x00000000      0x222 drivers/power/pmic/built-in.o
 .debug_ranges  0x00000000       0x38 drivers/power/pmic/built-in.o
 .text          0x00000000        0x0 drivers/serial/built-in.o
 .text.ns16550_calc_divisor
                0x00000000       0x10 drivers/serial/built-in.o
 .text.NS16550_reinit
                0x00000000       0x38 drivers/serial/built-in.o
 .text.NS16550_putc
                0x00000000       0x2a drivers/serial/built-in.o
 .text.NS16550_getc
                0x00000000       0x22 drivers/serial/built-in.o
 .text.NS16550_tstc
                0x00000000       0x10 drivers/serial/built-in.o
 .data          0x00000000        0x0 drivers/serial/built-in.o
 .bss           0x00000000        0x0 drivers/serial/built-in.o
 .text          0x00000000        0x0 drivers/spi/built-in.o
 .text.spi_set_wordlen
                0x00000000       0x20 drivers/spi/built-in.o
 .data          0x00000000        0x0 drivers/spi/built-in.o
 .bss           0x00000000        0x0 drivers/spi/built-in.o
 .text          0x00000000        0x0 drivers/usb/gadget/built-in.o
 .text.usb_function_deactivate
                0x00000000       0x26 drivers/usb/gadget/built-in.o
 .text.usb_function_activate
                0x00000000       0x2a drivers/usb/gadget/built-in.o
 .text.usb_string_ids_tab
                0x00000000       0x2c drivers/usb/gadget/built-in.o
 .text.usb_string_ids_n
                0x00000000       0x1c drivers/usb/gadget/built-in.o
 .text.board_usb_init
                0x00000000        0x4 drivers/usb/gadget/built-in.o
 .text.board_usb_cleanup
                0x00000000        0x4 drivers/usb/gadget/built-in.o
 .text.fastboot_fail
                0x00000000       0x28 drivers/usb/gadget/built-in.o
 .text.fastboot_okay
                0x00000000       0x28 drivers/usb/gadget/built-in.o
 .text.fb_set_reboot_flag
                0x00000000        0x6 drivers/usb/gadget/built-in.o
 .rodata        0x00000000        0xc drivers/usb/gadget/built-in.o
 .data          0x00000000        0x0 drivers/usb/gadget/built-in.o
 .bss           0x00000000        0x0 drivers/usb/gadget/built-in.o
 .bss.fb_response_str
                0x00000000        0x4 drivers/usb/gadget/built-in.o
 .text          0x00000000        0x0 drivers/usb/musb-new/built-in.o
 .text.musb_gadget_cleanup
                0x00000000        0x2 drivers/usb/musb-new/built-in.o
 .text.musb_g_resume
                0x00000000        0x2 drivers/usb/musb-new/built-in.o
 .text.musb_g_suspend
                0x00000000        0x2 drivers/usb/musb-new/built-in.o
 .text.musb_g_wakeup
                0x00000000        0x2 drivers/usb/musb-new/built-in.o
 .text.musb_g_disconnect
                0x00000000       0x38 drivers/usb/musb-new/built-in.o
 .text.musb_g_reset
                0x00000000       0x72 drivers/usb/musb-new/built-in.o
 .text.create_int_queue
                0x00000000       0xa8 drivers/usb/musb-new/built-in.o
 .text.poll_int_queue
                0x00000000       0x28 drivers/usb/musb-new/built-in.o
 .text.destroy_int_queue
                0x00000000       0x48 drivers/usb/musb-new/built-in.o
 .data          0x00000000        0x0 drivers/usb/musb-new/built-in.o
 .bss           0x00000000        0x0 drivers/usb/musb-new/built-in.o
 .text          0x00000000        0x0 fs/built-in.o
 .text.fs_uuid  0x00000000       0x1c fs/built-in.o
 .text.do_fs_uuid
                0x00000000       0x5c fs/built-in.o
 .text.print_revoke_blks
                0x00000000       0x30 fs/built-in.o
 .text.fat_register_device
                0x00000000       0x54 fs/built-in.o
 .text.file_fat_read
                0x00000000       0x22 fs/built-in.o
 .text.file_getfsname
                0x00000000       0x10 fs/built-in.o
 .text.file_cd  0x00000000      0x128 fs/built-in.o
 .text.file_detectfs
                0x00000000       0x2c fs/built-in.o
 .text.file_ls  0x00000000       0x5c fs/built-in.o
 .text.file_read
                0x00000000       0x64 fs/built-in.o
 .rodata.filesystems
                0x00000000       0x18 fs/built-in.o
 .data          0x00000000        0x0 fs/built-in.o
 .data.file_cwd
                0x00000000      0x200 fs/built-in.o
 .data.current_filesystem
                0x00000000        0x4 fs/built-in.o
 .bss           0x00000000        0x0 fs/built-in.o
 .bss.ext4fs_symlinknest
                0x00000000        0x4 fs/built-in.o
 .text          0x00000000        0x0 lib/built-in.o
 .text.invalidate_icache_all
                0x00000000        0x2 lib/built-in.o
 .text.efi_add_runtime_mmio
                0x00000000       0x60 lib/built-in.o
 .text.inflateInit_
                0x00000000       0x12 lib/built-in.o
 .text.fdt_get_phandle
                0x00000000       0x40 lib/built-in.o
 .text.fdt_get_max_phandle
                0x00000000       0x44 lib/built-in.o
 .text.fdt_get_alias
                0x00000000       0x1a lib/built-in.o
 .text.fdt_get_path
                0x00000000       0xb2 lib/built-in.o
 .text.fdt_parent_offset
                0x00000000       0x20 lib/built-in.o
 .text.fdt_node_offset_by_prop_value
                0x00000000       0x52 lib/built-in.o
 .text.fdt_node_offset_by_phandle
                0x00000000       0x44 lib/built-in.o
 .text.fdt_stringlist_contains
                0x00000000       0x48 lib/built-in.o
 .text.fdt_stringlist_count
                0x00000000       0x38 lib/built-in.o
 .text.fdt_stringlist_search
                0x00000000       0x66 lib/built-in.o
 .text.fdt_node_check_compatible
                0x00000000       0x28 lib/built-in.o
 .text.fdt_node_offset_by_compatible
                0x00000000       0x3c lib/built-in.o
 .text.fdt_set_name
                0x00000000       0x52 lib/built-in.o
 .text.fdt_appendprop
                0x00000000       0x7c lib/built-in.o
 .text.fdt_pack
                0x00000000       0x34 lib/built-in.o
 .text.fdt_remove_unused_strings
                0x00000000       0x6a lib/built-in.o
 .text._fdt_sw_check_header
                0x00000000       0x18 lib/built-in.o
 .text._fdt_grab_space
                0x00000000       0x30 lib/built-in.o
 .text.fdt_create
                0x00000000       0x40 lib/built-in.o
 .text.fdt_resize
                0x00000000       0x72 lib/built-in.o
 .text.fdt_add_reservemap_entry
                0x00000000       0x5c lib/built-in.o
 .text.fdt_finish_reservemap
                0x00000000       0x14 lib/built-in.o
 .text.fdt_begin_node
                0x00000000       0x42 lib/built-in.o
 .text.fdt_end_node
                0x00000000       0x26 lib/built-in.o
 .text.fdt_property_placeholder
                0x00000000       0xae lib/built-in.o
 .text.fdt_property
                0x00000000       0x22 lib/built-in.o
 .text.fdt_finish
                0x00000000       0x94 lib/built-in.o
 .text.fdt_setprop_inplace_namelen_partial
                0x00000000       0x32 lib/built-in.o
 .text.fdt_setprop_inplace
                0x00000000       0x48 lib/built-in.o
 .text.fdt_nop_property
                0x00000000       0x2a lib/built-in.o
 .text.fdt_nop_node
                0x00000000       0x32 lib/built-in.o
 .text.fdt_find_regions
                0x00000000      0x214 lib/built-in.o
 .text.fdt_create_empty_tree
                0x00000000       0x44 lib/built-in.o
 .text.fdt_add_region
                0x00000000       0x58 lib/built-in.o
 .text.fdt_add_alias_regions
                0x00000000      0x114 lib/built-in.o
 .text.fdt_next_region
                0x00000000      0x358 lib/built-in.o
 .text.fdt_first_region
                0x00000000       0x3c lib/built-in.o
 .text.crc7     0x00000000       0x1c lib/built-in.o
 .text.crc8     0x00000000       0x32 lib/built-in.o
 .text.fdtdec_get_int
                0x00000000       0x1e lib/built-in.o
 .text.fdtdec_get_uint
                0x00000000       0x1e lib/built-in.o
 .text.lmb_dump_all
                0x00000000        0x2 lib/built-in.o
 .text.lmb_is_reserved
                0x00000000       0x28 lib/built-in.o
 .text.arch_lmb_reserve
                0x00000000        0x2 lib/built-in.o
 .text.ldiv     0x00000000       0x2e lib/built-in.o
 .text.md5      0x00000000       0x44 lib/built-in.o
 .text.rc4_encode
                0x00000000       0x88 lib/built-in.o
 .text.sha1_csum
                0x00000000       0x26 lib/built-in.o
 .text.sha1_hmac
                0x00000000       0xbe lib/built-in.o
 .text.sha1_self_test
                0x00000000        0x4 lib/built-in.o
 .text.print_freq
                0x00000000      0x120 lib/built-in.o
 .text.copy_from_user
                0x00000000        0xa lib/built-in.o
 .text.get_mem  0x00000000       0x10 lib/built-in.o
 .text.kmem_cache_alloc
                0x00000000        0xa lib/built-in.o
 .text.membuff_purge
                0x00000000        0x8 lib/built-in.o
 .text.membuff_putraw
                0x00000000       0x66 lib/built-in.o
 .text.membuff_putbyte
                0x00000000       0x1c lib/built-in.o
 .text.membuff_getraw
                0x00000000       0x50 lib/built-in.o
 .text.membuff_getbyte
                0x00000000       0x24 lib/built-in.o
 .text.membuff_peekbyte
                0x00000000       0x22 lib/built-in.o
 .text.membuff_get
                0x00000000       0x46 lib/built-in.o
 .text.membuff_put
                0x00000000       0x3a lib/built-in.o
 .text.membuff_isempty
                0x00000000        0xc lib/built-in.o
 .text.membuff_avail
                0x00000000       0x34 lib/built-in.o
 .text.membuff_size
                0x00000000        0x6 lib/built-in.o
 .text.membuff_makecontig
                0x00000000       0x44 lib/built-in.o
 .text.membuff_free
                0x00000000       0x1a lib/built-in.o
 .text.membuff_readline
                0x00000000       0x64 lib/built-in.o
 .text.membuff_extend_by
                0x00000000       0x78 lib/built-in.o
 .text.membuff_init
                0x00000000        0xc lib/built-in.o
 .text.membuff_new
                0x00000000       0x22 lib/built-in.o
 .text.membuff_uninit
                0x00000000        0xc lib/built-in.o
 .text.membuff_dispose
                0x00000000       0x14 lib/built-in.o
 .text.strswab  0x00000000       0x26 lib/built-in.o
 .text.memscan  0x00000000       0x16 lib/built-in.o
 .text.memchr_inv
                0x00000000       0xb4 lib/built-in.o
 .text.table_compute_checksum
                0x00000000       0x18 lib/built-in.o
 .text.get_ticks
                0x00000000       0x32 lib/built-in.o
 .text.timer_init
                0x00000000        0x4 lib/built-in.o
 .text.get_timer
                0x00000000       0x10 lib/built-in.o
 .text.__udelay
                0x00000000       0x68 lib/built-in.o
 .text.vsnprintf
                0x00000000        0x4 lib/built-in.o
 .text.scnprintf
                0x00000000       0x1a lib/built-in.o
 .text.__assert_fail
                0x00000000       0x10 lib/built-in.o
 .text.print_grouped_ull
                0x00000000       0x58 lib/built-in.o
 .text.str2long
                0x00000000       0x26 lib/built-in.o
 .text.strmhz   0x00000000       0x54 lib/built-in.o
 .rodata.z_errmsg
                0x00000000       0x28 lib/built-in.o
 .rodata.crc7_syndrome_table
                0x00000000      0x100 lib/built-in.o
 .rodata.sha1_der_prefix
                0x00000000        0xf lib/built-in.o
 .rodata.sha256_der_prefix
                0x00000000       0x13 lib/built-in.o
 .rodata.names.8211
                0x00000000        0x3 lib/built-in.o
 .data          0x00000000        0x0 lib/built-in.o
 .data.cur      0x00000000        0x4 lib/built-in.o
 .data.current  0x00000000        0x4 lib/built-in.o
 .bss           0x00000000        0x0 lib/built-in.o
 .text          0x00000000        0x0 net/built-in.o
 .text.add_ip_checksums
                0x00000000       0x2a net/built-in.o
 .text.eth_is_active
                0x00000000        0xc net/built-in.o
 .text.net_get_udp_handler
                0x00000000        0xc net/built-in.o
 .text.net_set_arp_handler
                0x00000000       0x18 net/built-in.o
 .text.random_port
                0x00000000       0x12 net/built-in.o
 .text.vlan_to_string
                0x00000000       0x30 net/built-in.o
 .text.getenv_vlan
                0x00000000        0xe net/built-in.o
 .data          0x00000000        0x0 net/built-in.o
 .bss           0x00000000        0x0 net/built-in.o
 .bss.net_busy_flag
                0x00000000        0x4 net/built-in.o
 .text          0x00000000        0x0 test/dm/built-in.o
 .data          0x00000000        0x0 test/dm/built-in.o
 .bss           0x00000000        0x0 test/dm/built-in.o
 .text          0x00000000        0x0 arch/arm/lib/eabi_compat.o
 .data          0x00000000        0x0 arch/arm/lib/eabi_compat.o
 .bss           0x00000000        0x0 arch/arm/lib/eabi_compat.o
 .text.raise    0x00000000       0x14 arch/arm/lib/eabi_compat.o
 .text.__aeabi_unwind_cpp_pr0
                0x00000000        0x2 arch/arm/lib/eabi_compat.o
 .text.__aeabi_unwind_cpp_pr1
                0x00000000        0x2 arch/arm/lib/eabi_compat.o
 .text.__aeabi_memcpy
                0x00000000        0x4 arch/arm/lib/eabi_compat.o
 .text.__aeabi_memset
                0x00000000        0xa arch/arm/lib/eabi_compat.o
 .rodata.str1.1
                0x00000000       0x1b arch/arm/lib/eabi_compat.o
 .debug_info    0x00000000      0x4d2 arch/arm/lib/eabi_compat.o
 .debug_abbrev  0x00000000      0x1b8 arch/arm/lib/eabi_compat.o
 .debug_loc     0x00000000      0x108 arch/arm/lib/eabi_compat.o
 .debug_aranges
                0x00000000       0x40 arch/arm/lib/eabi_compat.o
 .debug_ranges  0x00000000       0x30 arch/arm/lib/eabi_compat.o
 .debug_line    0x00000000      0x12f arch/arm/lib/eabi_compat.o
 .debug_str     0x00000000      0x498 arch/arm/lib/eabi_compat.o
 .comment       0x00000000       0x2c arch/arm/lib/eabi_compat.o
 .note.GNU-stack
                0x00000000        0x0 arch/arm/lib/eabi_compat.o
 .ARM.attributes
                0x00000000       0x2d arch/arm/lib/eabi_compat.o
 .debug_frame   0x00000000       0x68 arch/arm/lib/eabi_compat.o
 .text          0x00000000        0x0 arch/arm/lib/lib.a(ashldi3.o)
 .data          0x00000000        0x0 arch/arm/lib/lib.a(ashldi3.o)
 .bss           0x00000000        0x0 arch/arm/lib/lib.a(ashldi3.o)
 .text          0x00000000        0x0 arch/arm/lib/lib.a(lib1funcs.o)
 .data          0x00000000        0x0 arch/arm/lib/lib.a(lib1funcs.o)
 .bss           0x00000000        0x0 arch/arm/lib/lib.a(lib1funcs.o)
 .text.__umodsi3
                0x00000000       0xa0 arch/arm/lib/lib.a(lib1funcs.o)
 .text.__modsi3
                0x00000000       0xb8 arch/arm/lib/lib.a(lib1funcs.o)
 .text          0x00000000        0x0 arch/arm/lib/lib.a(lshrdi3.o)
 .data          0x00000000        0x0 arch/arm/lib/lib.a(lshrdi3.o)
 .bss           0x00000000        0x0 arch/arm/lib/lib.a(lshrdi3.o)
 .text          0x00000000        0x0 arch/arm/lib/lib.a(div0.o)
 .data          0x00000000        0x0 arch/arm/lib/lib.a(div0.o)
 .bss           0x00000000        0x0 arch/arm/lib/lib.a(div0.o)

内存配置

名称           来源             长度             属性
*default*        0x00000000         0xffffffff

Linker script and memory map

段 .text 的地址设置为 0x80800000
                0x00000000                . = 0x0
                0x00000000                . = ALIGN (0x4)

.text           0x80800000    0x38de0
 *(.__image_copy_start)
 .__image_copy_start
                0x80800000        0x0 arch/arm/lib/built-in.o
                0x80800000                __image_copy_start
 *(.vectors)
 .vectors       0x80800000      0x300 arch/arm/lib/built-in.o
                0x80800000                _start
                0x80800020                _undefined_instruction
                0x80800024                _software_interrupt
                0x80800028                _prefetch_abort
                0x8080002c                _data_abort
                0x80800030                _not_used
                0x80800034                _irq
                0x80800038                _fiq
                0x80800040                IRQ_STACK_START_IN
 arch/arm/cpu/armv7/start.o(.text*)
 .text          0x80800300       0xa4 arch/arm/cpu/armv7/start.o
                0x80800300                reset
                0x80800304                save_boot_params_ret
                0x80800338                c_runtime_cpu_setup
                0x8080034c                cpu_init_cp15
 board/ti/am335x/built-in.o(.text*)
 .text.cpsw_control
                0x808003a4        0x2 board/ti/am335x/built-in.o
 *fill*         0x808003a6        0x2 
 .text.request_and_set_gpio
                0x808003a8       0x58 board/ti/am335x/built-in.o
 .text.board_init
                0x80800400      0x1a8 board/ti/am335x/built-in.o
                0x80800400                board_init
 .text.board_late_init
                0x808005a8      0x140 board/ti/am335x/built-in.o
                0x808005a8                board_late_init
 .text.board_eth_init
                0x808006e8      0x1c0 board/ti/am335x/built-in.o
                0x808006e8                board_eth_init
 *(.text*)
 .text          0x808008a8      0x158 arch/arm/cpu/armv7/built-in.o
                0x808008a8                __v7_flush_dcache_all
                0x80800944                v7_flush_dcache_all
                0x80800954                __v7_invalidate_dcache_all
                0x808009f0                v7_invalidate_dcache_all
 .text.invalidate_icache_all
                0x80800a00       0x14 arch/arm/cpu/armv7/built-in.o
                0x80800a00                invalidate_icache_all
 .text.v7_outer_cache_enable
                0x80800a14        0x2 arch/arm/cpu/armv7/built-in.o
                0x80800a14                v7_outer_cache_enable
 .text.v7_outer_cache_disable
                0x80800a16        0x2 arch/arm/cpu/armv7/built-in.o
                0x80800a16                v7_outer_cache_disable
 .text.v7_outer_cache_flush_all
                0x80800a18        0x2 arch/arm/cpu/armv7/built-in.o
                0x80800a18                v7_outer_cache_flush_all
 .text.flush_dcache_all
                0x80800a1a        0xe arch/arm/cpu/armv7/built-in.o
                0x80800a1a                flush_dcache_all
 .text.v7_outer_cache_inval_all
                0x80800a28        0x2 arch/arm/cpu/armv7/built-in.o
                0x80800a28                v7_outer_cache_inval_all
 .text.invalidate_dcache_all
                0x80800a2a        0xe arch/arm/cpu/armv7/built-in.o
                0x80800a2a                invalidate_dcache_all
 .text.arm_init_before_mmu
                0x80800a38       0x22 arch/arm/cpu/armv7/built-in.o
                0x80800a38                arm_init_before_mmu
 .text.v7_outer_cache_flush_range
                0x80800a5a        0x2 arch/arm/cpu/armv7/built-in.o
                0x80800a5a                v7_outer_cache_flush_range
 .text.flush_dcache_range
                0x80800a5c       0x3a arch/arm/cpu/armv7/built-in.o
                0x80800a5c                flush_dcache_range
 .text.v7_outer_cache_inval_range
                0x80800a96        0x2 arch/arm/cpu/armv7/built-in.o
                0x80800a96                v7_outer_cache_inval_range
 .text.invalidate_dcache_range
                0x80800a98       0x42 arch/arm/cpu/armv7/built-in.o
                0x80800a98                invalidate_dcache_range
 .text.cpu_cache_initialization
                0x80800ada        0x2 arch/arm/cpu/armv7/built-in.o
                0x80800ada                cpu_cache_initialization
 .text.cleanup_before_linux_select
                0x80800adc       0x3e arch/arm/cpu/armv7/built-in.o
                0x80800adc                cleanup_before_linux_select
 .text.cleanup_before_linux
                0x80800b1a        0x6 arch/arm/cpu/armv7/built-in.o
                0x80800b1a                cleanup_before_linux
 .text          0x80800b20      0x420 arch/arm/lib/built-in.o
                0x80800b20                _main
                0x80800bc0                memset
                0x80800c60                memcpy
 .text.relocate_vectors
                0x80800f40       0x70 arch/arm/lib/built-in.o
                0x80800f40                relocate_vectors
                0x80800f4c                relocate_code
 .text.arch_fixup_fdt
                0x80800fb0       0x26 arch/arm/lib/built-in.o
                0x80800fb0                arch_fixup_fdt
 .text.arch_lmb_reserve
                0x80800fd6       0x1e arch/arm/lib/built-in.o
                0x80800fd6                arch_lmb_reserve
 .text.board_quiesce_devices
                0x80800ff4        0x2 arch/arm/lib/built-in.o
                0x80800ff4                board_quiesce_devices
 *fill*         0x80800ff6        0x2 
 .text.boot_jump_linux
                0x80800ff8       0x88 arch/arm/lib/built-in.o
 .text.setup_board_tags
                0x80801080        0x2 arch/arm/lib/built-in.o
                0x80801080                setup_board_tags
 *fill*         0x80801082        0x2 
 .text.boot_prep_linux
                0x80801084      0x118 arch/arm/lib/built-in.o
 .text.do_bootm_linux
                0x8080119c       0x40 arch/arm/lib/built-in.o
                0x8080119c                do_bootm_linux
 .text.boot_prep_vxworks
                0x808011dc       0x34 arch/arm/lib/built-in.o
                0x808011dc                boot_prep_vxworks
 .text.boot_jump_vxworks
                0x80801210        0xa arch/arm/lib/built-in.o
                0x80801210                boot_jump_vxworks
 *fill*         0x8080121a        0x2 
 .text.bootz_setup
                0x8080121c       0x6c arch/arm/lib/built-in.o
                0x8080121c                bootz_setup
 .text.arch_reserve_stacks
                0x80801288       0x10 arch/arm/lib/built-in.o
                0x80801288                arch_reserve_stacks
 .text.interrupt_init
                0x80801298       0x14 arch/arm/lib/built-in.o
                0x80801298                interrupt_init
 .text.enable_interrupts
                0x808012ac        0x2 arch/arm/lib/built-in.o
                0x808012ac                enable_interrupts
 .text.disable_interrupts
                0x808012ae        0x4 arch/arm/lib/built-in.o
                0x808012ae                disable_interrupts
 *fill*         0x808012b2        0x2 
 .text.bad_mode
                0x808012b4        0xc arch/arm/lib/built-in.o
                0x808012b4                bad_mode
 .text.show_regs
                0x808012c0      0x104 arch/arm/lib/built-in.o
                0x808012c0                show_regs
 .text.do_undefined_instruction
                0x808013c4       0x1c arch/arm/lib/built-in.o
                0x808013c4                do_undefined_instruction
 .text.do_software_interrupt
                0x808013e0       0x1c arch/arm/lib/built-in.o
                0x808013e0                do_software_interrupt
 .text.do_prefetch_abort
                0x808013fc       0x1c arch/arm/lib/built-in.o
                0x808013fc                do_prefetch_abort
 .text.do_data_abort
                0x80801418       0x1c arch/arm/lib/built-in.o
                0x80801418                do_data_abort
 .text.do_not_used
                0x80801434       0x1c arch/arm/lib/built-in.o
                0x80801434                do_not_used
 .text.do_fiq   0x80801450       0x1c arch/arm/lib/built-in.o
                0x80801450                do_fiq
 .text.do_irq   0x8080146c       0x1c arch/arm/lib/built-in.o
                0x8080146c                do_irq
 .text.reset_misc
                0x80801488        0x2 arch/arm/lib/built-in.o
                0x80801488                reset_misc
 *fill*         0x8080148a        0x2 
 .text.do_reset
                0x8080148c       0x28 arch/arm/lib/built-in.o
                0x8080148c                do_reset
 .text.flush_cache
                0x808014b4        0x6 arch/arm/lib/built-in.o
                0x808014b4                flush_cache
 *fill*         0x808014ba        0x2 
 .text.check_cache_range
                0x808014bc       0x24 arch/arm/lib/built-in.o
                0x808014bc                check_cache_range
 .text.cp_delay
                0x808014e0       0x18 arch/arm/lib/built-in.o
 .text.cache_disable
                0x808014f8       0x34 arch/arm/lib/built-in.o
 .text.set_section_dcache
                0x8080152c       0x14 arch/arm/lib/built-in.o
                0x8080152c                set_section_dcache
 .text.icache_enable
                0x80801540       0x18 arch/arm/lib/built-in.o
                0x80801540                icache_enable
 .text.icache_disable
                0x80801558        0x8 arch/arm/lib/built-in.o
                0x80801558                icache_disable
 .text.dcache_enable
                0x80801560       0x72 arch/arm/lib/built-in.o
                0x80801560                dcache_enable
 .text.dcache_disable
                0x808015d2        0x6 arch/arm/lib/built-in.o
                0x808015d2                dcache_disable
 .text.dcache_status
                0x808015d8        0xa arch/arm/lib/built-in.o
                0x808015d8                dcache_status
 *fill*         0x808015e2        0x2 
 .text          0x808015e4       0x60 arch/arm/mach-omap2/built-in.o
                0x808015e4                save_boot_params
                0x808015f0                omap_smc1
                0x8080160c                omap_smc_sec
 .text.get_cpu_rev
                0x80801644       0x10 arch/arm/mach-omap2/built-in.o
                0x80801644                get_cpu_rev
 .text.get_cpu_type
                0x80801654       0x14 arch/arm/mach-omap2/built-in.o
                0x80801654                get_cpu_type
 .text.get_device_type
                0x80801668       0x14 arch/arm/mach-omap2/built-in.o
                0x80801668                get_device_type
 .text.print_cpuinfo
                0x8080167c       0x90 arch/arm/mach-omap2/built-in.o
                0x8080167c                print_cpuinfo
 .text.dram_init
                0x8080170c       0x16 arch/arm/mach-omap2/built-in.o
                0x8080170c                dram_init
 .text.dram_init_banksize
                0x80801722       0x14 arch/arm/mach-omap2/built-in.o
                0x80801722                dram_init_banksize
 *fill*         0x80801736        0x2 
 .text.am33xx_otg1_set_phy_power
                0x80801738       0x20 arch/arm/mach-omap2/built-in.o
 .text.am33xx_otg0_set_phy_power
                0x80801758       0x20 arch/arm/mach-omap2/built-in.o
 .text.cpu_mmc_init
                0x80801778       0x28 arch/arm/mach-omap2/built-in.o
                0x80801778                cpu_mmc_init
 .text.arch_misc_init
                0x808017a0       0x34 arch/arm/mach-omap2/built-in.o
                0x808017a0                arch_misc_init
 .text.arch_cpu_init_dm
                0x808017d4        0x4 arch/arm/mach-omap2/built-in.o
                0x808017d4                arch_cpu_init_dm
 .text.clk_synthesizer_reg_write
                0x808017d8       0x38 arch/arm/mach-omap2/built-in.o
 .text.setup_clock_synthesizer
                0x80801810       0x84 arch/arm/mach-omap2/built-in.o
                0x80801810                setup_clock_synthesizer
 .text.reset_cpu
                0x80801894       0x10 arch/arm/mach-omap2/built-in.o
                0x80801894                reset_cpu
 .text.timer_init
                0x808018a4       0x1c arch/arm/mach-omap2/built-in.o
                0x808018a4                timer_init
 .text.__udelay
                0x808018c0       0x34 arch/arm/mach-omap2/built-in.o
                0x808018c0                __udelay
 .text.get_timer_masked
                0x808018f4       0x54 arch/arm/mach-omap2/built-in.o
                0x808018f4                get_timer_masked
 .text.get_timer
                0x80801948        0xc arch/arm/mach-omap2/built-in.o
                0x80801948                get_timer
 .text.get_ticks
                0x80801954        0xa arch/arm/mach-omap2/built-in.o
                0x80801954                get_ticks
 .text.get_tbclk
                0x8080195e        0x6 arch/arm/mach-omap2/built-in.o
                0x8080195e                get_tbclk
 .text.enable_caches
                0x80801964        0x4 arch/arm/mach-omap2/built-in.o
                0x80801964                enable_caches
 .text.dram_bank_mmu_setup
                0x80801968       0x26 arch/arm/mach-omap2/built-in.o
                0x80801968                dram_bank_mmu_setup
 .text.arm_init_domains
                0x8080198e       0x16 arch/arm/mach-omap2/built-in.o
                0x8080198e                arm_init_domains
 .text.fb_set_reboot_flag
                0x808019a4       0x24 arch/arm/mach-omap2/built-in.o
                0x808019a4                fb_set_reboot_flag
 .text.board_ti_is
                0x808019c8       0x30 board/ti/common/built-in.o
                0x808019c8                board_ti_is
 .text.board_ti_get_rev
                0x808019f8        0x8 board/ti/common/built-in.o
                0x808019f8                board_ti_get_rev
 .text.board_ti_get_config
                0x80801a00        0x8 board/ti/common/built-in.o
                0x80801a00                board_ti_get_config
 .text.set_board_info_env
                0x80801a08       0x3c board/ti/common/built-in.o
                0x80801a08                set_board_info_env
 .text.do_go_exec
                0x80801a44        0x8 cmd/built-in.o
                0x80801a44                do_go_exec
 .text.do_go    0x80801a4c       0x4c cmd/built-in.o
 .text.do_bootm
                0x80801a98       0xa8 cmd/built-in.o
                0x80801a98                do_bootm
 .text.do_bootd
                0x80801b40       0x18 cmd/built-in.o
                0x80801b40                do_bootd
 .text.image_info
                0x80801b58       0xdc cmd/built-in.o
 .text.do_iminfo
                0x80801c34       0x40 cmd/built-in.o
 .text.bootm_maybe_autostart
                0x80801c74       0x4c cmd/built-in.o
                0x80801c74                bootm_maybe_autostart
 .text.do_help  0x80801cc0       0x30 cmd/built-in.o
 .text.do_version
                0x80801cf0       0x2c cmd/built-in.o
 .text.source   0x80801d1c      0x120 cmd/built-in.o
                0x80801d1c                source
 .text.do_source
                0x80801e3c       0x50 cmd/built-in.o
 .text.print_num
                0x80801e8c       0x10 cmd/built-in.o
 .text.do_bdinfo
                0x80801e9c      0x138 cmd/built-in.o
 .text.bootefi_open_dp
                0x80801fd4        0xc cmd/built-in.o
 .text.do_bootefi_exec
                0x80801fe0      0x1c8 cmd/built-in.o
 .text.do_bootefi
                0x808021a8       0x5c cmd/built-in.o
 .text.efi_set_bootdev
                0x80802204       0xe8 cmd/built-in.o
                0x80802204                efi_set_bootdev
 .text.do_bootz
                0x808022ec       0xa4 cmd/built-in.o
                0x808022ec                do_bootz
 .text.do_coninfo
                0x80802390       0x88 cmd/built-in.o
 .text.do_echo  0x80802418       0x74 cmd/built-in.o
 .text.parse_numeric_param
                0x8080248c       0x1c cmd/built-in.o
 .text.parse_i2c_bus_addr
                0x808024a8       0x54 cmd/built-in.o
 .text.eeprom_write_enable
                0x808024fc        0x4 cmd/built-in.o
                0x808024fc                eeprom_write_enable
 .text.eeprom_init
                0x80802500       0x18 cmd/built-in.o
                0x80802500                eeprom_init
 .text.eeprom_read
                0x80802518       0x4a cmd/built-in.o
                0x80802518                eeprom_read
 .text.eeprom_write
                0x80802562       0x66 cmd/built-in.o
                0x80802562                eeprom_write
 .text.do_eeprom
                0x808025c8      0x108 cmd/built-in.o
                0x808025c8                do_eeprom
 .text.load_elf_image_shdr
                0x808026d0       0x4a cmd/built-in.o
 *fill*         0x8080271a        0x2 
 .text.valid_elf_image
                0x8080271c       0x30 cmd/built-in.o
                0x8080271c                valid_elf_image
 .text.do_bootelf
                0x8080274c      0x118 cmd/built-in.o
                0x8080274c                do_bootelf
 .text.do_bootvx
                0x80802864      0x238 cmd/built-in.o
                0x80802864                do_bootvx
 .text.do_exit  0x80802a9c       0x1e cmd/built-in.o
 .text.do_ext4_size
                0x80802aba        0xe cmd/built-in.o
                0x80802aba                do_ext4_size
 .text.do_ext4_load
                0x80802ac8        0xe cmd/built-in.o
                0x80802ac8                do_ext4_load
 .text.do_ext4_ls
                0x80802ad6        0xe cmd/built-in.o
                0x80802ad6                do_ext4_ls
 .text.do_ext4_write
                0x80802ae4        0xe cmd/built-in.o
                0x80802ae4                do_ext4_write
 .text.do_ext2load
                0x80802af2        0xe cmd/built-in.o
                0x80802af2                do_ext2load
 .text.do_ext2ls
                0x80802b00        0xe cmd/built-in.o
 .text.do_fat_size
                0x80802b0e        0xe cmd/built-in.o
                0x80802b0e                do_fat_size
 .text.do_fat_fsload
                0x80802b1c        0xe cmd/built-in.o
                0x80802b1c                do_fat_fsload
 .text.do_fat_ls
                0x80802b2a        0xe cmd/built-in.o
 .text.do_fat_fsinfo
                0x80802b38       0x58 cmd/built-in.o
 .text.do_fat_fswrite
                0x80802b90       0xc0 cmd/built-in.o
 .text.fdt_valid
                0x80802c50       0x74 cmd/built-in.o
 .text.is_printable_string
                0x80802cc4       0x50 cmd/built-in.o
 .text.print_data
                0x80802d14      0x104 cmd/built-in.o
 .text.set_working_fdt_addr
                0x80802e18       0x14 cmd/built-in.o
                0x80802e18                set_working_fdt_addr
 .text.do_fdt   0x80802e2c      0x9ac cmd/built-in.o
 .text.do_size_wrapper
                0x808037d8        0xe cmd/built-in.o
 *fill*         0x808037e6        0x2 
 .text.do_load_wrapper
                0x808037e8       0x40 cmd/built-in.o
 .text.do_save_wrapper
                0x80803828        0xe cmd/built-in.o
 .text.do_ls_wrapper
                0x80803836        0xe cmd/built-in.o
 .text.do_fstype_wrapper
                0x80803844        0x4 cmd/built-in.o
 .text.gpio_get_description
                0x80803848       0x7c cmd/built-in.o
 .text.do_gpio  0x808038c4      0x218 cmd/built-in.o
 .text.do_i2c   0x80803adc       0x3c cmd/built-in.o
 .text.do_i2c_bus_speed
                0x80803b18       0x50 cmd/built-in.o
 .text.do_i2c_reset
                0x80803b68       0x26 cmd/built-in.o
 *fill*         0x80803b8e        0x2 
 .text.do_i2c_probe
                0x80803b90       0x58 cmd/built-in.o
 .text.do_i2c_bus_num
                0x80803be8       0x80 cmd/built-in.o
 .text.do_i2c_show_bus
                0x80803c68       0x8c cmd/built-in.o
 .text.get_alen.constprop.4
                0x80803cf4       0x1c cmd/built-in.o
 .text.do_i2c_crc
                0x80803d10       0xbc cmd/built-in.o
 .text.do_i2c_write
                0x80803dcc       0xd8 cmd/built-in.o
 .text.do_i2c_mw
                0x80803ea4       0xa4 cmd/built-in.o
 .text.do_i2c_read
                0x80803f48       0x78 cmd/built-in.o
 .text.do_i2c_md
                0x80803fc0      0x140 cmd/built-in.o
 .text.mod_i2c_mem.isra.3
                0x80804100      0x150 cmd/built-in.o
 .text.do_i2c_nm
                0x80804250        0x6 cmd/built-in.o
 .text.do_i2c_mm
                0x80804256        0x6 cmd/built-in.o
 .text.do_i2c_loop
                0x8080425c       0x98 cmd/built-in.o
 .text.i2c_init_board
                0x808042f4        0x2 cmd/built-in.o
                0x808042f4                i2c_init_board
 .text.evalexp  0x808042f6       0x46 cmd/built-in.o
 .text.evalstr  0x8080433c       0x3e cmd/built-in.o
 *fill*         0x8080437a        0x2 
 .text.binary_test
                0x8080437c      0x12c cmd/built-in.o
 .text.do_itest
                0x808044a8       0x54 cmd/built-in.o
 .text.bin_data_init
                0x808044fc       0x1c cmd/built-in.o
 .text.k_data_save
                0x80804518       0x34 cmd/built-in.o
 .text.k_data_restore
                0x8080454c       0x34 cmd/built-in.o
 .text.getcxmodem
                0x80804580       0x16 cmd/built-in.o
 *fill*         0x80804596        0x2 
 .text.load_serial_ymodem
                0x80804598       0x8c cmd/built-in.o
 .text.bin_data_char
                0x80804624       0x1c cmd/built-in.o
 .text.chk1.constprop.1
                0x80804640       0x20 cmd/built-in.o
 .text.s1_sendpacket.constprop.2
                0x80804660       0x34 cmd/built-in.o
 .text.load_serial
                0x80804694      0x13c cmd/built-in.o
 .text.do_load_serial
                0x808047d0       0x90 cmd/built-in.o
 .text.do_load_serial_bin
                0x80804860      0x56c cmd/built-in.o
 .text.do_mem_mw
                0x80804dcc       0x80 cmd/built-in.o
 .text.do_mem_loop
                0x80804e4c       0x8e cmd/built-in.o
 *fill*         0x80804eda        0x2 
 .text.do_mem_md
                0x80804edc       0xa0 cmd/built-in.o
 .text.do_mem_base
                0x80804f7c       0x28 cmd/built-in.o
 .text.do_mem_cp
                0x80804fa4       0x88 cmd/built-in.o
 .text.do_mem_cmp
                0x8080502c       0xf8 cmd/built-in.o
 .text.do_mem_crc
                0x80805124       0x2c cmd/built-in.o
 .text.mod_mem.isra.2
                0x80805150       0xec cmd/built-in.o
 .text.do_mem_mm
                0x8080523c        0x6 cmd/built-in.o
 .text.do_mem_nm
                0x80805242        0x6 cmd/built-in.o
 .text.extract_range
                0x80805248       0x78 cmd/built-in.o
 .text.do_mii   0x808052c0      0x624 cmd/built-in.o
 .text.do_mdio  0x808058e4      0x31c cmd/built-in.o
 .text.do_sleep
                0x80805c00       0x86 cmd/built-in.o
 *fill*         0x80805c86        0x2 
 .text.do_mmcops
                0x80805c88       0x78 cmd/built-in.o
 .text.init_mmc_device
                0x80805d00       0x34 cmd/built-in.o
 .text.do_mmc_rescan
                0x80805d34       0x18 cmd/built-in.o
 .text.do_mmc_hwpartition
                0x80805d4c      0x3a8 cmd/built-in.o
 .text.do_mmc_list
                0x808060f4        0xc cmd/built-in.o
 .text.do_mmc_dev
                0x80806100       0xcc cmd/built-in.o
 .text.do_mmc_part
                0x808061cc       0x38 cmd/built-in.o
 .text.do_mmc_erase
                0x80806204       0x9c cmd/built-in.o
 .text.do_mmc_write
                0x808062a0       0xb0 cmd/built-in.o
 .text.do_mmc_read
                0x80806350       0xa8 cmd/built-in.o
 .text.sprintf_speed
                0x808063f8       0x7c cmd/built-in.o
 .text.do_mmcinfo
                0x80806474      0x31c cmd/built-in.o
 .text.do_mmc_setdsr
                0x80806790       0x74 cmd/built-in.o
 .text.netboot_common
                0x80806804      0x1c8 cmd/built-in.o
 .text.do_bootp
                0x808069cc        0x8 cmd/built-in.o
 .text.do_dhcp  0x808069d4        0x8 cmd/built-in.o
 .text.do_nfs   0x808069dc        0x8 cmd/built-in.o
 .text.do_tftpb
                0x808069e4       0x26 cmd/built-in.o
                0x808069e4                do_tftpb
 *fill*         0x80806a0a        0x2 
 .text.do_ping  0x80806a0c       0x4c cmd/built-in.o
 .text.do_part_list
                0x80806a58       0xe8 cmd/built-in.o
 .text.do_part_start
                0x80806b40       0x84 cmd/built-in.o
 .text.do_part_size
                0x80806bc4       0x84 cmd/built-in.o
 .text.do_part  0x80806c48       0xac cmd/built-in.o
 .text.eol_or_eof
                0x80806cf4       0x12 cmd/built-in.o
 *fill*         0x80806d06        0x2 
 .text.do_pxe   0x80806d08       0x48 cmd/built-in.o
 .text.label_print
                0x80806d50       0x14 cmd/built-in.o
 .text.do_get_tftp
                0x80806d64       0x2c cmd/built-in.o
 .text.from_env
                0x80806d90       0x1c cmd/built-in.o
 .text.get_string
                0x80806dac       0x7c cmd/built-in.o
 .text.label_destroy
                0x80806e28       0x3e cmd/built-in.o
 .text.destroy_pxe_menu
                0x80806e66       0x36 cmd/built-in.o
 .text.get_token
                0x80806e9c       0xa4 cmd/built-in.o
 .text.parse_sliteral
                0x80806f40       0x34 cmd/built-in.o
 .text.parse_integer
                0x80806f74       0x44 cmd/built-in.o
 .text.do_get_any
                0x80806fb8       0x2c cmd/built-in.o
 .text.do_get_fat
                0x80806fe4       0x28 cmd/built-in.o
 .text.do_get_ext2
                0x8080700c       0x28 cmd/built-in.o
 .text.format_mac_pxe.constprop.9
                0x80807034       0x54 cmd/built-in.o
 .text.get_relfile
                0x80807088       0xcc cmd/built-in.o
 .text.get_pxe_file
                0x80807154       0x3c cmd/built-in.o
 .text.handle_include
                0x80807190       0x68 cmd/built-in.o
 .text.parse_pxefile_top
                0x808071f8      0x318 cmd/built-in.o
 .text.parse_pxefile
                0x80807510       0x40 cmd/built-in.o
 .text.get_pxelinux_path
                0x80807550       0x54 cmd/built-in.o
 .text.do_pxe_get
                0x808075a4       0xe4 cmd/built-in.o
 .text.get_relfile_envaddr
                0x80807688       0x34 cmd/built-in.o
 .text.label_boot
                0x808076bc      0x3c8 cmd/built-in.o
 .text.handle_pxe_menu
                0x80807a84       0xe4 cmd/built-in.o
 .text.do_pxe_boot
                0x80807b68       0x94 cmd/built-in.o
 .text.do_sysboot
                0x80807bfc      0x140 cmd/built-in.o
 .text.bytes_per_second
                0x80807d3c       0x34 cmd/built-in.o
 .text.do_spi_flash
                0x80807d70      0x564 cmd/built-in.o
 .text.do_spi   0x808082d4      0x1b0 cmd/built-in.o
                0x808082d4                do_spi
 .text.do_time  0x80808484       0x8c cmd/built-in.o
 .text.do_false
                0x80808510        0x4 cmd/built-in.o
 .text.do_true  0x80808514        0x4 cmd/built-in.o
 .text.do_test  0x80808518      0x224 cmd/built-in.o
 .text.usb_get_class_desc
                0x8080873c       0x74 cmd/built-in.o
 .text.usb_find_device
                0x808087b0       0x1e cmd/built-in.o
 *fill*         0x808087ce        0x2 
 .text.usb_show_tree_graph
                0x808087d0      0x170 cmd/built-in.o
 .text.usb_display_class_sub
                0x80808940       0xf4 cmd/built-in.o
 .text.usb_display_string
                0x80808a34       0x2c cmd/built-in.o
 .text.usb_display_config
                0x80808a60      0x19c cmd/built-in.o
 .text.do_usbboot
                0x80808bfc        0xc cmd/built-in.o
 .text.usb_display_desc.part.5
                0x80808c08       0xd0 cmd/built-in.o
 .text.do_usb_start
                0x80808cd8       0x20 cmd/built-in.o
 .text.usb_show_tree
                0x80808cf8       0x30 cmd/built-in.o
                0x80808cf8                usb_show_tree
 .text.do_usb   0x80808d28      0x4c4 cmd/built-in.o
 .text.common_diskboot
                0x808091ec      0x1cc cmd/built-in.o
                0x808091ec                common_diskboot
 .text.do_fastboot
                0x808093b8       0x94 cmd/built-in.o
 .text.do_imgextract
                0x8080944c      0x28c cmd/built-in.o
 .text.do_spl   0x808096d8      0x100 cmd/built-in.o
 .text.do_dfu   0x808097d8       0x88 cmd/built-in.o
 .text.extract_val
                0x80809860       0x5c cmd/built-in.o
 .text.extract_env
                0x808098bc       0x80 cmd/built-in.o
 .text.set_gpt_info.isra.1.constprop.2
                0x8080993c      0x29c cmd/built-in.o
 .text.do_gpt   0x80809bd8      0x1dc cmd/built-in.o
 .text.do_env_delete
                0x80809db4       0x60 cmd/built-in.o
 .text.do_env_exists
                0x80809e14       0x3c cmd/built-in.o
 .text.do_env_save
                0x80809e50       0x20 cmd/built-in.o
 .text.do_env   0x80809e70       0x3c cmd/built-in.o
 .text.env_print
                0x80809eac       0x74 cmd/built-in.o
 .text.do_env_print
                0x80809f20       0x74 cmd/built-in.o
 .text.do_env_import
                0x80809f94      0x180 cmd/built-in.o
 .text.do_env_default
                0x8080a114       0x54 cmd/built-in.o
[...]
 .ARM.attributes
                0x00000376       0x2d drivers/usb/musb-new/built-in.o
 .ARM.attributes
                0x000003a3       0x2d fs/built-in.o
 .ARM.attributes
                0x000003d0       0x2d lib/built-in.o
 .ARM.attributes
                0x000003fd       0x2d net/built-in.o
 .ARM.attributes
                0x0000042a       0x2d test/dm/built-in.o
 .ARM.attributes
                0x00000457       0x1f arch/arm/lib/lib.a(ashldi3.o)
 .ARM.attributes
                0x00000476       0x1f arch/arm/lib/lib.a(lib1funcs.o)
 .ARM.attributes
                0x00000495       0x1f arch/arm/lib/lib.a(lshrdi3.o)
 .ARM.attributes
                0x000004b4       0x2d arch/arm/lib/lib.a(div0.o)

.comment        0x00000000       0x2b
 .comment       0x00000000       0x2b board/ti/am335x/built-in.o
                                 0x2c (size before relaxing)
 .comment       0x00000000       0xb0 arch/arm/cpu/armv7/built-in.o
 .comment       0x00000000      0x1b8 arch/arm/lib/built-in.o
 .comment       0x00000000      0x2c0 arch/arm/mach-omap2/built-in.o
 .comment       0x00000000       0x2c board/ti/common/built-in.o
 .comment       0x00000000      0x764 cmd/built-in.o
 .comment       0x00000000      0x70c common/built-in.o
 .comment       0x00000000       0xb0 disk/built-in.o
 .comment       0x00000000      0x344 drivers/built-in.o
 .comment       0x00000000       0x58 drivers/gpio/built-in.o
 .comment       0x00000000       0x58 drivers/i2c/built-in.o
 .comment       0x00000000       0xb0 drivers/mmc/built-in.o
 .comment       0x00000000       0x58 drivers/mtd/built-in.o
 .comment       0x00000000       0xb0 drivers/mtd/spi/built-in.o
 .comment       0x00000000       0x58 drivers/net/built-in.o
 .comment       0x00000000       0x84 drivers/net/phy/built-in.o
 .comment       0x00000000       0x58 drivers/serial/built-in.o
 .comment       0x00000000       0x58 drivers/spi/built-in.o
 .comment       0x00000000      0x160 drivers/usb/gadget/built-in.o
 .comment       0x00000000      0x108 drivers/usb/musb-new/built-in.o
 .comment       0x00000000      0x18c fs/built-in.o
 .comment       0x00000000      0x948 lib/built-in.o
 .comment       0x00000000      0x18c net/built-in.o
 .comment       0x00000000       0x2c test/dm/built-in.o
 .comment       0x00000000       0x2c arch/arm/lib/lib.a(div0.o)

.note.GNU-stack
                0x00000000        0x0
 .note.GNU-stack
                0x00000000        0x0 board/ti/am335x/built-in.o
 .note.GNU-stack
                0x00000000        0x0 arch/arm/cpu/armv7/built-in.o
 .note.GNU-stack
                0x00000000        0x0 arch/arm/lib/built-in.o
 .note.GNU-stack
                0x00000000        0x0 arch/arm/mach-omap2/built-in.o
 .note.GNU-stack
                0x00000000        0x0 board/ti/common/built-in.o
 .note.GNU-stack
                0x00000000        0x0 cmd/built-in.o
 .note.GNU-stack
                0x00000000        0x0 common/built-in.o
 .note.GNU-stack
                0x00000000        0x0 disk/built-in.o
 .note.GNU-stack
                0x00000000        0x0 drivers/built-in.o
 .note.GNU-stack
                0x00000000        0x0 drivers/gpio/built-in.o
 .note.GNU-stack
                0x00000000        0x0 drivers/i2c/built-in.o
 .note.GNU-stack
                0x00000000        0x0 drivers/mmc/built-in.o
 .note.GNU-stack
                0x00000000        0x0 drivers/mtd/built-in.o
 .note.GNU-stack
                0x00000000        0x0 drivers/mtd/spi/built-in.o
 .note.GNU-stack
                0x00000000        0x0 drivers/net/built-in.o
 .note.GNU-stack
                0x00000000        0x0 drivers/net/phy/built-in.o
 .note.GNU-stack
                0x00000000        0x0 drivers/serial/built-in.o
 .note.GNU-stack
                0x00000000        0x0 drivers/spi/built-in.o
 .note.GNU-stack
                0x00000000        0x0 drivers/usb/gadget/built-in.o
 .note.GNU-stack
                0x00000000        0x0 drivers/usb/musb-new/built-in.o
 .note.GNU-stack
                0x00000000        0x0 fs/built-in.o
 .note.GNU-stack
                0x00000000        0x0 lib/built-in.o
 .note.GNU-stack
                0x00000000        0x0 net/built-in.o
 .note.GNU-stack
                0x00000000        0x0 test/dm/built-in.o
 .note.GNU-stack
                0x00000000        0x0 arch/arm/lib/lib.a(div0.o)

.debug_line     0x00000000    0x2cb94
 .debug_line    0x00000000       0x89 arch/arm/cpu/armv7/start.o
 .debug_line    0x00000089      0x38d board/ti/am335x/built-in.o
 .debug_line    0x00000416      0x54c arch/arm/cpu/armv7/built-in.o
 .debug_line    0x00000962     0x105e arch/arm/lib/built-in.o
 .debug_line    0x000019c0     0x1770 arch/arm/mach-omap2/built-in.o
 .debug_line    0x00003130      0x373 board/ti/common/built-in.o
 .debug_line    0x000034a3     0x5f6d cmd/built-in.o
 .debug_line    0x00009410     0x8751 common/built-in.o
 .debug_line    0x00011b61     0x11c5 disk/built-in.o
 .debug_line    0x00012d26     0x2b28 drivers/built-in.o
 .debug_line    0x0001584e      0x96a drivers/gpio/built-in.o
 .debug_line    0x000161b8      0x62c drivers/i2c/built-in.o
 .debug_line    0x000167e4     0x12e3 drivers/mmc/built-in.o
 .debug_line    0x00017ac7      0x69a drivers/mtd/built-in.o
 .debug_line    0x00018161      0x72e drivers/mtd/spi/built-in.o
 .debug_line    0x0001888f      0x768 drivers/net/built-in.o
 .debug_line    0x00018ff7      0x8f7 drivers/net/phy/built-in.o
 .debug_line    0x000198ee      0x616 drivers/serial/built-in.o
 .debug_line    0x00019f04      0x422 drivers/spi/built-in.o
 .debug_line    0x0001a326     0x269a drivers/usb/gadget/built-in.o
 .debug_line    0x0001c9c0     0x2a3a drivers/usb/musb-new/built-in.o
 .debug_line    0x0001f3fa     0x3258 fs/built-in.o
 .debug_line    0x00022652     0x8318 lib/built-in.o
 .debug_line    0x0002a96a     0x1f17 net/built-in.o
 .debug_line    0x0002c881      0x126 test/dm/built-in.o
 .debug_line    0x0002c9a7       0x50 arch/arm/lib/lib.a(ashldi3.o)
 .debug_line    0x0002c9f7      0x106 arch/arm/lib/lib.a(lib1funcs.o)
 .debug_line    0x0002cafd       0x50 arch/arm/lib/lib.a(lshrdi3.o)
 .debug_line    0x0002cb4d       0x47 arch/arm/lib/lib.a(div0.o)

.debug_info     0x00000000   0x123abd
 .debug_info    0x00000000       0x75 arch/arm/cpu/armv7/start.o
 .debug_info    0x00000075     0x18ea board/ti/am335x/built-in.o
 .debug_info    0x0000195f     0x14c2 arch/arm/cpu/armv7/built-in.o
 .debug_info    0x00002e21     0x517c arch/arm/lib/built-in.o
 .debug_info    0x00007f9d     0xa2f7 arch/arm/mach-omap2/built-in.o
 .debug_info    0x00012294     0x1395 board/ti/common/built-in.o
 .debug_info    0x00013629    0x2dfda cmd/built-in.o
 .debug_info    0x00041603    0x37dd1 common/built-in.o
 .debug_info    0x000793d4     0x6c05 disk/built-in.o
 .debug_info    0x0007ffd9    0x11fea drivers/built-in.o
 .debug_info    0x00091fc3     0x3ea1 drivers/gpio/built-in.o
 .debug_info    0x00095e64     0x3305 drivers/i2c/built-in.o
 .debug_info    0x00099169     0x8d79 drivers/mmc/built-in.o
 .debug_info    0x000a1ee2     0x20c5 drivers/mtd/built-in.o
 .debug_info    0x000a3fa7     0x3407 drivers/mtd/spi/built-in.o
 .debug_info    0x000a73ae     0x44dc drivers/net/built-in.o
 .debug_info    0x000ab88a     0x3a03 drivers/net/phy/built-in.o
 .debug_info    0x000af28d     0x2e15 drivers/serial/built-in.o
 .debug_info    0x000b20a2     0x21e3 drivers/spi/built-in.o
 .debug_info    0x000b4285    0x1092e drivers/usb/gadget/built-in.o
 .debug_info    0x000c4bb3    0x16490 drivers/usb/musb-new/built-in.o
 .debug_info    0x000db043    0x142b6 fs/built-in.o
 .debug_info    0x000ef2f9    0x285b2 lib/built-in.o
 .debug_info    0x001178ab     0xb9e2 net/built-in.o
 .debug_info    0x0012328d      0x68c test/dm/built-in.o
 .debug_info    0x00123919       0x71 arch/arm/lib/lib.a(ashldi3.o)
 .debug_info    0x0012398a       0x6f arch/arm/lib/lib.a(lib1funcs.o)
 .debug_info    0x001239f9       0x71 arch/arm/lib/lib.a(lshrdi3.o)
 .debug_info    0x00123a6a       0x53 arch/arm/lib/lib.a(div0.o)

.debug_abbrev   0x00000000    0x2e30b
 .debug_abbrev  0x00000000       0x14 arch/arm/cpu/armv7/start.o
 .debug_abbrev  0x00000014      0x3ff board/ti/am335x/built-in.o
 .debug_abbrev  0x00000413      0x685 arch/arm/cpu/armv7/built-in.o
 .debug_abbrev  0x00000a98     0x1337 arch/arm/lib/built-in.o
 .debug_abbrev  0x00001dcf     0x210f arch/arm/mach-omap2/built-in.o
 .debug_abbrev  0x00003ede      0x41e board/ti/common/built-in.o
 .debug_abbrev  0x000042fc     0x7995 cmd/built-in.o
 .debug_abbrev  0x0000bc91     0x8783 common/built-in.o
 .debug_abbrev  0x00014414     0x11ad disk/built-in.o
 .debug_abbrev  0x000155c1     0x33a2 drivers/built-in.o
 .debug_abbrev  0x00018963      0x846 drivers/gpio/built-in.o
 .debug_abbrev  0x000191a9      0x7bd drivers/i2c/built-in.o
 .debug_abbrev  0x00019966     0x11a0 drivers/mmc/built-in.o
 .debug_abbrev  0x0001ab06      0x60b drivers/mtd/built-in.o
 .debug_abbrev  0x0001b111      0x9eb drivers/mtd/spi/built-in.o
 .debug_abbrev  0x0001bafc      0x6c3 drivers/net/built-in.o
 .debug_abbrev  0x0001c1bf      0x95c drivers/net/phy/built-in.o
 .debug_abbrev  0x0001cb1b      0x7cf drivers/serial/built-in.o
 .debug_abbrev  0x0001d2ea      0x605 drivers/spi/built-in.o
 .debug_abbrev  0x0001d8ef     0x2231 drivers/usb/gadget/built-in.o
 .debug_abbrev  0x0001fb20     0x1f4a drivers/usb/musb-new/built-in.o
 .debug_abbrev  0x00021a6a     0x22af fs/built-in.o
 .debug_abbrev  0x00023d19     0x813f lib/built-in.o
 .debug_abbrev  0x0002be58     0x2243 net/built-in.o
 .debug_abbrev  0x0002e09b      0x1e9 test/dm/built-in.o
 .debug_abbrev  0x0002e284       0x14 arch/arm/lib/lib.a(ashldi3.o)
 .debug_abbrev  0x0002e298       0x12 arch/arm/lib/lib.a(lib1funcs.o)
 .debug_abbrev  0x0002e2aa       0x14 arch/arm/lib/lib.a(lshrdi3.o)
 .debug_abbrev  0x0002e2be       0x4d arch/arm/lib/lib.a(div0.o)

.debug_aranges  0x00000000     0x5be0
 .debug_aranges
                0x00000000       0x20 arch/arm/cpu/armv7/start.o
 .debug_aranges
                0x00000020       0x48 board/ti/am335x/built-in.o
 .debug_aranges
                0x00000068      0x120 arch/arm/cpu/armv7/built-in.o
 .debug_aranges
                0x00000188      0x310 arch/arm/lib/built-in.o
 .debug_aranges
                0x00000498      0x3a8 arch/arm/mach-omap2/built-in.o
 .debug_aranges
                0x00000840       0xa8 board/ti/common/built-in.o
 .debug_aranges
                0x000008e8      0xa68 cmd/built-in.o
 .debug_aranges
                0x00001350     0x12c0 common/built-in.o
 .debug_aranges
                0x00002610      0x1a0 disk/built-in.o
 .debug_aranges
                0x000027b0      0x6a0 drivers/built-in.o
 .debug_aranges
                0x00002e50      0x1c0 drivers/gpio/built-in.o
 .debug_aranges
                0x00003010      0x100 drivers/i2c/built-in.o
 .debug_aranges
                0x00003110      0x228 drivers/mmc/built-in.o
 .debug_aranges
                0x00003338      0x130 drivers/mtd/built-in.o
 .debug_aranges
                0x00003468       0xc8 drivers/mtd/spi/built-in.o
 .debug_aranges
                0x00003530       0xc8 drivers/net/built-in.o
 .debug_aranges
                0x000035f8      0x130 drivers/net/phy/built-in.o
 .debug_aranges
                0x00003728      0x130 drivers/serial/built-in.o
 .debug_aranges
                0x00003858       0x90 drivers/spi/built-in.o
 .debug_aranges
                0x000038e8      0x4d0 drivers/usb/gadget/built-in.o
 .debug_aranges
                0x00003db8      0x2f0 drivers/usb/musb-new/built-in.o
 .debug_aranges
                0x000040a8      0x4c0 fs/built-in.o
 .debug_aranges
                0x00004568     0x1198 lib/built-in.o
 .debug_aranges
                0x00005700      0x400 net/built-in.o
 .debug_aranges
                0x00005b00       0x38 test/dm/built-in.o
 .debug_aranges
                0x00005b38       0x20 arch/arm/lib/lib.a(ashldi3.o)
 .debug_aranges
                0x00005b58       0x48 arch/arm/lib/lib.a(lib1funcs.o)
 .debug_aranges
                0x00005ba0       0x20 arch/arm/lib/lib.a(lshrdi3.o)
 .debug_aranges
                0x00005bc0       0x20 arch/arm/lib/lib.a(div0.o)

.debug_frame    0x00000000    0x106b0
 .debug_frame   0x00000000       0xd8 board/ti/am335x/built-in.o
 .debug_frame   0x000000d8      0x1e4 arch/arm/cpu/armv7/built-in.o
 .debug_frame   0x000002bc      0x4a8 arch/arm/lib/built-in.o
 .debug_frame   0x00000764      0x6d0 arch/arm/mach-omap2/built-in.o
 .debug_frame   0x00000e34      0x1c0 board/ti/common/built-in.o
 .debug_frame   0x00000ff4     0x1cf8 cmd/built-in.o
 .debug_frame   0x00002cec     0x3740 common/built-in.o
 .debug_frame   0x0000642c      0x5e8 disk/built-in.o
 .debug_frame   0x00006a14     0x1234 drivers/built-in.o
 .debug_frame   0x00007c48      0x658 drivers/gpio/built-in.o
 .debug_frame   0x000082a0      0x338 drivers/i2c/built-in.o
 .debug_frame   0x000085d8      0x68c drivers/mmc/built-in.o
 .debug_frame   0x00008c64      0x48c drivers/mtd/built-in.o
 .debug_frame   0x000090f0      0x20c drivers/mtd/spi/built-in.o
 .debug_frame   0x000092fc      0x298 drivers/net/built-in.o
 .debug_frame   0x00009594      0x364 drivers/net/phy/built-in.o
 .debug_frame   0x000098f8      0x330 drivers/serial/built-in.o
 .debug_frame   0x00009c28      0x14c drivers/spi/built-in.o
 .debug_frame   0x00009d74      0xdd0 drivers/usb/gadget/built-in.o
 .debug_frame   0x0000ab44      0x92c drivers/usb/musb-new/built-in.o
 .debug_frame   0x0000b470     0x109c fs/built-in.o
 .debug_frame   0x0000c50c     0x34a4 lib/built-in.o
 .debug_frame   0x0000f9b0      0xc64 net/built-in.o
 .debug_frame   0x00010614       0x7c test/dm/built-in.o
 .debug_frame   0x00010690       0x20 arch/arm/lib/lib.a(div0.o)

.debug_str      0x00000000    0x1d21c
 .debug_str     0x00000000      0xb07 board/ti/am335x/built-in.o
                                0xcbf (size before relaxing)
 .debug_str     0x00000b07      0x36d arch/arm/cpu/armv7/built-in.o
                               0x13dc (size before relaxing)
 .debug_str     0x00000e74     0x144a arch/arm/lib/built-in.o
                               0x45a7 (size before relaxing)
 .debug_str     0x000022be     0x2c44 arch/arm/mach-omap2/built-in.o
                               0x7e11 (size before relaxing)
 .debug_str     0x00004f02      0x24e board/ti/common/built-in.o
                                0x7ab (size before relaxing)
 .debug_str     0x00005150     0x4f22 cmd/built-in.o
                              0x18b62 (size before relaxing)
 .debug_str     0x0000a072     0x4906 common/built-in.o
                              0x20e34 (size before relaxing)
 .debug_str     0x0000e978      0x973 disk/built-in.o
                               0x2b13 (size before relaxing)
 .debug_str     0x0000f2eb     0x1492 drivers/built-in.o
                               0xb149 (size before relaxing)
 .debug_str     0x0001077d      0x4e9 drivers/gpio/built-in.o
                               0x2253 (size before relaxing)
 .debug_str     0x00010c66      0x294 drivers/i2c/built-in.o
                               0x1705 (size before relaxing)
 .debug_str     0x00010efa      0x8e4 drivers/mmc/built-in.o
                               0x37a9 (size before relaxing)
 .debug_str     0x000117de      0x45f drivers/mtd/built-in.o
                                0xf0e (size before relaxing)
 .debug_str     0x00011c3d      0x3ba drivers/mtd/spi/built-in.o
                               0x1fd3 (size before relaxing)
 .debug_str     0x00011ff7      0x6f7 drivers/net/built-in.o
                               0x2556 (size before relaxing)
 .debug_str     0x000126ee      0x333 drivers/net/phy/built-in.o
                               0x1f18 (size before relaxing)
 .debug_str     0x00012a21      0x3d3 drivers/serial/built-in.o
                               0x1eb0 (size before relaxing)
 .debug_str     0x00012df4      0x164 drivers/spi/built-in.o
                               0x1313 (size before relaxing)
 .debug_str     0x00012f58     0x1d7b drivers/usb/gadget/built-in.o
                               0x74dd (size before relaxing)
 .debug_str     0x00014cd3     0x1618 drivers/usb/musb-new/built-in.o
                               0xa054 (size before relaxing)
 .debug_str     0x000162eb     0x2118 fs/built-in.o
                               0x7b98 (size before relaxing)
 .debug_str     0x00018403     0x3ab1 lib/built-in.o
                              0x16bf6 (size before relaxing)
 .debug_str     0x0001beb4     0x12ce net/built-in.o
                               0x78b1 (size before relaxing)
 .debug_str     0x0001d182       0x7c test/dm/built-in.o
                                0x541 (size before relaxing)
 .debug_str     0x0001d1fe       0x1e arch/arm/lib/lib.a(div0.o)
                                0x1a1 (size before relaxing)

.debug_loc      0x00000000    0x93ed2
 .debug_loc     0x00000000      0x75e board/ti/am335x/built-in.o
 .debug_loc     0x0000075e      0x403 arch/arm/cpu/armv7/built-in.o
 .debug_loc     0x00000b61      0xb63 arch/arm/lib/built-in.o
 .debug_loc     0x000016c4     0x29da arch/arm/mach-omap2/built-in.o
 .debug_loc     0x0000409e      0x87e board/ti/common/built-in.o
 .debug_loc     0x0000491c    0x12e51 cmd/built-in.o
 .debug_loc     0x0001776d    0x19132 common/built-in.o
 .debug_loc     0x0003089f     0x30c6 disk/built-in.o
 .debug_loc     0x00033965     0x6bc2 drivers/built-in.o
 .debug_loc     0x0003a527     0x1c85 drivers/gpio/built-in.o
 .debug_loc     0x0003c1ac     0x1b33 drivers/i2c/built-in.o
 .debug_loc     0x0003dcdf     0x420a drivers/mmc/built-in.o
 .debug_loc     0x00041ee9     0x19ad drivers/mtd/built-in.o
 .debug_loc     0x00043896     0x1215 drivers/mtd/spi/built-in.o
 .debug_loc     0x00044aab     0x1aef drivers/net/built-in.o
 .debug_loc     0x0004659a     0x17a4 drivers/net/phy/built-in.o
 .debug_loc     0x00047d3e      0xb65 drivers/serial/built-in.o
 .debug_loc     0x000488a3      0xd59 drivers/spi/built-in.o
 .debug_loc     0x000495fc     0x865f drivers/usb/gadget/built-in.o
 .debug_loc     0x00051c5b     0xae83 drivers/usb/musb-new/built-in.o
 .debug_loc     0x0005cade     0xe8dd fs/built-in.o
 .debug_loc     0x0006b3bb    0x23da6 lib/built-in.o
 .debug_loc     0x0008f161     0x4b06 net/built-in.o
 .debug_loc     0x00093c67      0x26b test/dm/built-in.o

.debug_ranges   0x00000000     0xbad0
 .debug_ranges  0x00000000       0xe0 board/ti/am335x/built-in.o
 .debug_ranges  0x000000e0       0xd8 arch/arm/cpu/armv7/built-in.o
 .debug_ranges  0x000001b8      0x258 arch/arm/lib/built-in.o
 .debug_ranges  0x00000410      0x628 arch/arm/mach-omap2/built-in.o
 .debug_ranges  0x00000a38       0xe8 board/ti/common/built-in.o
 .debug_ranges  0x00000b20     0x13c8 cmd/built-in.o
 .debug_ranges  0x00001ee8     0x1e30 common/built-in.o
 .debug_ranges  0x00003d18      0x6c0 disk/built-in.o
 .debug_ranges  0x000043d8      0x980 drivers/built-in.o
 .debug_ranges  0x00004d58      0x230 drivers/gpio/built-in.o
 .debug_ranges  0x00004f88      0x4c8 drivers/i2c/built-in.o
 .debug_ranges  0x00005450      0x560 drivers/mmc/built-in.o
 .debug_ranges  0x000059b0      0x110 drivers/mtd/built-in.o
 .debug_ranges  0x00005ac0      0x198 drivers/mtd/spi/built-in.o
 .debug_ranges  0x00005c58      0x350 drivers/net/built-in.o
 .debug_ranges  0x00005fa8      0x3a0 drivers/net/phy/built-in.o
 .debug_ranges  0x00006348      0x198 drivers/serial/built-in.o
 .debug_ranges  0x000064e0      0x1d8 drivers/spi/built-in.o
 .debug_ranges  0x000066b8      0xc00 drivers/usb/gadget/built-in.o
 .debug_ranges  0x000072b8      0xf90 drivers/usb/musb-new/built-in.o
 .debug_ranges  0x00008248     0x10d0 fs/built-in.o
 .debug_ranges  0x00009318     0x1ee0 lib/built-in.o
 .debug_ranges  0x0000b1f8      0x860 net/built-in.o
 .debug_ranges  0x0000ba58       0x28 test/dm/built-in.o
 .debug_ranges  0x0000ba80       0x40 arch/arm/lib/lib.a(lib1funcs.o)
 .debug_ranges  0x0000bac0       0x10 arch/arm/lib/lib.a(div0.o)
