Archive member included to satisfy reference by file (symbol)

arch/arm/lib/lib.a(ashldi3.o)
                              lib/built-in.o (__aeabi_llsl)
arch/arm/lib/lib.a(lib1funcs.o)
                              arch/arm/mach-omap2/built-in.o (__aeabi_uidiv)
arch/arm/lib/lib.a(lshrdi3.o)
                              lib/built-in.o (__aeabi_llsr)
arch/arm/lib/lib.a(div0.o)    arch/arm/lib/lib.a(lib1funcs.o) (__div0)

Discarded input sections

 .data          0x00000000        0x0 arch/arm/cpu/armv7/start.o
 .bss           0x00000000        0x0 arch/arm/cpu/armv7/start.o
 .text.get_dpll_mpu_params
                0x00000000        0x8 arch/arm/mach-omap2/built-in.o
 .text.set_mpu_spreadspectrum
                0x00000000       0xbc arch/arm/mach-omap2/built-in.o
 .text.do_disable_clocks
                0x00000000       0x68 arch/arm/mach-omap2/built-in.o
 .text.scale_vcores
                0x00000000        0x2 arch/arm/mach-omap2/built-in.o
 .text.rtc_only_prcm_init
                0x00000000       0x1c arch/arm/mach-omap2/built-in.o
 .text.get_cpu_rev
                0x00000000       0x10 arch/arm/mach-omap2/built-in.o
 .text.get_cpu_type
                0x00000000       0x14 arch/arm/mach-omap2/built-in.o
 .text.get_device_type
                0x00000000       0x14 arch/arm/mach-omap2/built-in.o
 .text.get_sysboot_value
                0x00000000       0x14 arch/arm/mach-omap2/built-in.o
 .text.print_cpuinfo
                0x00000000       0x90 arch/arm/mach-omap2/built-in.o
 .text.dram_init
                0x00000000       0x1a arch/arm/mach-omap2/built-in.o
 .text.arch_cpu_init_dm
                0x00000000        0xa arch/arm/mach-omap2/built-in.o
 .text.ft_cpu_setup
                0x00000000        0x2 arch/arm/mach-omap2/built-in.o
 .text.clk_synthesizer_reg_write
                0x00000000       0x38 arch/arm/mach-omap2/built-in.o
 .text.setup_clock_synthesizer
                0x00000000       0x84 arch/arm/mach-omap2/built-in.o
 .text.warm_reset
                0x00000000       0x14 arch/arm/mach-omap2/built-in.o
 .text.setup_warmreset_time
                0x00000000        0x2 arch/arm/mach-omap2/built-in.o
 .text.get_ticks
                0x00000000        0xa arch/arm/mach-omap2/built-in.o
 .text.get_tbclk
                0x00000000        0x6 arch/arm/mach-omap2/built-in.o
 .text.do_cancel_out
                0x00000000       0x44 arch/arm/mach-omap2/built-in.o
 .text.cancel_out
                0x00000000       0x62 arch/arm/mach-omap2/built-in.o
 .text.omap_die_id
                0x00000000        0xc arch/arm/mach-omap2/built-in.o
 .text.omap_die_id_serial
                0x00000000       0x4c arch/arm/mach-omap2/built-in.o
 .text.omap_die_id_get_board_serial
                0x00000000       0x24 arch/arm/mach-omap2/built-in.o
 .text.omap_die_id_usbethaddr
                0x00000000       0x58 arch/arm/mach-omap2/built-in.o
 .text.omap_die_id_display
                0x00000000       0x2c arch/arm/mach-omap2/built-in.o
 .text.fb_set_reboot_flag
                0x00000000       0x24 arch/arm/mach-omap2/built-in.o
 .text.enable_gpmc_cs_config
                0x00000000       0x6c arch/arm/mach-omap2/built-in.o
 .text.set_gpmc_cs0
                0x00000000       0x18 arch/arm/mach-omap2/built-in.o
 .text.gpmc_init
                0x00000000       0x54 arch/arm/mach-omap2/built-in.o
 .rodata.cmrtc  0x00000000        0x4 arch/arm/mach-omap2/built-in.o
 .rodata.cmdpll
                0x00000000        0x4 arch/arm/mach-omap2/built-in.o
 .rodata.cmper  0x00000000        0x4 arch/arm/mach-omap2/built-in.o
 .rodata.dpll_core_opp100
                0x00000000       0x10 arch/arm/mach-omap2/built-in.o
 .rodata.dev_types
                0x00000000       0x10 arch/arm/mach-omap2/built-in.o
 .data          0x00000000        0x0 arch/arm/mach-omap2/built-in.o
 .data.cpu_revs_am43xx
                0x00000000        0xc arch/arm/mach-omap2/built-in.o
 .data.cpu_revs
                0x00000000        0xc arch/arm/mach-omap2/built-in.o
 .data.gpmc_cfg
                0x00000000        0x4 arch/arm/mach-omap2/built-in.o
 .data.gpmc_cs0_flash
                0x00000000        0x1 arch/arm/mach-omap2/built-in.o
 .bss           0x00000000        0x0 arch/arm/mach-omap2/built-in.o
 .text.v7_outer_cache_flush_range
                0x00000000        0x2 arch/arm/cpu/armv7/built-in.o
 .text.flush_dcache_range
                0x00000000       0x3a arch/arm/cpu/armv7/built-in.o
 .text.mmu_page_table_flush
                0x00000000       0x1e arch/arm/cpu/armv7/built-in.o
 .text.v7_outer_cache_inval_range
                0x00000000        0x2 arch/arm/cpu/armv7/built-in.o
 .text.invalidate_dcache_range
                0x00000000       0x42 arch/arm/cpu/armv7/built-in.o
 .text.v7_arch_cp15_set_l2aux_ctrl
                0x00000000        0x6 arch/arm/cpu/armv7/built-in.o
 .text.v7_arch_cp15_set_acr
                0x00000000        0x6 arch/arm/cpu/armv7/built-in.o
 .text.sdelay   0x00000000        0x6 arch/arm/cpu/armv7/built-in.o
 .data          0x00000000        0x0 arch/arm/cpu/armv7/built-in.o
 .bss           0x00000000        0x0 arch/arm/cpu/armv7/built-in.o
 .text.board_init_f
                0x00000000        0x2 arch/arm/lib/built-in.o
 .text.arch_fixup_fdt
                0x00000000       0x26 arch/arm/lib/built-in.o
 .text.arch_reserve_stacks
                0x00000000       0x10 arch/arm/lib/built-in.o
 .text.interrupt_init
                0x00000000       0x14 arch/arm/lib/built-in.o
 .text.enable_interrupts
                0x00000000        0x2 arch/arm/lib/built-in.o
 .text.bad_mode
                0x00000000        0xc arch/arm/lib/built-in.o
 .text.show_regs
                0x00000000      0x104 arch/arm/lib/built-in.o
 .text.do_undefined_instruction
                0x00000000       0x18 arch/arm/lib/built-in.o
 .text.do_software_interrupt
                0x00000000       0x18 arch/arm/lib/built-in.o
 .text.do_prefetch_abort
                0x00000000       0x18 arch/arm/lib/built-in.o
 .text.do_data_abort
                0x00000000       0x18 arch/arm/lib/built-in.o
 .text.do_not_used
                0x00000000       0x18 arch/arm/lib/built-in.o
 .text.do_fiq   0x00000000       0x18 arch/arm/lib/built-in.o
 .text.do_irq   0x00000000       0x18 arch/arm/lib/built-in.o
 .text.enable_caches
                0x00000000        0xc arch/arm/lib/built-in.o
 .text.invalidate_dcache_range
                0x00000000        0x2 arch/arm/lib/built-in.o
 .text.flush_dcache_range
                0x00000000        0x2 arch/arm/lib/built-in.o
 .text.flush_cache
                0x00000000        0x6 arch/arm/lib/built-in.o
 .text.flush_dcache_all
                0x00000000        0xa arch/arm/lib/built-in.o
 .text.check_cache_range
                0x00000000       0x14 arch/arm/lib/built-in.o
 .text.invalidate_l2_cache
                0x00000000        0xc arch/arm/lib/built-in.o
 .text.arm_init_before_mmu
                0x00000000        0x2 arch/arm/lib/built-in.o
 .text.arm_init_domains
                0x00000000        0x2 arch/arm/lib/built-in.o
 .text.mmu_page_table_flush
                0x00000000        0x2 arch/arm/lib/built-in.o
 .text.mmu_set_region_dcache_behaviour
                0x00000000       0x48 arch/arm/lib/built-in.o
 .text.dram_bank_mmu_setup
                0x00000000       0x2a arch/arm/lib/built-in.o
 .text.sram_bank_mmu_setup
                0x00000000       0x1a arch/arm/lib/built-in.o
 .text.icache_status
                0x00000000        0xa arch/arm/lib/built-in.o
 .text.dcache_status
                0x00000000        0xa arch/arm/lib/built-in.o
 .text.fdt_psci
                0x00000000        0x4 arch/arm/lib/built-in.o
 .rodata        0x00000000       0x80 arch/arm/lib/built-in.o
 .__secure_end  0x00000000        0x0 arch/arm/lib/built-in.o
 .__rel_dyn_end
                0x00000000        0x0 arch/arm/lib/built-in.o
 .__image_copy_end
                0x00000000        0x0 arch/arm/lib/built-in.o
 .__image_copy_start
                0x00000000        0x0 arch/arm/lib/built-in.o
 .__efi_runtime_rel_start
                0x00000000        0x0 arch/arm/lib/built-in.o
 .__secure_stack_start
                0x00000000        0x0 arch/arm/lib/built-in.o
 .__secure_stack_end
                0x00000000        0x0 arch/arm/lib/built-in.o
 .__efi_runtime_stop
                0x00000000        0x0 arch/arm/lib/built-in.o
 .__end         0x00000000        0x0 arch/arm/lib/built-in.o
 .__efi_runtime_rel_stop
                0x00000000        0x0 arch/arm/lib/built-in.o
 .__efi_runtime_start
                0x00000000        0x0 arch/arm/lib/built-in.o
 .__rel_dyn_start
                0x00000000        0x0 arch/arm/lib/built-in.o
 .__secure_start
                0x00000000        0x0 arch/arm/lib/built-in.o
 .bss           0x00000000        0x0 arch/arm/lib/built-in.o
 .text          0x00000000        0x0 board/ti/am335x/built-in.o
 .text.enable_uart1_pin_mux
                0x00000000        0xc board/ti/am335x/built-in.o
 .text.enable_uart2_pin_mux
                0x00000000        0xc board/ti/am335x/built-in.o
 .text.enable_uart3_pin_mux
                0x00000000        0xc board/ti/am335x/built-in.o
 .text.enable_uart4_pin_mux
                0x00000000        0xc board/ti/am335x/built-in.o
 .text.enable_uart5_pin_mux
                0x00000000        0xc board/ti/am335x/built-in.o
 .text.board_init
                0x00000000       0x18 board/ti/am335x/built-in.o
 .text.board_late_init
                0x00000000       0x48 board/ti/am335x/built-in.o
 .data          0x00000000        0x0 board/ti/am335x/built-in.o
 .data.uart5_pin_mux
                0x00000000       0x18 board/ti/am335x/built-in.o
 .data.uart3_pin_mux
                0x00000000       0x18 board/ti/am335x/built-in.o
 .data.uart1_pin_mux
                0x00000000       0x18 board/ti/am335x/built-in.o
 .data.uart4_pin_mux
                0x00000000       0x18 board/ti/am335x/built-in.o
 .data.uart2_pin_mux
                0x00000000       0x18 board/ti/am335x/built-in.o
 .bss           0x00000000        0x0 board/ti/am335x/built-in.o
 .text          0x00000000        0x0 board/ti/common/built-in.o
 .text.ti_i2c_set_alen
                0x00000000        0x4 board/ti/common/built-in.o
 .text.gpi2c_init
                0x00000000        0x2 board/ti/common/built-in.o
 .text.ti_i2c_eeprom_am_set
                0x00000000       0x64 board/ti/common/built-in.o
 .text.ti_i2c_eeprom_dra7_get
                0x00000000       0xac board/ti/common/built-in.o
 .text.board_ti_rev_is
                0x00000000       0x38 board/ti/common/built-in.o
 .text.board_ti_get_name
                0x00000000        0x8 board/ti/common/built-in.o
 .text.board_ti_get_eth_mac_addr
                0x00000000       0x34 board/ti/common/built-in.o
 .text.board_ti_get_emif1_size
                0x00000000       0x20 board/ti/common/built-in.o
 .text.board_ti_get_emif2_size
                0x00000000       0x20 board/ti/common/built-in.o
 .text.set_board_info_env
                0x00000000       0x3c board/ti/common/built-in.o
 .text.board_ti_set_ethaddr
                0x00000000      0x144 board/ti/common/built-in.o
 .text.board_ti_was_eeprom_read
                0x00000000       0x18 board/ti/common/built-in.o
 .data          0x00000000        0x0 board/ti/common/built-in.o
 .bss           0x00000000        0x0 board/ti/common/built-in.o
 .text          0x00000000        0x0 common/spl/built-in.o
 .text.spl_start_uboot
                0x00000000       0x1c common/spl/built-in.o
 .text.bootz_setup
                0x00000000        0x4 common/spl/built-in.o
 .text.spl_fixup_fdt
                0x00000000        0x2 common/spl/built-in.o
 .text.jump_to_image_no_args
                0x00000000        0x6 common/spl/built-in.o
 .text.spl_early_init
                0x00000000       0x1a common/spl/built-in.o
 .text.dram_init_banksize
                0x00000000       0x18 common/spl/built-in.o
 .bss           0x00000000        0x0 common/spl/built-in.o
 .bss.boot_params_ptr
                0x00000000        0x4 common/spl/built-in.o
 .text          0x00000000        0x0 common/init/built-in.o
 .text.show_boot_progress
                0x00000000        0x2 common/init/built-in.o
 .data          0x00000000        0x0 common/init/built-in.o
 .bss           0x00000000        0x0 common/init/built-in.o
 .text          0x00000000        0x0 common/built-in.o
 .text.env_flags_parse_varaccess_from_binflags
                0x00000000       0x30 common/built-in.o
 .text.saveenv  0x00000000      0x104 common/built-in.o
 .text.set_default_vars
                0x00000000       0x28 common/built-in.o
 .text.env_export
                0x00000000       0x68 common/built-in.o
 .text.env_relocate
                0x00000000        0xe common/built-in.o
 .text.console_setfile
                0x00000000       0x70 common/built-in.o
 .text.serial_printf
                0x00000000       0x32 common/built-in.o
 .text.fputs    0x00000000       0x14 common/built-in.o
 .text.fprintf  0x00000000       0x36 common/built-in.o
 .text.ctrlc    0x00000000       0x34 common/built-in.o
 .text.confirm_yesno
                0x00000000       0x84 common/built-in.o
 .text.disable_ctrlc
                0x00000000       0x10 common/built-in.o
 .text.had_ctrlc
                0x00000000        0xc common/built-in.o
 .text.clear_ctrlc
                0x00000000        0xc common/built-in.o
 .text.search_device
                0x00000000       0x16 common/built-in.o
 .text.console_assign
                0x00000000       0x2a common/built-in.o
 .text.console_init_f
                0x00000000        0xa common/built-in.o
 .text.stdio_print_current_devices
                0x00000000       0x78 common/built-in.o
 .text.console_init_r
                0x00000000       0x84 common/built-in.o
 .text.sbrk     0x00000000       0x44 common/built-in.o
 .text.malloc_trim
                0x00000000       0x80 common/built-in.o
 .text.fREe     0x00000000      0x158 common/built-in.o
 .text.mALLOc   0x00000000      0x3f8 common/built-in.o
 .text.cALLOc   0x00000000       0xbc common/built-in.o
 .text.rEALLOc  0x00000000      0x340 common/built-in.o
 .text.mEMALIGn
                0x00000000      0x108 common/built-in.o
 .text.vALLOc   0x00000000        0xa common/built-in.o
 .text.pvALLOc  0x00000000       0x14 common/built-in.o
 .text.cfree    0x00000000        0x4 common/built-in.o
 .text.malloc_usable_size
                0x00000000       0x2a common/built-in.o
 .text.mALLOPt  0x00000000       0x38 common/built-in.o
 .text.initf_malloc
                0x00000000       0x16 common/built-in.o
 .text.image_check_hcrc
                0x00000000       0x2a common/built-in.o
 .text.image_check_dcrc
                0x00000000       0x22 common/built-in.o
 .text.image_multi_count
                0x00000000       0x12 common/built-in.o
 .text.image_multi_getimg
                0x00000000       0x4c common/built-in.o
 .text.getenv_bootm_low
                0x00000000       0x20 common/built-in.o
 .text.getenv_bootm_size
                0x00000000       0x44 common/built-in.o
 .text.getenv_bootm_mapsize
                0x00000000       0x20 common/built-in.o
 .text.memmove_wd
                0x00000000       0x4a common/built-in.o
 .text.genimg_print_size
                0x00000000       0x24 common/built-in.o
 .text.get_table_entry
                0x00000000       0x12 common/built-in.o
 .text.genimg_get_short_name
                0x00000000       0x14 common/built-in.o
 .text.genimg_get_cat_name
                0x00000000       0x38 common/built-in.o
 .text.genimg_get_cat_short_name
                0x00000000       0x38 common/built-in.o
 .text.genimg_get_cat_count
                0x00000000       0x10 common/built-in.o
 .text.genimg_get_cat_desc
                0x00000000       0x10 common/built-in.o
 .text.get_table_entry_name
                0x00000000       0x14 common/built-in.o
 .text.genimg_get_os_name
                0x00000000       0x14 common/built-in.o
 .text.genimg_get_arch_name
                0x00000000       0x14 common/built-in.o
 .text.genimg_get_type_name
                0x00000000       0x14 common/built-in.o
 .text.genimg_get_type_short_name
                0x00000000        0xc common/built-in.o
 .text.genimg_get_comp_name
                0x00000000       0x14 common/built-in.o
 .text.image_print_contents
                0x00000000      0x108 common/built-in.o
 .text.genimg_get_comp_short_name
                0x00000000        0xc common/built-in.o
 .text.genimg_get_os_short_name
                0x00000000        0xc common/built-in.o
 .text.genimg_get_arch_short_name
                0x00000000        0xc common/built-in.o
 .text.get_table_entry_id
                0x00000000       0x30 common/built-in.o
 .text.genimg_get_os_id
                0x00000000       0x14 common/built-in.o
 .text.genimg_get_arch_id
                0x00000000       0x14 common/built-in.o
 .text.genimg_get_type_id
                0x00000000       0x14 common/built-in.o
 .text.genimg_get_comp_id
                0x00000000       0x14 common/built-in.o
 .text.genimg_get_kernel_addr_fit
                0x00000000       0x14 common/built-in.o
 .text.genimg_get_kernel_addr
                0x00000000       0x16 common/built-in.o
 .text.genimg_get_format
                0x00000000       0x24 common/built-in.o
 .text.genimg_get_image
                0x00000000        0x2 common/built-in.o
 .text.genimg_has_config
                0x00000000        0x4 common/built-in.o
 .text.boot_get_ramdisk
                0x00000000      0x1b8 common/built-in.o
 .text.boot_ramdisk_high
                0x00000000       0xc0 common/built-in.o
 .text.boot_get_setup
                0x00000000        0x6 common/built-in.o
 .text.image_setup_linux
                0x00000000       0x20 common/built-in.o
 .text.android_image_get_kernel
                0x00000000       0xf4 common/built-in.o
 .text.android_image_check_header
                0x00000000       0x10 common/built-in.o
 .text.android_image_get_end
                0x00000000       0x28 common/built-in.o
 .text.android_image_get_kload
                0x00000000       0x14 common/built-in.o
 .text.android_image_get_ramdisk
                0x00000000       0x44 common/built-in.o
 .text.stdio_serial_tstc
                0x00000000        0x4 common/built-in.o
 .text.stdio_serial_getc
                0x00000000        0x4 common/built-in.o
 .text.stdio_serial_puts
                0x00000000        0x6 common/built-in.o
 .text.stdio_serial_putc
                0x00000000        0x6 common/built-in.o
 .text.stdio_get_list
                0x00000000        0x8 common/built-in.o
 .text.stdio_get_by_name
                0x00000000       0x30 common/built-in.o
 .text.stdio_clone
                0x00000000       0x22 common/built-in.o
 .text.stdio_register_dev
                0x00000000       0x30 common/built-in.o
 .text.stdio_register
                0x00000000        0x6 common/built-in.o
 .text.stdio_init_tables
                0x00000000       0x14 common/built-in.o
 .text.stdio_add_devices
                0x00000000       0x54 common/built-in.o
 .text.stdio_init
                0x00000000        0xe common/built-in.o
 .text.cli_simple_parse_line
                0x00000000       0x54 common/built-in.o
 .text.cli_simple_process_macros
                0x00000000      0x116 common/built-in.o
 .text.cli_simple_run_command
                0x00000000       0xcc common/built-in.o
 .text.cli_simple_loop
                0x00000000       0x54 common/built-in.o
 .text.cli_simple_run_command_list
                0x00000000       0x3a common/built-in.o
 .text.run_command
                0x00000000        0xe common/built-in.o
 .text.run_command_repeatable
                0x00000000       0x12 common/built-in.o
 .text.run_command_list
                0x00000000       0x38 common/built-in.o
 .text.do_run   0x00000000       0x4c common/built-in.o
 .text.cli_loop
                0x00000000        0x8 common/built-in.o
 .text.cli_init
                0x00000000        0x4 common/built-in.o
 .text.delete_char.part.0
                0x00000000       0x84 common/built-in.o
 .text.cread_add_char
                0x00000000       0x80 common/built-in.o
 .text.cli_readline_into_buffer
                0x00000000      0x698 common/built-in.o
 .text.cli_readline
                0x00000000       0x10 common/built-in.o
 .text.run_usb_dnl_gadget
                0x00000000       0xe0 common/built-in.o
 .text.find_cmd_tbl
                0x00000000       0x62 common/built-in.o
 .text.find_cmd
                0x00000000       0x1c common/built-in.o
 .text.cmd_usage
                0x00000000       0x3c common/built-in.o
 .text._do_help
                0x00000000      0x10c common/built-in.o
 .text.var_complete
                0x00000000       0x40 common/built-in.o
 .text.cmd_auto_complete
                0x00000000      0x300 common/built-in.o
 .text.cmd_get_data_size
                0x00000000       0x38 common/built-in.o
 .text.cmd_process
                0x00000000       0x94 common/built-in.o
 .text.cmd_process_error
                0x00000000       0x1c common/built-in.o
 .text.hex1_bin
                0x00000000       0x2a common/built-in.o
 .text.hex2_bin
                0x00000000       0x24 common/built-in.o
 .text.srec_decode
                0x00000000      0x170 common/built-in.o
 .rodata.__func__.7547
                0x00000000        0xb common/built-in.o
 .rodata.unknown_str.7787
                0x00000000        0x9 common/built-in.o
 .rodata.uimage_comp
                0x00000000       0x54 common/built-in.o
 .rodata.uimage_os
                0x00000000       0x78 common/built-in.o
 .rodata.table_info
                0x00000000       0x30 common/built-in.o
 .rodata.uimage_type
                0x00000000      0x18c common/built-in.o
 .rodata.uimage_arch
                0x00000000      0x138 common/built-in.o
 .rodata.tab_seq
                0x00000000        0x9 common/built-in.o
 .rodata.erase_seq
                0x00000000        0x4 common/built-in.o
 .rodata.__func__.10351
                0x00000000       0x13 common/built-in.o
 .rodata.CSWTCH.66
                0x00000000       0x16 common/built-in.o
 .data          0x00000000        0x0 common/built-in.o
 .data.env_name_spec
                0x00000000        0x4 common/built-in.o
 .data.av_      0x00000000      0x408 common/built-in.o
 .data.mmap_threshold
                0x00000000        0x4 common/built-in.o
 .data.sbrk_base
                0x00000000        0x4 common/built-in.o
 .data.trim_threshold
                0x00000000        0x4 common/built-in.o
 .data.load_addr
                0x00000000        0x4 common/built-in.o
 .data.stdio_names
                0x00000000        0xc common/built-in.o
 .data.hist_cur
                0x00000000        0x4 common/built-in.o
 .bss           0x00000000        0x0 common/built-in.o
 .bss.env_ptr   0x00000000        0x4 common/built-in.o
 .bss.ctrlc_was_pressed
                0x00000000        0x4 common/built-in.o
 .bss.ctrlc_disabled
                0x00000000        0x4 common/built-in.o
 .bss.max_total_mem
                0x00000000        0x4 common/built-in.o
 .bss.max_sbrked_mem
                0x00000000        0x4 common/built-in.o
 .bss.current_mallinfo
                0x00000000       0x28 common/built-in.o
 .bss.top_pad   0x00000000        0x4 common/built-in.o
 .bss.n_mmaps_max
                0x00000000        0x4 common/built-in.o
 .bss.save_addr
                0x00000000        0x4 common/built-in.o
 .bss.save_size
                0x00000000        0x4 common/built-in.o
 .bss.msg.7788  0x00000000       0x1e common/built-in.o
 .bss.andr_tmp_str
                0x00000000      0x201 common/built-in.o
 .bss.devs      0x00000000       0x4c common/built-in.o
 .bss.lastcommand.7152
                0x00000000      0x401 common/built-in.o
 .bss.hist_list
                0x00000000       0x50 common/built-in.o
 .bss.hist_lines
                0x00000000     0x5014 common/built-in.o
 .bss.initted.7228
                0x00000000        0x4 common/built-in.o
 .bss.hist_add_idx
                0x00000000        0x4 common/built-in.o
 .bss.hist_num  0x00000000        0x4 common/built-in.o
 .bss.hist_max  0x00000000        0x4 common/built-in.o
 .bss.console_buffer
                0x00000000      0x401 common/built-in.o
 .bss.tmp_buf   0x00000000      0x400 common/built-in.o
 .bss.tmp_buf.7113
                0x00000000      0x200 common/built-in.o
 .text          0x00000000        0x0 cmd/built-in.o
 .text._do_env_set.isra.1.constprop.3
                0x00000000      0x118 cmd/built-in.o
 .text.get_env_id
                0x00000000        0xc cmd/built-in.o
 .text.setenv   0x00000000       0x38 cmd/built-in.o
 .text.setenv_ulong
                0x00000000       0x16 cmd/built-in.o
 .text.setenv_hex
                0x00000000       0x20 cmd/built-in.o
 .text.getenv_hex
                0x00000000       0x22 cmd/built-in.o
 .text.getenv_ulong
                0x00000000       0x1c cmd/built-in.o
 .data          0x00000000        0x0 cmd/built-in.o
 .data.env_id   0x00000000        0x4 cmd/built-in.o
 .bss           0x00000000        0x0 cmd/built-in.o
 .text          0x00000000        0x0 lib/built-in.o
 .text.hmatch_r
                0x00000000       0x5c lib/built-in.o
 .text.hwalk_r  0x00000000       0x2c lib/built-in.o
 .text.display_options
                0x00000000       0x18 lib/built-in.o
 .text.print_freq
                0x00000000      0x120 lib/built-in.o
 .text.print_size
                0x00000000       0xdc lib/built-in.o
 .text.print_buffer
                0x00000000      0x124 lib/built-in.o
 .text.crc32_wd
                0x00000000       0x32 lib/built-in.o
 .text.crc32_wd_buf
                0x00000000       0x26 lib/built-in.o
 .text.copy_from_user
                0x00000000        0xa lib/built-in.o
 .text.get_mem  0x00000000       0x10 lib/built-in.o
 .text.kmem_cache_alloc
                0x00000000        0xa lib/built-in.o
 .text.membuff_purge
                0x00000000        0x8 lib/built-in.o
 .text.membuff_putraw
                0x00000000       0x66 lib/built-in.o
 .text.membuff_putbyte
                0x00000000       0x1c lib/built-in.o
 .text.membuff_getraw
                0x00000000       0x50 lib/built-in.o
 .text.membuff_getbyte
                0x00000000       0x24 lib/built-in.o
 .text.membuff_peekbyte
                0x00000000       0x22 lib/built-in.o
 .text.membuff_get
                0x00000000       0x46 lib/built-in.o
 .text.membuff_put
                0x00000000       0x3a lib/built-in.o
 .text.membuff_isempty
                0x00000000        0xc lib/built-in.o
 .text.membuff_avail
                0x00000000       0x34 lib/built-in.o
 .text.membuff_size
                0x00000000        0x6 lib/built-in.o
 .text.membuff_makecontig
                0x00000000       0x44 lib/built-in.o
 .text.membuff_free
                0x00000000       0x1a lib/built-in.o
 .text.membuff_readline
                0x00000000       0x64 lib/built-in.o
 .text.membuff_extend_by
                0x00000000       0x78 lib/built-in.o
 .text.membuff_init
                0x00000000        0xc lib/built-in.o
 .text.membuff_new
                0x00000000       0x22 lib/built-in.o
 .text.membuff_uninit
                0x00000000        0xc lib/built-in.o
 .text.membuff_dispose
                0x00000000        0xc lib/built-in.o
 .text.strncasecmp
                0x00000000       0x4c lib/built-in.o
 .text.strcasecmp
                0x00000000        0x8 lib/built-in.o
 .text.strncat  0x00000000       0x2e lib/built-in.o
 .text.strrchr  0x00000000       0x20 lib/built-in.o
 .text.strspn   0x00000000       0x1c lib/built-in.o
 .text.strpbrk  0x00000000       0x20 lib/built-in.o
 .text.strtok   0x00000000       0x48 lib/built-in.o
 .text.strsep   0x00000000       0x1e lib/built-in.o
 .text.strswab  0x00000000       0x26 lib/built-in.o
 .text.memscan  0x00000000       0x16 lib/built-in.o
 .text.strstr   0x00000000       0x46 lib/built-in.o
 .text.memchr   0x00000000       0x1c lib/built-in.o
 .text.memchr_inv
                0x00000000       0xb4 lib/built-in.o
 .text.table_compute_checksum
                0x00000000       0x18 lib/built-in.o
 .text.tick_to_time
                0x00000000       0x48 lib/built-in.o
 .text.get_ticks
                0x00000000       0x32 lib/built-in.o
 .text.timer_init
                0x00000000        0x4 lib/built-in.o
 .text.get_timer
                0x00000000       0x10 lib/built-in.o
 .text.timer_get_us
                0x00000000       0x1c lib/built-in.o
 .text.__udelay
                0x00000000       0x68 lib/built-in.o
 .text.uuid_str_valid
                0x00000000       0x54 lib/built-in.o
 .text.uuid_str_to_bin
                0x00000000      0x10e lib/built-in.o
 .text.vsnprintf
                0x00000000        0x4 lib/built-in.o
 .text.scnprintf
                0x00000000       0x1a lib/built-in.o
 .text.__assert_fail
                0x00000000       0x10 lib/built-in.o
 .text.simple_itoa
                0x00000000       0x34 lib/built-in.o
 .text.print_grouped_ull
                0x00000000       0x58 lib/built-in.o
 .text.str2off  0x00000000       0x28 lib/built-in.o
 .text.str2long
                0x00000000       0x26 lib/built-in.o
 .text.panic_str
                0x00000000        0xa lib/built-in.o
 .text.simple_strtoul
                0x00000000       0x70 lib/built-in.o
 .text.strict_strtoul
                0x00000000       0x42 lib/built-in.o
 .text.simple_strtol
                0x00000000       0x1a lib/built-in.o
 .text.ustrtoul
                0x00000000       0x3c lib/built-in.o
 .text.simple_strtoull
                0x00000000       0x94 lib/built-in.o
 .text.ustrtoull
                0x00000000       0x4e lib/built-in.o
 .text.trailing_strtoln
                0x00000000       0x4c lib/built-in.o
 .text.trailing_strtol
                0x00000000        0x6 lib/built-in.o
 .text.strmhz   0x00000000       0x54 lib/built-in.o
 .rodata.names.7218
                0x00000000        0x6 lib/built-in.o
 .rodata.names.7195
                0x00000000        0x3 lib/built-in.o
 .data          0x00000000        0x0 lib/built-in.o
 .data.cur      0x00000000        0x4 lib/built-in.o
 .data.current  0x00000000        0x4 lib/built-in.o
 .bss           0x00000000        0x0 lib/built-in.o
 .bss.___strtok
                0x00000000        0x4 lib/built-in.o
 .bss.local.7294
                0x00000000       0x16 lib/built-in.o
 .text          0x00000000        0x0 disk/built-in.o
 .text.blk_get_dev
                0x00000000       0x1c disk/built-in.o
 .text.dev_print
                0x00000000      0x154 disk/built-in.o
 .text.part_print
                0x00000000       0xc0 disk/built-in.o
 .text.blk_get_device_by_str
                0x00000000       0xc0 disk/built-in.o
 .text.blk_get_device_part_str
                0x00000000      0x240 disk/built-in.o
 .text.part_get_info_by_name_type
                0x00000000       0x7c disk/built-in.o
 .text.part_get_info_by_name
                0x00000000        0x8 disk/built-in.o
 .text.print_partition_extended
                0x00000000      0x1a0 disk/built-in.o
 .text.part_print_dos
                0x00000000       0x20 disk/built-in.o
 .text.is_valid_dos_buf
                0x00000000       0x10 disk/built-in.o
 .text.write_mbr_partition
                0x00000000       0x44 disk/built-in.o
 .text.set_protective_mbr
                0x00000000       0x7c disk/built-in.o
 .text.part_print_efi
                0x00000000      0x1ec disk/built-in.o
 .text.write_gpt_table
                0x00000000      0x2bc disk/built-in.o
 .text.gpt_fill_pte
                0x00000000      0x228 disk/built-in.o
 .text.gpt_fill_header
                0x00000000      0x13a disk/built-in.o
 .text.gpt_restore
                0x00000000       0x88 disk/built-in.o
 .text.gpt_verify_headers
                0x00000000       0x50 disk/built-in.o
 .text.gpt_verify_partitions
                0x00000000      0x1c8 disk/built-in.o
 .text.is_valid_gpt_buf
                0x00000000       0x4e disk/built-in.o
 .text.write_mbr_and_gpt_partitions
                0x00000000      0x324 disk/built-in.o
 .rodata        0x00000000       0x10 disk/built-in.o
 .rodata.__func__.7184
                0x00000000       0x14 disk/built-in.o
 .rodata.__func__.7268
                0x00000000       0x13 disk/built-in.o
 .rodata.__func__.7336
                0x00000000       0x13 disk/built-in.o
 .rodata.__func__.7349
                0x00000000       0x16 disk/built-in.o
 .rodata.__func__.7245
                0x00000000        0xf disk/built-in.o
 .rodata.__func__.7318
                0x00000000        0xc disk/built-in.o
 .rodata.__func__.7369
                0x00000000       0x1d disk/built-in.o
 .data          0x00000000        0x0 disk/built-in.o
 .bss           0x00000000        0x0 disk/built-in.o
 .text          0x00000000        0x0 drivers/built-in.o
 .text.i2c_reloc_fixup
                0x00000000        0x2 drivers/built-in.o
 .text.i2c_init_board
                0x00000000        0x2 drivers/built-in.o
 .text.i2c_early_init_f
                0x00000000        0x2 drivers/built-in.o
 .text.i2c_get_bus_num
                0x00000000        0x8 drivers/built-in.o
 .text.i2c_init_all
                0x00000000       0x10 drivers/built-in.o
 .text.i2c_set_bus_speed
                0x00000000       0x4a drivers/built-in.o
 .text.i2c_get_bus_speed
                0x00000000       0x10 drivers/built-in.o
 .text.i2c_reg_read
                0x00000000       0x18 drivers/built-in.o
 .text.i2c_reg_write
                0x00000000       0x16 drivers/built-in.o
 .text.gpio_set_value
                0x00000000       0x40 drivers/built-in.o
 .text.gpio_free
                0x00000000        0x4 drivers/built-in.o
 .text.get_mmc_num
                0x00000000        0xc drivers/built-in.o
 .text.print_mmc_devices
                0x00000000       0x84 drivers/built-in.o
 .text.mmc_destroy
                0x00000000        0x2 drivers/built-in.o
 .text.board_mmc_getwp
                0x00000000        0x6 drivers/built-in.o
 .text.mmc_getwp
                0x00000000       0x20 drivers/built-in.o
 .text.mmc_send_tuning
                0x00000000       0x70 drivers/built-in.o
 .text.mmc_hwpart_config
                0x00000000      0x2d8 drivers/built-in.o
 .text.mmc_set_dsr
                0x00000000        0x6 drivers/built-in.o
 .text.cpu_mmc_init
                0x00000000        0x6 drivers/built-in.o
 .text.mmc_set_preinit
                0x00000000        0x6 drivers/built-in.o
 .text.serial_stub_start
                0x00000000        0x6 drivers/built-in.o
 .text.serial_stub_stop
                0x00000000        0x6 drivers/built-in.o
 .text.serial_stub_putc
                0x00000000        0x8 drivers/built-in.o
 .text.serial_stub_puts
                0x00000000        0x8 drivers/built-in.o
 .text.serial_stub_getc
                0x00000000        0x6 drivers/built-in.o
 .text.serial_stub_tstc
                0x00000000        0x6 drivers/built-in.o
 .text.serial_null
                0x00000000        0x2 drivers/built-in.o
 .text.serial_register
                0x00000000       0x10 drivers/built-in.o
 .text.serial_stdio_init
                0x00000000       0x68 drivers/built-in.o
 .text.serial_assign
                0x00000000       0x2c drivers/built-in.o
 .text.serial_initialize
                0x00000000       0xc6 drivers/built-in.o
 .text.serial_reinit_all
                0x00000000       0x18 drivers/built-in.o
 .text.serial_setbrg
                0x00000000        0xe drivers/built-in.o
 .text.default_serial_puts
                0x00000000       0x1a drivers/built-in.o
 .text.eserial2_putc
                0x00000000        0x6 drivers/built-in.o
 .text.eserial3_putc
                0x00000000        0x6 drivers/built-in.o
 .text.eserial5_putc
                0x00000000        0x6 drivers/built-in.o
 .text.eserial6_putc
                0x00000000        0x6 drivers/built-in.o
 .text.eserial2_puts
                0x00000000        0x6 drivers/built-in.o
 .text.eserial3_puts
                0x00000000        0x6 drivers/built-in.o
 .text.eserial5_puts
                0x00000000        0x6 drivers/built-in.o
 .text.eserial6_puts
                0x00000000        0x6 drivers/built-in.o
 .text.eserial5_tstc
                0x00000000        0xc drivers/built-in.o
 .text.eserial6_getc
                0x00000000       0x10 drivers/built-in.o
 .text.eserial2_setbrg
                0x00000000        0x6 drivers/built-in.o
 .text.eserial3_setbrg
                0x00000000        0x6 drivers/built-in.o
 .text.eserial5_setbrg
                0x00000000        0x6 drivers/built-in.o
 .text.eserial6_setbrg
                0x00000000        0x6 drivers/built-in.o
 .text.eserial2_init
                0x00000000       0x24 drivers/built-in.o
 .text.eserial3_init
                0x00000000       0x24 drivers/built-in.o
 .text.eserial5_init
                0x00000000       0x24 drivers/built-in.o
 .text.eserial6_init
                0x00000000       0x24 drivers/built-in.o
 .text.eserial6_tstc
                0x00000000        0xc drivers/built-in.o
 .text.eserial2_getc
                0x00000000       0x10 drivers/built-in.o
 .text.eserial3_getc
                0x00000000       0x10 drivers/built-in.o
 .text.eserial5_getc
                0x00000000       0x10 drivers/built-in.o
 .text.eserial2_tstc
                0x00000000        0xc drivers/built-in.o
 .text.eserial3_tstc
                0x00000000        0xc drivers/built-in.o
 .text.default_serial_console
                0x00000000        0x8 drivers/built-in.o
 .text.ns16550_serial_initialize
                0x00000000       0x44 drivers/built-in.o
 .text.musb_gadget_cleanup
                0x00000000        0x2 drivers/built-in.o
 .text.musb_gadget_start
                0x00000000       0x2a drivers/built-in.o
 .text.musb_g_resume
                0x00000000        0x2 drivers/built-in.o
 .text.musb_g_suspend
                0x00000000        0x2 drivers/built-in.o
 .text.musb_g_wakeup
                0x00000000        0x2 drivers/built-in.o
 .text.musb_g_disconnect
                0x00000000       0x38 drivers/built-in.o
 .text.musb_g_reset
                0x00000000       0x72 drivers/built-in.o
 .text.musb_start
                0x00000000       0x88 drivers/built-in.o
 .text.musb_stop
                0x00000000       0x32 drivers/built-in.o
 .text.musb_host_complete_urb
                0x00000000       0x16 drivers/built-in.o
 .text.construct_urb
                0x00000000       0x88 drivers/built-in.o
 .text._musb_reset_root_port.isra.3
                0x00000000       0x58 drivers/built-in.o
 .text.submit_urb.constprop.9
                0x00000000       0x8c drivers/built-in.o
 .text.musb_lowlevel_init
                0x00000000       0x78 drivers/built-in.o
 .text.usb_lowlevel_stop
                0x00000000       0x24 drivers/built-in.o
 .text.submit_bulk_msg
                0x00000000       0x30 drivers/built-in.o
 .text.submit_control_msg
                0x00000000       0x3c drivers/built-in.o
 .text.submit_int_msg
                0x00000000       0x34 drivers/built-in.o
 .text.create_int_queue
                0x00000000       0x9c drivers/built-in.o
 .text.poll_int_queue
                0x00000000       0x28 drivers/built-in.o
 .text.destroy_int_queue
                0x00000000       0x40 drivers/built-in.o
 .text.usb_reset_root_port
                0x00000000        0xc drivers/built-in.o
 .text.usb_lowlevel_init
                0x00000000        0xc drivers/built-in.o
 .text.usb_gadget_handle_interrupts
                0x00000000       0x24 drivers/built-in.o
 .text.usb_gadget_register_driver
                0x00000000       0x80 drivers/built-in.o
 .text.usb_gadget_unregister_driver
                0x00000000       0x28 drivers/built-in.o
 .text.musb_urb_enqueue
                0x00000000      0x32a drivers/built-in.o
 .text.musb_urb_dequeue
                0x00000000       0xd0 drivers/built-in.o
 .text.hw_watchdog_disable
                0x00000000       0x34 drivers/built-in.o
 .text.blk_list_part
                0x00000000       0x52 drivers/built-in.o
 .text.blk_print_part_devnum
                0x00000000       0x36 drivers/built-in.o
 .text.blk_list_devices
                0x00000000       0x40 drivers/built-in.o
 .text.blk_print_device_num
                0x00000000       0x3c drivers/built-in.o
 .text.blk_show_device
                0x00000000       0x58 drivers/built-in.o
 .text.blk_get_devnum_by_type
                0x00000000       0x20 drivers/built-in.o
 .text.blk_get_devnum_by_typename
                0x00000000       0x48 drivers/built-in.o
 .text.blk_read_devnum
                0x00000000       0x48 drivers/built-in.o
 .text.blk_write_devnum
                0x00000000       0x2e drivers/built-in.o
 .rodata.tuning_blk_pattern_4bit
                0x00000000       0x40 drivers/built-in.o
 .rodata.tuning_blk_pattern_8bit
                0x00000000       0x80 drivers/built-in.o
 .data          0x00000000        0x0 drivers/built-in.o
 .data.eserial2_device
                0x00000000       0x30 drivers/built-in.o
 .data.eserial3_device
                0x00000000       0x30 drivers/built-in.o
 .data.eserial5_device
                0x00000000       0x30 drivers/built-in.o
 .data.eserial6_device
                0x00000000       0x30 drivers/built-in.o
 .bss           0x00000000        0x0 drivers/built-in.o
 .bss.serial_devices
                0x00000000        0x4 drivers/built-in.o
 .text          0x00000000        0x0 fs/built-in.o
 .text.set_fatent_value
                0x00000000      0x138 fs/built-in.o
 .text.find_empty_cluster
                0x00000000       0x18 fs/built-in.o
 .text.set_cluster
                0x00000000       0xf4 fs/built-in.o
 .text.set_name
                0x00000000       0xb8 fs/built-in.o
 .text.check_overflow
                0x00000000       0x74 fs/built-in.o
 .text.flush_dir_table.constprop.12
                0x00000000       0x94 fs/built-in.o
 .text.do_fat_write
                0x00000000      0x850 fs/built-in.o
 .text.do_fat_read
                0x00000000       0x24 fs/built-in.o
 .text.file_fat_detectfs
                0x00000000       0xd4 fs/built-in.o
 .text.file_fat_ls
                0x00000000       0x1a fs/built-in.o
 .text.fat_exists
                0x00000000       0x2a fs/built-in.o
 .text.fat_size
                0x00000000       0x20 fs/built-in.o
 .text.fat_read_file
                0x00000000       0x30 fs/built-in.o
 .text.fat_close
                0x00000000        0x2 fs/built-in.o
 .text.file_fat_write
                0x00000000       0x44 fs/built-in.o
 .text.ext4fs_ls
                0x00000000       0x40 fs/built-in.o
 .text.ext4fs_exists
                0x00000000       0x14 fs/built-in.o
 .text.ext4fs_size
                0x00000000        0x4 fs/built-in.o
 .text.ext4fs_probe
                0x00000000       0x1e fs/built-in.o
 .text.ext4_read_file
                0x00000000       0x50 fs/built-in.o
 .text.ext4fs_uuid
                0x00000000       0x20 fs/built-in.o
 .text.ext4fs_get_group_descriptor
                0x00000000        0xa fs/built-in.o
 .text.ext4fs_sb_get_free_blocks
                0x00000000       0x16 fs/built-in.o
 .text.ext4fs_sb_set_free_blocks
                0x00000000        0xa fs/built-in.o
 .text.ext4fs_bg_get_free_blocks
                0x00000000       0x12 fs/built-in.o
 .text.ext4fs_bg_get_block_id
                0x00000000       0x1a fs/built-in.o
 .text.ext4fs_bg_get_inode_id
                0x00000000       0x1a fs/built-in.o
 .text.ext4fs_div_roundup
                0x00000000       0x14 fs/built-in.o
 .text.put_ext4
                0x00000000      0x120 fs/built-in.o
 .text.ext4fs_set_block_bmap
                0x00000000       0x7c fs/built-in.o
 .text.ext4fs_reset_block_bmap
                0x00000000       0x74 fs/built-in.o
 .text.ext4fs_set_inode_bmap
                0x00000000       0x5c fs/built-in.o
 .text.ext4fs_reset_inode_bmap
                0x00000000       0x58 fs/built-in.o
 .text.ext4fs_checksum_update
                0x00000000       0x40 fs/built-in.o
 .text.ext4fs_get_new_blk_no
                0x00000000      0x2c4 fs/built-in.o
 .text.ext4fs_get_new_inode_no
                0x00000000      0x284 fs/built-in.o
 .text.ext4fs_allocate_blocks
                0x00000000      0x3dc fs/built-in.o
 .text.ext4fs_iget
                0x00000000       0x20 fs/built-in.o
 .text.ext4fs_update_parent_dentry
                0x00000000      0x238 fs/built-in.o
 .text.search_dir
                0x00000000       0xbc fs/built-in.o
 .text.ext4fs_get_parent_inode_num
                0x00000000      0x278 fs/built-in.o
 .text.ext4fs_filename_unlink
                0x00000000      0x100 fs/built-in.o
 .text.ext4fs_reinit_global
                0x00000000       0x68 fs/built-in.o
 .text.ext4fs_close
                0x00000000       0x34 fs/built-in.o
 .text.ext4fs_update
                0x00000000       0xc4 fs/built-in.o
 .text.ext4fs_get_bgdtable
                0x00000000       0x70 fs/built-in.o
 .text.ext4fs_deinit
                0x00000000       0xc8 fs/built-in.o
 .text.ext4fs_init
                0x00000000      0x1d8 fs/built-in.o
 .text.ext4fs_write
                0x00000000      0xbbc fs/built-in.o
 .text.ext4_write_file
                0x00000000       0x48 fs/built-in.o
 .text.ext4fs_dump_metadata
                0x00000000       0x44 fs/built-in.o
 .text.ext4fs_free_journal
                0x00000000       0x20 fs/built-in.o
 .text.ext4fs_log_gdt
                0x00000000       0x84 fs/built-in.o
 .text.ext4fs_log_journal
                0x00000000       0xa0 fs/built-in.o
 .text.ext4fs_put_metadata
                0x00000000       0x90 fs/built-in.o
 .text.print_revoke_blks
                0x00000000       0x30 fs/built-in.o
 .text.ext4fs_push_revoke_blk
                0x00000000       0x94 fs/built-in.o
 .text.ext4fs_free_revoke_blks
                0x00000000       0x2c fs/built-in.o
 .text.check_blknr_for_revoke
                0x00000000       0x3c fs/built-in.o
 .text.recover_transaction
                0x00000000       0xd4 fs/built-in.o
 .text.print_jrnl_status
                0x00000000       0x14 fs/built-in.o
 .text.ext4fs_check_journal_state
                0x00000000      0x204 fs/built-in.o
 .text.ext4fs_init_journal
                0x00000000      0x1a8 fs/built-in.o
 .text.ext4fs_update_journal
                0x00000000      0x21c fs/built-in.o
 .text.ext2fs_crc16
                0x00000000       0x24 fs/built-in.o
 .rodata.__func__.7966
                0x00000000       0x1c fs/built-in.o
 .rodata.__func__.7559
                0x00000000       0x14 fs/built-in.o
 .rodata.__func__.7550
                0x00000000       0x13 fs/built-in.o
 .rodata.crc16_table
                0x00000000      0x200 fs/built-in.o
 .data          0x00000000        0x0 fs/built-in.o
 .data.prev_bg_bitmap_index.7889
                0x00000000        0x4 fs/built-in.o
 .data.prev_inode_bitmap_index.7913
                0x00000000        0x4 fs/built-in.o
 .data.prev_bg_bmap_idx.7587
                0x00000000        0x4 fs/built-in.o
 .data.prev_bg_bmap_idx.7644
                0x00000000        0x4 fs/built-in.o
 .data.prev_bg_bmap_idx.7609
                0x00000000        0x4 fs/built-in.o
 .data.prev_bg_bmap_idx.7572
                0x00000000        0x4 fs/built-in.o
 .data.first_node
                0x00000000        0x4 fs/built-in.o
 .bss           0x00000000        0x0 fs/built-in.o
 .bss.empty_dentptr
                0x00000000        0x4 fs/built-in.o
 .bss.dir_curclust
                0x00000000        0x4 fs/built-in.o
 .bss.ext4fs_symlinknest
                0x00000000        0x4 fs/built-in.o
 .bss.g_parent_inode
                0x00000000        0x4 fs/built-in.o
 .bss.journal_ptr
                0x00000000      0x190 fs/built-in.o
 .bss.revk_blk_list
                0x00000000        0x4 fs/built-in.o
 .bss.gindex    0x00000000        0x4 fs/built-in.o
 .bss.gd_index  0x00000000        0x4 fs/built-in.o
 .bss.dirty_block_ptr
                0x00000000      0x190 fs/built-in.o
 .bss.prev_node
                0x00000000        0x4 fs/built-in.o
 .bss.jrnl_blk_idx
                0x00000000        0x4 fs/built-in.o
 .text          0x00000000        0x0 arch/arm/lib/eabi_compat.o
 .data          0x00000000        0x0 arch/arm/lib/eabi_compat.o
 .bss           0x00000000        0x0 arch/arm/lib/eabi_compat.o
 .text.raise    0x00000000        0x4 arch/arm/lib/eabi_compat.o
 .text.__aeabi_unwind_cpp_pr0
                0x00000000        0x2 arch/arm/lib/eabi_compat.o
 .text.__aeabi_unwind_cpp_pr1
                0x00000000        0x2 arch/arm/lib/eabi_compat.o
 .text.__aeabi_memcpy
                0x00000000        0x4 arch/arm/lib/eabi_compat.o
 .text.__aeabi_memset
                0x00000000        0xa arch/arm/lib/eabi_compat.o
 .debug_info    0x00000000      0x496 arch/arm/lib/eabi_compat.o
 .debug_abbrev  0x00000000      0x18c arch/arm/lib/eabi_compat.o
 .debug_loc     0x00000000       0xfd arch/arm/lib/eabi_compat.o
 .debug_aranges
                0x00000000       0x40 arch/arm/lib/eabi_compat.o
 .debug_ranges  0x00000000       0x30 arch/arm/lib/eabi_compat.o
 .debug_line    0x00000000      0x120 arch/arm/lib/eabi_compat.o
 .debug_str     0x00000000      0x475 arch/arm/lib/eabi_compat.o
 .comment       0x00000000       0x2c arch/arm/lib/eabi_compat.o
 .note.GNU-stack
                0x00000000        0x0 arch/arm/lib/eabi_compat.o
 .ARM.attributes
                0x00000000       0x2d arch/arm/lib/eabi_compat.o
 .debug_frame   0x00000000       0x60 arch/arm/lib/eabi_compat.o
 .text          0x00000000        0x0 arch/arm/lib/lib.a(ashldi3.o)
 .data          0x00000000        0x0 arch/arm/lib/lib.a(ashldi3.o)
 .bss           0x00000000        0x0 arch/arm/lib/lib.a(ashldi3.o)
 .text          0x00000000        0x0 arch/arm/lib/lib.a(lib1funcs.o)
 .data          0x00000000        0x0 arch/arm/lib/lib.a(lib1funcs.o)
 .bss           0x00000000        0x0 arch/arm/lib/lib.a(lib1funcs.o)
 .text.__umodsi3
                0x00000000       0xa0 arch/arm/lib/lib.a(lib1funcs.o)
 .text.__modsi3
                0x00000000       0xb8 arch/arm/lib/lib.a(lib1funcs.o)
 .text          0x00000000        0x0 arch/arm/lib/lib.a(lshrdi3.o)
 .data          0x00000000        0x0 arch/arm/lib/lib.a(lshrdi3.o)
 .bss           0x00000000        0x0 arch/arm/lib/lib.a(lshrdi3.o)
 .text          0x00000000        0x0 arch/arm/lib/lib.a(div0.o)
 .data          0x00000000        0x0 arch/arm/lib/lib.a(div0.o)
 .bss           0x00000000        0x0 arch/arm/lib/lib.a(div0.o)

内存配置

名称           来源             长度             属性
.sram            0x402f0400         0x0001b000
.sdram           0x80a00000         0x00080000
*default*        0x00000000         0xffffffff

Linker script and memory map


.text           0x402f0400     0xd2d4
                0x402f0400                __start = .
 *(.vectors)
 .vectors       0x402f0400       0x60 arch/arm/lib/built-in.o
                0x402f0400                _start
                0x402f0420                _undefined_instruction
                0x402f0424                _software_interrupt
                0x402f0428                _prefetch_abort
                0x402f042c                _data_abort
                0x402f0430                _not_used
                0x402f0434                _irq
                0x402f0438                _fiq
 arch/arm/cpu/armv7/start.o(.text*)
 .text          0x402f0460       0xb0 arch/arm/cpu/armv7/start.o
                0x402f0460                reset
                0x402f0464                save_boot_params_ret
                0x402f04a0                c_runtime_cpu_setup
                0x402f04b4                cpu_init_cp15
                0x402f0508                cpu_init_crit
 *(.text*)
 .text          0x402f0510       0x60 arch/arm/mach-omap2/built-in.o
                0x402f0510                save_boot_params
                0x402f051c                omap_smc1
                0x402f0538                omap_smc_sec
 .text.get_dpll_core_params
                0x402f0570       0x14 arch/arm/mach-omap2/built-in.o
                0x402f0570                get_dpll_core_params
 .text.get_dpll_per_params
                0x402f0584       0x14 arch/arm/mach-omap2/built-in.o
                0x402f0584                get_dpll_per_params
 .text.setup_clocks_for_console
                0x402f0598       0x80 arch/arm/mach-omap2/built-in.o
                0x402f0598                setup_clocks_for_console
 .text.enable_basic_clocks
                0x402f0618       0x44 arch/arm/mach-omap2/built-in.o
                0x402f0618                enable_basic_clocks
 .text.do_setup_dpll
                0x402f065c       0xe0 arch/arm/mach-omap2/built-in.o
                0x402f065c                do_setup_dpll
 .text.do_enable_clocks
                0x402f073c       0x60 arch/arm/mach-omap2/built-in.o
                0x402f073c                do_enable_clocks
 .text.setup_early_clocks
                0x402f079c       0x12 arch/arm/mach-omap2/built-in.o
                0x402f079c                setup_early_clocks
 *fill*         0x402f07ae        0x2 
 .text.prcm_init
                0x402f07b0       0x5c arch/arm/mach-omap2/built-in.o
                0x402f07b0                prcm_init
 .text.get_sys_clk_index
                0x402f080c       0x14 arch/arm/mach-omap2/built-in.o
                0x402f080c                get_sys_clk_index
 .text.am335x_get_efuse_mpu_max_freq
                0x402f0820       0x76 arch/arm/mach-omap2/built-in.o
                0x402f0820                am335x_get_efuse_mpu_max_freq
 .text.am335x_get_tps65910_mpu_vdd
                0x402f0896       0x36 arch/arm/mach-omap2/built-in.o
                0x402f0896                am335x_get_tps65910_mpu_vdd
 .text.configure_mr
                0x402f08cc       0xb8 arch/arm/mach-omap2/built-in.o
 .text.config_sdram_emif4d5
                0x402f0984      0x1d4 arch/arm/mach-omap2/built-in.o
                0x402f0984                config_sdram_emif4d5
 .text.config_sdram
                0x402f0b58       0xa0 arch/arm/mach-omap2/built-in.o
                0x402f0b58                config_sdram
 .text.set_sdram_timings
                0x402f0bf8       0x5c arch/arm/mach-omap2/built-in.o
                0x402f0bf8                set_sdram_timings
 .text.config_ddr_phy
                0x402f0c54      0x294 arch/arm/mach-omap2/built-in.o
                0x402f0c54                config_ddr_phy
 .text.config_cmd_ctrl
                0x402f0ee8       0x60 arch/arm/mach-omap2/built-in.o
                0x402f0ee8                config_cmd_ctrl
 .text.config_ddr_data
                0x402f0f48       0x64 arch/arm/mach-omap2/built-in.o
                0x402f0f48                config_ddr_data
 .text.config_io_ctrl
                0x402f0fac       0x34 arch/arm/mach-omap2/built-in.o
                0x402f0fac                config_io_ctrl
 .text.dram_init_banksize
                0x402f0fe0       0x14 arch/arm/mach-omap2/built-in.o
                0x402f0fe0                dram_init_banksize
 .text.ddr_pll_config
                0x402f0ff4        0x2 arch/arm/mach-omap2/built-in.o
                0x402f0ff4                ddr_pll_config
 *fill*         0x402f0ff6        0x2 
 .text.config_ddr
                0x402f0ff8       0xc0 arch/arm/mach-omap2/built-in.o
                0x402f0ff8                config_ddr
 .text.am33xx_otg1_set_phy_power
                0x402f10b8       0x20 arch/arm/mach-omap2/built-in.o
 .text.am33xx_otg0_set_phy_power
                0x402f10d8       0x20 arch/arm/mach-omap2/built-in.o
 .text.cpu_mmc_init
                0x402f10f8       0x28 arch/arm/mach-omap2/built-in.o
                0x402f10f8                cpu_mmc_init
 .text.arch_misc_init
                0x402f1120       0x34 arch/arm/mach-omap2/built-in.o
                0x402f1120                arch_misc_init
 .text.board_early_init_f
                0x402f1154        0xe arch/arm/mach-omap2/built-in.o
                0x402f1154                board_early_init_f
 .text.am33xx_spl_board_init
                0x402f1162        0x2 arch/arm/mach-omap2/built-in.o
                0x402f1162                am33xx_spl_board_init
 .text.s_init   0x402f1164        0x2 arch/arm/mach-omap2/built-in.o
                0x402f1164                s_init
 *fill*         0x402f1166        0x2 
 .text.early_system_init
                0x402f1168       0x9c arch/arm/mach-omap2/built-in.o
                0x402f1168                early_system_init
 .text.board_init_f
                0x402f1204       0x20 arch/arm/mach-omap2/built-in.o
                0x402f1204                board_init_f
 .text.configure_module_pin_mux
                0x402f1224       0x1c arch/arm/mach-omap2/built-in.o
                0x402f1224                configure_module_pin_mux
 .text.reset_cpu
                0x402f1240       0x10 arch/arm/mach-omap2/built-in.o
                0x402f1240                reset_cpu
 .text.timer_init
                0x402f1250       0x1c arch/arm/mach-omap2/built-in.o
                0x402f1250                timer_init
 .text.__udelay
                0x402f126c       0x34 arch/arm/mach-omap2/built-in.o
                0x402f126c                __udelay
 .text.get_timer_masked
                0x402f12a0       0x54 arch/arm/mach-omap2/built-in.o
                0x402f12a0                get_timer_masked
 .text.get_timer
                0x402f12f4        0xc arch/arm/mach-omap2/built-in.o
                0x402f12f4                get_timer
 .text.enable_caches
                0x402f1300        0x4 arch/arm/mach-omap2/built-in.o
                0x402f1300                enable_caches
 .text.dram_bank_mmu_setup
                0x402f1304       0x26 arch/arm/mach-omap2/built-in.o
                0x402f1304                dram_bank_mmu_setup
 .text.sram_bank_mmu_setup
                0x402f132a       0x1c arch/arm/mach-omap2/built-in.o
                0x402f132a                sram_bank_mmu_setup
 .text.arm_init_domains
                0x402f1346       0x16 arch/arm/mach-omap2/built-in.o
                0x402f1346                arm_init_domains
 .text.omap_sys_boot_device
                0x402f135c        0x4 arch/arm/mach-omap2/built-in.o
                0x402f135c                omap_sys_boot_device
 .text.save_omap_boot_params
                0x402f1360       0x7c arch/arm/mach-omap2/built-in.o
                0x402f1360                save_omap_boot_params
 .text.spl_boot_device
                0x402f13dc        0x8 arch/arm/mach-omap2/built-in.o
                0x402f13dc                spl_boot_device
 .text.spl_boot_mode
                0x402f13e4        0x8 arch/arm/mach-omap2/built-in.o
                0x402f13e4                spl_boot_mode
 .text.spl_board_init
                0x402f13ec       0x24 arch/arm/mach-omap2/built-in.o
                0x402f13ec                spl_board_init
 .text.jump_to_image_no_args
                0x402f1410       0x10 arch/arm/mach-omap2/built-in.o
                0x402f1410                jump_to_image_no_args
 .text          0x402f1420      0x178 arch/arm/cpu/armv7/built-in.o
                0x402f1420                __v7_flush_dcache_all
                0x402f14bc                v7_flush_dcache_all
                0x402f14cc                __v7_invalidate_dcache_all
                0x402f1568                v7_invalidate_dcache_all
                0x402f1578                lowlevel_init
 .text.invalidate_icache_all
                0x402f1598       0x14 arch/arm/cpu/armv7/built-in.o
                0x402f1598                invalidate_icache_all
 .text.v7_outer_cache_enable
                0x402f15ac        0x2 arch/arm/cpu/armv7/built-in.o
                0x402f15ac                v7_outer_cache_enable
 .text.v7_outer_cache_disable
                0x402f15ae        0x2 arch/arm/cpu/armv7/built-in.o
                0x402f15ae                v7_outer_cache_disable
 .text.v7_outer_cache_flush_all
                0x402f15b0        0x2 arch/arm/cpu/armv7/built-in.o
                0x402f15b0                v7_outer_cache_flush_all
 .text.flush_dcache_all
                0x402f15b2        0xe arch/arm/cpu/armv7/built-in.o
                0x402f15b2                flush_dcache_all
 .text.v7_outer_cache_inval_all
                0x402f15c0        0x2 arch/arm/cpu/armv7/built-in.o
                0x402f15c0                v7_outer_cache_inval_all
 .text.invalidate_dcache_all
                0x402f15c2        0xe arch/arm/cpu/armv7/built-in.o
                0x402f15c2                invalidate_dcache_all
 .text.arm_init_before_mmu
                0x402f15d0       0x22 arch/arm/cpu/armv7/built-in.o
                0x402f15d0                arm_init_before_mmu
 .text.cpu_cache_initialization
                0x402f15f2        0x2 arch/arm/cpu/armv7/built-in.o
                0x402f15f2                cpu_cache_initialization
 .text.cleanup_before_linux_select
                0x402f15f4       0x38 arch/arm/cpu/armv7/built-in.o
                0x402f15f4                cleanup_before_linux_select
 .text.cleanup_before_linux
                0x402f162c        0x6 arch/arm/cpu/armv7/built-in.o
                0x402f162c                cleanup_before_linux
 .text.wait_on_value
                0x402f1632       0x1e arch/arm/cpu/armv7/built-in.o
                0x402f1632                wait_on_value
 .text          0x402f1650       0x68 arch/arm/lib/built-in.o
                0x402f1650                _main
 .text.jump_to_image_linux
                0x402f16b8       0x14 arch/arm/lib/built-in.o
                0x402f16b8                jump_to_image_linux
 .text.bootz_setup
                0x402f16cc       0x6c arch/arm/lib/built-in.o
                0x402f16cc                bootz_setup
 .text.disable_interrupts
                0x402f1738        0x4 arch/arm/lib/built-in.o
                0x402f1738                disable_interrupts
 .text.reset_misc
                0x402f173c        0x2 arch/arm/lib/built-in.o
                0x402f173c                reset_misc
 *fill*         0x402f173e        0x2 
 .text.do_reset
                0x402f1740       0x28 arch/arm/lib/built-in.o
                0x402f1740                do_reset
 .text.cp_delay
                0x402f1768       0x18 arch/arm/lib/built-in.o
 .text.cache_disable
                0x402f1780       0x34 arch/arm/lib/built-in.o
 .text.set_section_dcache
                0x402f17b4       0x14 arch/arm/lib/built-in.o
                0x402f17b4                set_section_dcache
 .text.icache_enable
                0x402f17c8       0x18 arch/arm/lib/built-in.o
                0x402f17c8                icache_enable
 .text.icache_disable
                0x402f17e0        0x8 arch/arm/lib/built-in.o
                0x402f17e0                icache_disable
 .text.dcache_enable
                0x402f17e8       0x80 arch/arm/lib/built-in.o
                0x402f17e8                dcache_enable
 .text.dcache_disable
                0x402f1868        0x6 arch/arm/lib/built-in.o
                0x402f1868                dcache_disable
 *fill*         0x402f186e        0x2 
 .text.enable_uart0_pin_mux
                0x402f1870        0xc board/ti/am335x/built-in.o
                0x402f1870                enable_uart0_pin_mux
 .text.enable_i2c0_pin_mux
                0x402f187c        0xc board/ti/am335x/built-in.o
                0x402f187c                enable_i2c0_pin_mux
 .text.enable_board_pin_mux
                0x402f1888      0x144 board/ti/am335x/built-in.o
                0x402f1888                enable_board_pin_mux
 .text.bone_not_connected_to_ac_power.part.0
                0x402f19cc       0x28 board/ti/am335x/built-in.o
 .text.do_board_detect
                0x402f19f4       0x30 board/ti/am335x/built-in.o
                0x402f19f4                do_board_detect
 .text.default_serial_console
                0x402f1a24       0x34 board/ti/am335x/built-in.o
                0x402f1a24                default_serial_console
 .text.spl_start_uboot
                0x402f1a58       0x30 board/ti/am335x/built-in.o
                0x402f1a58                spl_start_uboot
 .text.get_dpll_ddr_params
                0x402f1a88       0x80 board/ti/am335x/built-in.o
                0x402f1a88                get_dpll_ddr_params
 .text.get_dpll_mpu_params
                0x402f1b08       0x9c board/ti/am335x/built-in.o
                0x402f1b08                get_dpll_mpu_params
 .text.scale_vcores_generic
                0x402f1ba4       0x40 board/ti/am335x/built-in.o
                0x402f1ba4                scale_vcores_generic
 .text.gpi2c_init
                0x402f1be4       0x24 board/ti/am335x/built-in.o
                0x402f1be4                gpi2c_init
 .text.scale_vcores
                0x402f1c08      0x128 board/ti/am335x/built-in.o
                0x402f1c08                scale_vcores
 .text.set_uart_mux_conf
                0x402f1d30        0x4 board/ti/am335x/built-in.o
                0x402f1d30                set_uart_mux_conf
 .text.set_mux_conf_regs
                0x402f1d34        0x4 board/ti/am335x/built-in.o
                0x402f1d34                set_mux_conf_regs
 .text.sdram_init
                0x402f1d38      0x170 board/ti/am335x/built-in.o
                0x402f1d38                sdram_init
 .text.ti_eeprom_string_cleanup
                0x402f1ea8       0x24 board/ti/common/built-in.o
 .text.ti_i2c_eeprom_get
                0x402f1ecc       0x94 board/ti/common/built-in.o
 .text.ti_i2c_eeprom_am_get
                0x402f1f60       0xc4 board/ti/common/built-in.o
                0x402f1f60                ti_i2c_eeprom_am_get
 .text.board_ti_is
                0x402f2024       0x30 board/ti/common/built-in.o
                0x402f2024                board_ti_is
 .text.board_ti_get_rev
                0x402f2054        0x8 board/ti/common/built-in.o
                0x402f2054                board_ti_get_rev
 .text.board_ti_get_config
                0x402f205c        0x8 board/ti/common/built-in.o
                0x402f205c                board_ti_get_config
 .text.show_boot_progress
                0x402f2064        0x2 common/spl/built-in.o
                0x402f2064                show_boot_progress
 .text.spl_board_prepare_for_linux
                0x402f2066        0x2 common/spl/built-in.o
                0x402f2066                spl_board_prepare_for_linux
 .text.spl_board_prepare_for_boot
                0x402f2068        0x2 common/spl/built-in.o
                0x402f2068                spl_board_prepare_for_boot
 *fill*         0x402f206a        0x2 
 .text.spl_set_header_raw_uboot
                0x402f206c       0x20 common/spl/built-in.o
                0x402f206c                spl_set_header_raw_uboot
 .text.spl_parse_image_header
                0x402f208c       0x7c common/spl/built-in.o
                0x402f208c                spl_parse_image_header
 .text.spl_init
                0x402f2108       0x10 common/spl/built-in.o
                0x402f2108                spl_init
 .text.board_boot_order
                0x402f2118        0xc common/spl/built-in.o
                0x402f2118                board_boot_order
 .text.board_init_r
                0x402f2124      0x10c common/spl/built-in.o
                0x402f2124                board_init_r
 .text.preloader_console_init
                0x402f2230       0x24 common/spl/built-in.o
                0x402f2230                preloader_console_init
 .text.spl_relocate_stack_gd
                0x402f2254       0x30 common/spl/built-in.o
                0x402f2254                spl_relocate_stack_gd
 .text.spl_ymodem_load_image
                0x402f2284       0xa0 common/spl/built-in.o
 .text.getcymodem
                0x402f2324       0x16 common/spl/built-in.o
 *fill*         0x402f233a        0x2 
 .text.mmc_load_image_raw_sector
                0x402f233c       0x68 common/spl/built-in.o
 .text.spl_mmc_get_device_index
                0x402f23a4       0x28 common/spl/built-in.o
                0x402f23a4                spl_mmc_get_device_index
 .text.spl_mmc_load_image
                0x402f23cc      0x174 common/spl/built-in.o
                0x402f23cc                spl_mmc_load_image
 .text.spl_load_image_fat
                0x402f2540       0x84 common/spl/built-in.o
                0x402f2540                spl_load_image_fat
 .text.spl_load_image_fat_os
                0x402f25c4       0xec common/spl/built-in.o
                0x402f25c4                spl_load_image_fat_os
 .text.spl_load_image_ext
                0x402f26b0       0xe0 common/spl/built-in.o
                0x402f26b0                spl_load_image_ext
 .text.spl_load_image_ext_os
                0x402f2790      0x130 common/spl/built-in.o
                0x402f2790                spl_load_image_ext_os
 .text.board_init_f_alloc_reserve
                0x402f28c0        0xa common/init/built-in.o
                0x402f28c0                board_init_f_alloc_reserve
 .text.board_init_f_init_reserve
                0x402f28ca       0x1c common/init/built-in.o
                0x402f28ca                board_init_f_init_reserve
 *fill*         0x402f28e6        0x2 
 .text.CYGACC_COMM_IF_GETC_TIMEOUT.isra.0
                0x402f28e8       0x2c common/built-in.o
 .text.xyzModem_flush
                0x402f2914       0x14 common/built-in.o
 .text.xyzModem_get_hdr
                0x402f2928      0x17c common/built-in.o
 .text.xyzModem_stream_open
                0x402f2aa4      0x184 common/built-in.o
                0x402f2aa4                xyzModem_stream_open
 .text.xyzModem_stream_read
                0x402f2c28      0x1b0 common/built-in.o
                0x402f2c28                xyzModem_stream_read
 .text.xyzModem_stream_close
                0x402f2dd8       0x40 common/built-in.o
                0x402f2dd8                xyzModem_stream_close
 .text.xyzModem_stream_terminate
                0x402f2e18       0x68 common/built-in.o
                0x402f2e18                xyzModem_stream_terminate
 .text.xyzModem_error
                0x402f2e80       0x18 common/built-in.o
                0x402f2e80                xyzModem_error
 .text.regex_callback
                0x402f2e98       0xb8 common/built-in.o
 .text.env_attr_walk
                0x402f2f50       0xa4 common/built-in.o
                0x402f2f50                env_attr_walk
 .text.env_attr_lookup
                0x402f2ff4       0x44 common/built-in.o
                0x402f2ff4                env_attr_lookup
 .text.skip_num
                0x402f3038       0x48 common/built-in.o
 .text.env_flags_parse_vartype
                0x402f3080       0x30 common/built-in.o
                0x402f3080                env_flags_parse_vartype
 .text.env_flags_parse_varaccess
                0x402f30b0       0x38 common/built-in.o
                0x402f30b0                env_flags_parse_varaccess
 .text.eth_validate_ethaddr_str
                0x402f30e8       0x50 common/built-in.o
                0x402f30e8                eth_validate_ethaddr_str
 .text.env_flags_init
                0x402f3138       0x90 common/built-in.o
                0x402f3138                env_flags_init
 .text.env_flags_validate
                0x402f31c8      0x1ac common/built-in.o
                0x402f31c8                env_flags_validate
 .text.env_callback_init
                0x402f3374       0xa8 common/built-in.o
                0x402f3374                env_callback_init
 .text.mmc_get_env_addr
                0x402f341c       0x10 common/built-in.o
                0x402f341c                mmc_get_env_addr
 .text.mmc_get_env_dev
                0x402f342c        0x4 common/built-in.o
                0x402f342c                mmc_get_env_dev
 .text.fini_mmc_for_env.isra.4
                0x402f3430       0x1c common/built-in.o
 .text.env_init
                0x402f344c       0x1c common/built-in.o
                0x402f344c                env_init
 .text.mmc_get_env_part
                0x402f3468        0x4 common/built-in.o
                0x402f3468                mmc_get_env_part
 .text.init_mmc_for_env
                0x402f346c       0x58 common/built-in.o
 .text.env_relocate_spec
                0x402f34c4      0x1d8 common/built-in.o
                0x402f34c4                env_relocate_spec
 .text.env_get_char_spec
                0x402f369c        0x8 common/built-in.o
                0x402f369c                env_get_char_spec
 .text.env_get_addr
                0x402f36a4       0x14 common/built-in.o
                0x402f36a4                env_get_addr
 .text.env_get_char_memory
                0x402f36b8        0xa common/built-in.o
                0x402f36b8                env_get_char_memory
 *fill*         0x402f36c2        0x2 
 .text.env_get_char
                0x402f36c4       0x20 common/built-in.o
                0x402f36c4                env_get_char
 .text.getenv_yesno
                0x402f36e4       0x2a common/built-in.o
                0x402f36e4                getenv_yesno
 .text.getenv_default
                0x402f370e       0x20 common/built-in.o
                0x402f370e                getenv_default
 *fill*         0x402f372e        0x2 
 .text.set_default_env
                0x402f3730       0x84 common/built-in.o
                0x402f3730                set_default_env
 .text.env_import
                0x402f37b4       0x94 common/built-in.o
                0x402f37b4                env_import
 .text.puts     0x402f3848       0x20 common/built-in.o
                0x402f3848                puts
 .text.fgetc    0x402f3868       0x18 common/built-in.o
                0x402f3868                fgetc
 .text.getc     0x402f3880       0x18 common/built-in.o
                0x402f3880                getc
 .text.ftstc    0x402f3898       0x18 common/built-in.o
                0x402f3898                ftstc
 .text.tstc     0x402f38b0       0x18 common/built-in.o
                0x402f38b0                tstc
 .text.fputc    0x402f38c8       0x14 common/built-in.o
                0x402f38c8                fputc
 .text.putc     0x402f38dc       0x1a common/built-in.o
                0x402f38dc                putc
 *fill*         0x402f38f6        0x2 
 .text.mem_malloc_init
                0x402f38f8       0x28 common/built-in.o
                0x402f38f8                mem_malloc_init
 .text.malloc_simple
                0x402f3920       0x2a common/built-in.o
                0x402f3920                malloc_simple
 .text.memalign_simple
                0x402f394a       0x34 common/built-in.o
                0x402f394a                memalign_simple
 .text.calloc   0x402f397e       0x1a common/built-in.o
                0x402f397e                calloc
 .text.get_ram_size
                0x402f3998       0x98 common/built-in.o
                0x402f3998                get_ram_size
 .text.get_effective_memsize
                0x402f3a30        0x6 common/built-in.o
                0x402f3a30                get_effective_memsize
 .text.envmatch
                0x402f3a36       0x46 cmd/built-in.o
                0x402f3a36                envmatch
 .text.getenv_f
                0x402f3a7c       0x84 cmd/built-in.o
                0x402f3a7c                getenv_f
 .text.getenv   0x402f3b00       0x54 cmd/built-in.o
                0x402f3b00                getenv
 .text.crc16_ccitt
                0x402f3b54       0x28 lib/built-in.o
                0x402f3b54                crc16_ccitt
 .text.drop_var_from_set.part.3
                0x402f3b7c       0x30 lib/built-in.o
 .text.hcreate_r
                0x402f3bac       0x60 lib/built-in.o
                0x402f3bac                hcreate_r
 .text.hdestroy_r
                0x402f3c0c       0x14 lib/built-in.o
                0x402f3c0c                hdestroy_r
 .text.hsearch_r
                0x402f3c20      0x2b8 lib/built-in.o
                0x402f3c20                hsearch_r
 .text.hdelete_r
                0x402f3ed8       0x8c lib/built-in.o
                0x402f3ed8                hdelete_r
 .text.himport_r
                0x402f3f64      0x240 lib/built-in.o
                0x402f3f64                himport_r
 .text.crc32_no_comp
                0x402f41a4       0x8c lib/built-in.o
                0x402f41a4                crc32_no_comp
 .text.crc32    0x402f4230        0xc lib/built-in.o
                0x402f4230                crc32
 .text.__div64_32
                0x402f423c       0x8e lib/built-in.o
                0x402f423c                __div64_32
 *fill*         0x402f42ca        0x2 
 .text.hang     0x402f42cc       0x18 lib/built-in.o
                0x402f42cc                hang
 .text.kmalloc  0x402f42e4       0x20 lib/built-in.o
                0x402f42e4                kmalloc
 .text.skip_spaces
                0x402f4304       0x18 lib/built-in.o
                0x402f4304                skip_spaces
 .text.strim    0x402f431c       0x34 lib/built-in.o
                0x402f431c                strim
 .text.emit     0x402f4350       0x20 lib/built-in.o
 .text.store_char_in_data
                0x402f4370       0x24 lib/built-in.o
 .text.get_escape_char
                0x402f4394       0x4a lib/built-in.o
 *fill*         0x402f43de        0x2 
 .text.match    0x402f43e0      0x278 lib/built-in.o
 .text.loop_greedy
                0x402f4658       0x5e lib/built-in.o
 .text.loop_non_greedy
                0x402f46b6       0x4e lib/built-in.o
 .text.fixup_branch
                0x402f4704       0x2c lib/built-in.o
 .text.quantifier
                0x402f4730       0x74 lib/built-in.o
 .text.compile  0x402f47a4      0x25c lib/built-in.o
 .text.slre_compile
                0x402f4a00       0x90 lib/built-in.o
                0x402f4a00                slre_compile
 .text.slre_match
                0x402f4a90       0x5a lib/built-in.o
                0x402f4a90                slre_match
 .text.strcpy   0x402f4aea       0x10 lib/built-in.o
                0x402f4aea                strcpy
 .text.strncpy  0x402f4afa       0x14 lib/built-in.o
                0x402f4afa                strncpy
 .text.strcat   0x402f4b0e       0x1c lib/built-in.o
                0x402f4b0e                strcat
 .text.strcmp   0x402f4b2a       0x1a lib/built-in.o
                0x402f4b2a                strcmp
 .text.strncmp  0x402f4b44       0x22 lib/built-in.o
                0x402f4b44                strncmp
 .text.strchr   0x402f4b66       0x18 lib/built-in.o
                0x402f4b66                strchr
 .text.strlen   0x402f4b7e       0x10 lib/built-in.o
                0x402f4b7e                strlen
 .text.strnlen  0x402f4b8e       0x1a lib/built-in.o
                0x402f4b8e                strnlen
 .text.strdup   0x402f4ba8       0x22 lib/built-in.o
                0x402f4ba8                strdup
 .text.memset   0x402f4bca       0x42 lib/built-in.o
                0x402f4bca                memset
 .text.memcpy   0x402f4c0c       0x3e lib/built-in.o
                0x402f4c0c                memcpy
 .text.strlcpy  0x402f4c4a       0x2e lib/built-in.o
                0x402f4c4a                strlcpy
 .text.memmove  0x402f4c78       0x32 lib/built-in.o
                0x402f4c78                memmove
 .text.memcmp   0x402f4caa       0x1a lib/built-in.o
                0x402f4caa                memcmp
 .text.udelay   0x402f4cc4       0x24 lib/built-in.o
                0x402f4cc4                udelay
[...]
                0x40303690       0x2c drivers/built-in.o
                0x40303690                _u_boot_list_2_i2c_2_omap24_2
 .u_boot_list_2_i2c_3
                0x403036bc        0x0 drivers/built-in.o
 .u_boot_list_2_part_driver_1
                0x403036bc        0x0 disk/built-in.o
 .u_boot_list_2_part_driver_2_a_efi
                0x403036bc       0x18 disk/built-in.o
                0x403036bc                _u_boot_list_2_part_driver_2_a_efi
 .u_boot_list_2_part_driver_2_dos
                0x403036d4       0x18 disk/built-in.o
                0x403036d4                _u_boot_list_2_part_driver_2_dos
 .u_boot_list_2_part_driver_2_iso
                0x403036ec       0x18 disk/built-in.o
                0x403036ec                _u_boot_list_2_part_driver_2_iso
 .u_boot_list_2_part_driver_3
                0x40303704        0x0 disk/built-in.o
 .u_boot_list_2_spl_image_loader_1
                0x40303704        0x0 common/spl/built-in.o
 .u_boot_list_2_spl_image_loader_2_spl_mmc_load_image0BOOT_DEVICE_MMC1
                0x40303704        0xc common/spl/built-in.o
                0x40303704                _u_boot_list_2_spl_image_loader_2_spl_mmc_load_image0BOOT_DEVICE_MMC1
 .u_boot_list_2_spl_image_loader_2_spl_mmc_load_image0BOOT_DEVICE_MMC2
                0x40303710        0xc common/spl/built-in.o
                0x40303710                _u_boot_list_2_spl_image_loader_2_spl_mmc_load_image0BOOT_DEVICE_MMC2
 .u_boot_list_2_spl_image_loader_2_spl_mmc_load_image0BOOT_DEVICE_MMC2_2
                0x4030371c        0xc common/spl/built-in.o
                0x4030371c                _u_boot_list_2_spl_image_loader_2_spl_mmc_load_image0BOOT_DEVICE_MMC2_2
 .u_boot_list_2_spl_image_loader_2_spl_ymodem_load_image0BOOT_DEVICE_UART
                0x40303728        0xc common/spl/built-in.o
                0x40303728                _u_boot_list_2_spl_image_loader_2_spl_ymodem_load_image0BOOT_DEVICE_UART
 .u_boot_list_2_spl_image_loader_3
                0x40303734        0x0 common/spl/built-in.o
                0x40303734                . = ALIGN (0x4)
                0x40303734                __image_copy_end = .

.end
 *(.__end)
                0x40303734                _image_binary_end = .

.bss            0x80a00000    0x30e40
                0x80a00000                . = ALIGN (0x4)
                0x80a00000                __bss_start = .
 *(.bss*)
 .bss.fat_registered
                0x80a00000        0x4 common/spl/built-in.o
 .bss.xyz       0x80a00004      0x434 common/built-in.o
 .bss.flags_list
                0x80a00438        0x4 common/built-in.o
 .bss.callback_list
                0x80a0043c        0x4 common/built-in.o
 .bss.env_flags
                0x80a00440        0x1 common/built-in.o
 .bss.env_mmc_orig_hwpart
                0x80a00441        0x1 common/built-in.o
 *fill*         0x80a00442        0x2 
 .bss.mem_malloc_brk
                0x80a00444        0x4 common/built-in.o
                0x80a00444                mem_malloc_brk
 .bss.mem_malloc_end
                0x80a00448        0x4 common/built-in.o
                0x80a00448                mem_malloc_end
 .bss.mem_malloc_start
                0x80a0044c        0x4 common/built-in.o
                0x80a0044c                mem_malloc_start
 .bss.stdio_devices
                0x80a00450        0xc common/built-in.o
                0x80a00450                stdio_devices
 .bss.errno     0x80a0045c        0x4 lib/built-in.o
                0x80a0045c                errno
 *fill*         0x80a00460       0x20 
 .bss.tmpbuf    0x80a00480      0x800 disk/built-in.o
 .bss.name.7208
                0x80a00c80       0x25 disk/built-in.o
 *fill*         0x80a00ca5        0x3 
 .bss.mmc_devices
                0x80a00ca8        0x8 drivers/built-in.o
 .bss.initialized.9704
                0x80a00cb0        0x4 drivers/built-in.o
 .bss.serial_current
                0x80a00cb4        0x4 drivers/built-in.o
 .bss.musb_host
                0x80a00cb8       0x60 drivers/built-in.o
                0x80a00cb8                musb_host
 .bss.gadget    0x80a00d18        0x4 drivers/built-in.o
 *fill*         0x80a00d1c       0x24 
 .bss.get_contents_vfatname_block
                0x80a00d40    0x10000 fs/built-in.o
                0x80a00d40                get_contents_vfatname_block
 .bss.do_fat_read_at_block
                0x80a10d40    0x10000 fs/built-in.o
                0x80a10d40                do_fat_read_at_block
 .bss.get_dentfromdir_block
                0x80a20d40    0x10000 fs/built-in.o
                0x80a20d40                get_dentfromdir_block
 .bss.cur_part_info
                0x80a30d40       0x78 fs/built-in.o
 .bss.total_sector
                0x80a30db8        0x4 fs/built-in.o
 .bss.num_of_fats
                0x80a30dbc        0x1 fs/built-in.o
 *fill*         0x80a30dbd        0x3 
 .bss.cur_dev   0x80a30dc0        0x4 fs/built-in.o
 *fill*         0x80a30dc4        0x4 
 .bss.ext_fs    0x80a30dc8       0x48 fs/built-in.o
                0x80a30dc8                ext_fs
 .bss.ext4fs_indir3_block
                0x80a30e10        0x4 fs/built-in.o
                0x80a30e10                ext4fs_indir3_block
 .bss.ext4fs_root
                0x80a30e14        0x4 fs/built-in.o
                0x80a30e14                ext4fs_root
 .bss.ext4fs_indir3_size
                0x80a30e18        0x4 fs/built-in.o
                0x80a30e18                ext4fs_indir3_size
 .bss.ext4fs_indir2_block
                0x80a30e1c        0x4 fs/built-in.o
                0x80a30e1c                ext4fs_indir2_block
 .bss.ext4fs_indir1_block
                0x80a30e20        0x4 fs/built-in.o
                0x80a30e20                ext4fs_indir1_block
 .bss.ext4fs_indir2_size
                0x80a30e24        0x4 fs/built-in.o
                0x80a30e24                ext4fs_indir2_size
 .bss.ext4fs_indir1_size
                0x80a30e28        0x4 fs/built-in.o
                0x80a30e28                ext4fs_indir1_size
 .bss.symlinknest
                0x80a30e2c        0x4 fs/built-in.o
 .bss.ext4fs_file
                0x80a30e30        0x4 fs/built-in.o
                0x80a30e30                ext4fs_file
 .bss.part_info
                0x80a30e34        0x4 fs/built-in.o
 .bss.part_offset
                0x80a30e38        0x4 fs/built-in.o
                0x80a30e38                part_offset
 .bss.ext4fs_blk_desc
                0x80a30e3c        0x4 fs/built-in.o
                0x80a30e40                . = ALIGN (0x4)
                0x80a30e40                __bss_end = .
段 .text 的地址设置为 0x402f0400
LOAD arch/arm/cpu/armv7/start.o
START GROUP
LOAD arch/arm/mach-omap2/built-in.o
LOAD arch/arm/cpu/armv7/built-in.o
LOAD arch/arm/cpu/built-in.o
LOAD arch/arm/lib/built-in.o
LOAD board/ti/am335x/built-in.o
LOAD board/ti/common/built-in.o
LOAD common/spl/built-in.o
LOAD common/init/built-in.o
LOAD common/built-in.o
LOAD cmd/built-in.o
LOAD lib/built-in.o
LOAD disk/built-in.o
LOAD drivers/built-in.o
LOAD dts/built-in.o
LOAD fs/built-in.o
END GROUP
LOAD arch/arm/lib/eabi_compat.o
LOAD arch/arm/lib/lib.a
OUTPUT(u-boot-spl elf32-littlearm)

.ARM.attributes
                0x00000000       0x2d
 .ARM.attributes
                0x00000000       0x1f arch/arm/cpu/armv7/start.o
 .ARM.attributes
                0x0000001f       0x2f arch/arm/mach-omap2/built-in.o
 .ARM.attributes
                0x0000004e       0x2d arch/arm/cpu/armv7/built-in.o
 .ARM.attributes
                0x0000007b       0x2b arch/arm/lib/built-in.o
 .ARM.attributes
                0x000000a6       0x2d board/ti/am335x/built-in.o
 .ARM.attributes
                0x000000d3       0x2d board/ti/common/built-in.o
 .ARM.attributes
                0x00000100       0x2d common/spl/built-in.o
 .ARM.attributes
                0x0000012d       0x2d common/init/built-in.o
 .ARM.attributes
                0x0000015a       0x2d common/built-in.o
 .ARM.attributes
                0x00000187       0x2d cmd/built-in.o
 .ARM.attributes
                0x000001b4       0x2d lib/built-in.o
 .ARM.attributes
                0x000001e1       0x2d disk/built-in.o
 .ARM.attributes
                0x0000020e       0x2d drivers/built-in.o
 .ARM.attributes
                0x0000023b       0x2d fs/built-in.o
 .ARM.attributes
                0x00000268       0x1f arch/arm/lib/lib.a(ashldi3.o)
 .ARM.attributes
                0x00000287       0x1f arch/arm/lib/lib.a(lib1funcs.o)
 .ARM.attributes
                0x000002a6       0x1f arch/arm/lib/lib.a(lshrdi3.o)
 .ARM.attributes
                0x000002c5       0x2d arch/arm/lib/lib.a(div0.o)

.comment        0x00000000       0x2b
 .comment       0x00000000       0x2b arch/arm/mach-omap2/built-in.o
                                0x2c0 (size before relaxing)
 .comment       0x00000000       0xb0 arch/arm/cpu/armv7/built-in.o
 .comment       0x00000000      0x1b8 arch/arm/lib/built-in.o
 .comment       0x00000000       0x58 board/ti/am335x/built-in.o
 .comment       0x00000000       0x2c board/ti/common/built-in.o
 .comment       0x00000000       0xdc common/spl/built-in.o
 .comment       0x00000000       0x2c common/init/built-in.o
 .comment       0x00000000      0x344 common/built-in.o
 .comment       0x00000000       0x2c cmd/built-in.o
 .comment       0x00000000      0x370 lib/built-in.o
 .comment       0x00000000       0xb0 disk/built-in.o
 .comment       0x00000000      0x344 drivers/built-in.o
 .comment       0x00000000      0x134 fs/built-in.o
 .comment       0x00000000       0x2c arch/arm/lib/lib.a(div0.o)

.note.GNU-stack
                0x00000000        0x0
 .note.GNU-stack
                0x00000000        0x0 arch/arm/mach-omap2/built-in.o
 .note.GNU-stack
                0x00000000        0x0 arch/arm/cpu/armv7/built-in.o
 .note.GNU-stack
                0x00000000        0x0 arch/arm/lib/built-in.o
 .note.GNU-stack
                0x00000000        0x0 board/ti/am335x/built-in.o
 .note.GNU-stack
                0x00000000        0x0 board/ti/common/built-in.o
 .note.GNU-stack
                0x00000000        0x0 common/spl/built-in.o
 .note.GNU-stack
                0x00000000        0x0 common/init/built-in.o
 .note.GNU-stack
                0x00000000        0x0 common/built-in.o
 .note.GNU-stack
                0x00000000        0x0 cmd/built-in.o
 .note.GNU-stack
                0x00000000        0x0 lib/built-in.o
 .note.GNU-stack
                0x00000000        0x0 disk/built-in.o
 .note.GNU-stack
                0x00000000        0x0 drivers/built-in.o
 .note.GNU-stack
                0x00000000        0x0 fs/built-in.o
 .note.GNU-stack
                0x00000000        0x0 arch/arm/lib/lib.a(div0.o)

.debug_line     0x00000000    0x12dda
 .debug_line    0x00000000       0x8c arch/arm/cpu/armv7/start.o
 .debug_line    0x0000008c     0x1969 arch/arm/mach-omap2/built-in.o
 .debug_line    0x000019f5      0x5b2 arch/arm/cpu/armv7/built-in.o
 .debug_line    0x00001fa7      0xd09 arch/arm/lib/built-in.o
 .debug_line    0x00002cb0      0x6a0 board/ti/am335x/built-in.o
 .debug_line    0x00003350      0x367 board/ti/common/built-in.o
 .debug_line    0x000036b7      0x8ef common/spl/built-in.o
 .debug_line    0x00003fa6      0x122 common/init/built-in.o
 .debug_line    0x000040c8     0x329f common/built-in.o
 .debug_line    0x00007367      0x2bf cmd/built-in.o
 .debug_line    0x00007626     0x260e lib/built-in.o
 .debug_line    0x00009c34     0x119f disk/built-in.o
 .debug_line    0x0000add3     0x52d3 drivers/built-in.o
 .debug_line    0x000100a6     0x2b47 fs/built-in.o
 .debug_line    0x00012bed       0x50 arch/arm/lib/lib.a(ashldi3.o)
 .debug_line    0x00012c3d      0x106 arch/arm/lib/lib.a(lib1funcs.o)
 .debug_line    0x00012d43       0x50 arch/arm/lib/lib.a(lshrdi3.o)
 .debug_line    0x00012d93       0x47 arch/arm/lib/lib.a(div0.o)

.debug_info     0x00000000    0x7864f
 .debug_info    0x00000000       0x75 arch/arm/cpu/armv7/start.o
 .debug_info    0x00000075     0xbbb1 arch/arm/mach-omap2/built-in.o
 .debug_info    0x0000bc26     0x152a arch/arm/cpu/armv7/built-in.o
 .debug_info    0x0000d150     0x400f arch/arm/lib/built-in.o
 .debug_info    0x0001115f     0x30d6 board/ti/am335x/built-in.o
 .debug_info    0x00014235     0x138e board/ti/common/built-in.o
 .debug_info    0x000155c3     0x5269 common/spl/built-in.o
 .debug_info    0x0001a82c      0x6a1 common/init/built-in.o
 .debug_info    0x0001aecd    0x12523 common/built-in.o
 .debug_info    0x0002d3f0      0xf84 cmd/built-in.o
 .debug_info    0x0002e374     0x9ffc lib/built-in.o
 .debug_info    0x00038370     0x6b46 disk/built-in.o
 .debug_info    0x0003eeb6    0x27e7f drivers/built-in.o
 .debug_info    0x00066d35    0x11776 fs/built-in.o
 .debug_info    0x000784ab       0x71 arch/arm/lib/lib.a(ashldi3.o)
 .debug_info    0x0007851c       0x6f arch/arm/lib/lib.a(lib1funcs.o)
 .debug_info    0x0007858b       0x71 arch/arm/lib/lib.a(lshrdi3.o)
 .debug_info    0x000785fc       0x53 arch/arm/lib/lib.a(div0.o)

.debug_abbrev   0x00000000    0x13640
 .debug_abbrev  0x00000000       0x14 arch/arm/cpu/armv7/start.o
 .debug_abbrev  0x00000014     0x24ab arch/arm/mach-omap2/built-in.o
 .debug_abbrev  0x000024bf      0x686 arch/arm/cpu/armv7/built-in.o
 .debug_abbrev  0x00002b45      0xfe1 arch/arm/lib/built-in.o
 .debug_abbrev  0x00003b26      0x685 board/ti/am335x/built-in.o
 .debug_abbrev  0x000041ab      0x41e board/ti/common/built-in.o
 .debug_abbrev  0x000045c9     0x1066 common/spl/built-in.o
 .debug_abbrev  0x0000562f      0x1a5 common/init/built-in.o
 .debug_abbrev  0x000057d4     0x3a7b common/built-in.o
 .debug_abbrev  0x0000924f      0x35d cmd/built-in.o
 .debug_abbrev  0x000095ac     0x2877 lib/built-in.o
 .debug_abbrev  0x0000be23     0x11d1 disk/built-in.o
 .debug_abbrev  0x0000cff4     0x4999 drivers/built-in.o
 .debug_abbrev  0x0001198d     0x1c2c fs/built-in.o
 .debug_abbrev  0x000135b9       0x14 arch/arm/lib/lib.a(ashldi3.o)
 .debug_abbrev  0x000135cd       0x12 arch/arm/lib/lib.a(lib1funcs.o)
 .debug_abbrev  0x000135df       0x14 arch/arm/lib/lib.a(lshrdi3.o)
 .debug_abbrev  0x000135f3       0x4d arch/arm/lib/lib.a(div0.o)

.debug_aranges  0x00000000     0x2798
 .debug_aranges
                0x00000000       0x20 arch/arm/cpu/armv7/start.o
 .debug_aranges
                0x00000020      0x408 arch/arm/mach-omap2/built-in.o
 .debug_aranges
                0x00000428      0x140 arch/arm/cpu/armv7/built-in.o
 .debug_aranges
                0x00000568      0x280 arch/arm/lib/built-in.o
 .debug_aranges
                0x000007e8       0xe0 board/ti/am335x/built-in.o
 .debug_aranges
                0x000008c8       0xa8 board/ti/common/built-in.o
 .debug_aranges
                0x00000970      0x140 common/spl/built-in.o
 .debug_aranges
                0x00000ab0       0x30 common/init/built-in.o
 .debug_aranges
                0x00000ae0      0x6d8 common/built-in.o
 .debug_aranges
                0x000011b8       0x68 cmd/built-in.o
 .debug_aranges
                0x00001220      0x5c0 lib/built-in.o
 .debug_aranges
                0x000017e0      0x1a0 disk/built-in.o
 .debug_aranges
                0x00001980      0x9c8 drivers/built-in.o
 .debug_aranges
                0x00002348      0x3a8 fs/built-in.o
 .debug_aranges
                0x000026f0       0x20 arch/arm/lib/lib.a(ashldi3.o)
 .debug_aranges
                0x00002710       0x48 arch/arm/lib/lib.a(lib1funcs.o)
 .debug_aranges
                0x00002758       0x20 arch/arm/lib/lib.a(lshrdi3.o)
 .debug_aranges
                0x00002778       0x20 arch/arm/lib/lib.a(div0.o)

.debug_frame    0x00000000     0x6794
 .debug_frame   0x00000000      0x800 arch/arm/mach-omap2/built-in.o
 .debug_frame   0x00000800      0x1e4 arch/arm/cpu/armv7/built-in.o
 .debug_frame   0x000009e4      0x408 arch/arm/lib/built-in.o
 .debug_frame   0x00000dec      0x230 board/ti/am335x/built-in.o
 .debug_frame   0x0000101c      0x1c0 board/ti/common/built-in.o
 .debug_frame   0x000011dc      0x2dc common/spl/built-in.o
 .debug_frame   0x000014b8       0x40 common/init/built-in.o
 .debug_frame   0x000014f8     0x1238 common/built-in.o
 .debug_frame   0x00002730      0x158 cmd/built-in.o
 .debug_frame   0x00002888      0xfdc lib/built-in.o
 .debug_frame   0x00003864      0x5f8 disk/built-in.o
 .debug_frame   0x00003e5c     0x1bf0 drivers/built-in.o
 .debug_frame   0x00005a4c      0xd28 fs/built-in.o
 .debug_frame   0x00006774       0x20 arch/arm/lib/lib.a(div0.o)

.debug_str      0x00000000     0xf501
 .debug_str     0x00000000     0x3763 arch/arm/mach-omap2/built-in.o
                               0x8ffc (size before relaxing)
 .debug_str     0x00003763      0x359 arch/arm/cpu/armv7/built-in.o
                               0x1359 (size before relaxing)
 .debug_str     0x00003abc      0x49b arch/arm/lib/built-in.o
                               0x34c6 (size before relaxing)
 .debug_str     0x00003f57      0xf02 board/ti/am335x/built-in.o
                               0x2051 (size before relaxing)
 .debug_str     0x00004e59      0x289 board/ti/common/built-in.o
                                0x78f (size before relaxing)
 .debug_str     0x000050e2      0xbcc common/spl/built-in.o
                               0x34b6 (size before relaxing)
 .debug_str     0x00005cae       0x58 common/init/built-in.o
                                0x620 (size before relaxing)
 .debug_str     0x00005d06     0x2f36 common/built-in.o
                               0xa74f (size before relaxing)
 .debug_str     0x00008c3c       0xc6 cmd/built-in.o
                                0x7e4 (size before relaxing)
 .debug_str     0x00008d02      0x952 lib/built-in.o
                               0x6570 (size before relaxing)
 .debug_str     0x00009654      0xb64 disk/built-in.o
                               0x2aaa (size before relaxing)
 .debug_str     0x0000a1b8     0x335f drivers/built-in.o
                              0x12976 (size before relaxing)
 .debug_str     0x0000d517     0x1fcc fs/built-in.o
                               0x6aa1 (size before relaxing)
 .debug_str     0x0000f4e3       0x1e arch/arm/lib/lib.a(div0.o)
                                0x185 (size before relaxing)

.debug_loc      0x00000000    0x37e98
 .debug_loc     0x00000000     0x2e0b arch/arm/mach-omap2/built-in.o
 .debug_loc     0x00002e0b      0x41f arch/arm/cpu/armv7/built-in.o
 .debug_loc     0x0000322a      0x74b arch/arm/lib/built-in.o
 .debug_loc     0x00003975      0x1a0 board/ti/am335x/built-in.o
 .debug_loc     0x00003b15      0x81c board/ti/common/built-in.o
 .debug_loc     0x00004331     0x11d7 common/spl/built-in.o
 .debug_loc     0x00005508       0xe4 common/init/built-in.o
 .debug_loc     0x000055ec     0x8fd8 common/built-in.o
 .debug_loc     0x0000e5c4      0x6a4 cmd/built-in.o
 .debug_loc     0x0000ec68     0x6cea lib/built-in.o
 .debug_loc     0x00015952     0x30db disk/built-in.o
 .debug_loc     0x00018a2d    0x1217c drivers/built-in.o
 .debug_loc     0x0002aba9     0xd2ef fs/built-in.o

.debug_ranges   0x00000000     0x5258
 .debug_ranges  0x00000000      0x6a0 arch/arm/mach-omap2/built-in.o
 .debug_ranges  0x000006a0       0xd8 arch/arm/cpu/armv7/built-in.o
 .debug_ranges  0x00000778      0x198 arch/arm/lib/built-in.o
 .debug_ranges  0x00000910       0xf0 board/ti/am335x/built-in.o
 .debug_ranges  0x00000a00       0xe8 board/ti/common/built-in.o
 .debug_ranges  0x00000ae8      0x1b0 common/spl/built-in.o
 .debug_ranges  0x00000c98       0x20 common/init/built-in.o
 .debug_ranges  0x00000cb8      0x928 common/built-in.o
 .debug_ranges  0x000015e0       0xb0 cmd/built-in.o
 .debug_ranges  0x00001690      0x7e8 lib/built-in.o
 .debug_ranges  0x00001e78      0x6c0 disk/built-in.o
 .debug_ranges  0x00002538     0x1d30 drivers/built-in.o
 .debug_ranges  0x00004268      0xfa0 fs/built-in.o
 .debug_ranges  0x00005208       0x40 arch/arm/lib/lib.a(lib1funcs.o)
 .debug_ranges  0x00005248       0x10 arch/arm/lib/lib.a(div0.o)
